Archive member included to satisfy reference by file (symbol)

/opt/devkitpro/libgba/lib/libgba.a(interrupt.o)
                              template.o (irqInit)
/opt/devkitpro/libgba/lib/libgba.a(console.o)
                              template.o (consoleDemoInit)
/opt/devkitpro/libgba/lib/libgba.a(InterruptDispatcher.o)
                              /opt/devkitpro/libgba/lib/libgba.a(interrupt.o) (IntrMain)
/opt/devkitpro/libgba/lib/libgba.a(amiga.fnt.o)
                              /opt/devkitpro/libgba/lib/libgba.a(console.o) (amiga_fnt_size)
/opt/devkitpro/libgba/lib/libgba.a(CpuSet.o)
                              /opt/devkitpro/libgba/lib/libgba.a(console.o) (CpuFastSet)
/opt/devkitpro/devkitARM/bin/../lib/gcc/arm-none-eabi/13.1.0/../../../../arm-none-eabi/lib/thumb/libg.a(libc_a-siscanf.o)
                              /opt/devkitpro/libgba/lib/libgba.a(console.o) (siscanf)
/opt/devkitpro/devkitARM/bin/../lib/gcc/arm-none-eabi/13.1.0/../../../../arm-none-eabi/lib/thumb/libg.a(libc_a-setvbuf.o)
                              /opt/devkitpro/libgba/lib/libgba.a(console.o) (setvbuf)
/opt/devkitpro/devkitARM/bin/../lib/gcc/arm-none-eabi/13.1.0/../../../../arm-none-eabi/lib/thumb/libg.a(libc_a-svfiscanf.o)
                              /opt/devkitpro/devkitARM/bin/../lib/gcc/arm-none-eabi/13.1.0/../../../../arm-none-eabi/lib/thumb/libg.a(libc_a-siscanf.o) (__ssvfiscanf_r)
/opt/devkitpro/devkitARM/bin/../lib/gcc/arm-none-eabi/13.1.0/../../../../arm-none-eabi/lib/thumb/libg.a(libc_a-freer.o)
                              /opt/devkitpro/devkitARM/bin/../lib/gcc/arm-none-eabi/13.1.0/../../../../arm-none-eabi/lib/thumb/libg.a(libc_a-setvbuf.o) (_free_r)
/opt/devkitpro/devkitARM/bin/../lib/gcc/arm-none-eabi/13.1.0/../../../../arm-none-eabi/lib/thumb/libg.a(libc_a-iprintf.o)
                              template.o (iprintf)
/opt/devkitpro/devkitARM/bin/../lib/gcc/arm-none-eabi/13.1.0/../../../../arm-none-eabi/lib/thumb/libg.a(libc_a-malloc.o)
                              /opt/devkitpro/devkitARM/bin/../lib/gcc/arm-none-eabi/13.1.0/../../../../arm-none-eabi/lib/thumb/libg.a(libc_a-setvbuf.o) (malloc)
/opt/devkitpro/devkitARM/bin/../lib/gcc/arm-none-eabi/13.1.0/../../../../arm-none-eabi/lib/thumb/libg.a(libc_a-mallocr.o)
                              /opt/devkitpro/devkitARM/bin/../lib/gcc/arm-none-eabi/13.1.0/../../../../arm-none-eabi/lib/thumb/libg.a(libc_a-malloc.o) (_malloc_r)
/opt/devkitpro/devkitARM/bin/../lib/gcc/arm-none-eabi/13.1.0/../../../../arm-none-eabi/lib/thumb/libg.a(libc_a-memset.o)
                              /opt/devkitpro/devkitARM/bin/../lib/gcc/arm-none-eabi/13.1.0/../../../../arm-none-eabi/lib/thumb/libg.a(libc_a-svfiscanf.o) (memset)
/opt/devkitpro/devkitARM/bin/../lib/gcc/arm-none-eabi/13.1.0/../../../../arm-none-eabi/lib/thumb/libg.a(libc_a-mlock.o)
                              /opt/devkitpro/devkitARM/bin/../lib/gcc/arm-none-eabi/13.1.0/../../../../arm-none-eabi/lib/thumb/libg.a(libc_a-freer.o) (__malloc_lock)
/opt/devkitpro/devkitARM/bin/../lib/gcc/arm-none-eabi/13.1.0/../../../../arm-none-eabi/lib/thumb/libg.a(libc_a-strlen.o)
                              /opt/devkitpro/devkitARM/bin/../lib/gcc/arm-none-eabi/13.1.0/../../../../arm-none-eabi/lib/thumb/libg.a(libc_a-siscanf.o) (strlen)
/opt/devkitpro/devkitARM/bin/../lib/gcc/arm-none-eabi/13.1.0/../../../../arm-none-eabi/lib/thumb/libg.a(libc_a-fflush.o)
                              /opt/devkitpro/devkitARM/bin/../lib/gcc/arm-none-eabi/13.1.0/../../../../arm-none-eabi/lib/thumb/libg.a(libc_a-setvbuf.o) (_fflush_r)
/opt/devkitpro/devkitARM/bin/../lib/gcc/arm-none-eabi/13.1.0/../../../../arm-none-eabi/lib/thumb/libg.a(libc_a-fwalk.o)
                              /opt/devkitpro/devkitARM/bin/../lib/gcc/arm-none-eabi/13.1.0/../../../../arm-none-eabi/lib/thumb/libg.a(libc_a-fflush.o) (_fwalk_sglue)
/opt/devkitpro/devkitARM/bin/../lib/gcc/arm-none-eabi/13.1.0/../../../../arm-none-eabi/lib/thumb/libg.a(libc_a-findfp.o)
                              /opt/devkitpro/devkitARM/bin/../lib/gcc/arm-none-eabi/13.1.0/../../../../arm-none-eabi/lib/thumb/libg.a(libc_a-fflush.o) (__sglue)
/opt/devkitpro/devkitARM/bin/../lib/gcc/arm-none-eabi/13.1.0/../../../../arm-none-eabi/lib/thumb/libg.a(libc_a-strtol.o)
                              /opt/devkitpro/devkitARM/bin/../lib/gcc/arm-none-eabi/13.1.0/../../../../arm-none-eabi/lib/thumb/libg.a(libc_a-svfiscanf.o) (_strtol_r)
/opt/devkitpro/devkitARM/bin/../lib/gcc/arm-none-eabi/13.1.0/../../../../arm-none-eabi/lib/thumb/libg.a(libc_a-realloc.o)
                              /opt/devkitpro/devkitARM/bin/../lib/gcc/arm-none-eabi/13.1.0/../../../../arm-none-eabi/lib/thumb/libg.a(libc_a-svfiscanf.o) (realloc)
/opt/devkitpro/devkitARM/bin/../lib/gcc/arm-none-eabi/13.1.0/../../../../arm-none-eabi/lib/thumb/libg.a(libc_a-strtoul.o)
                              /opt/devkitpro/devkitARM/bin/../lib/gcc/arm-none-eabi/13.1.0/../../../../arm-none-eabi/lib/thumb/libg.a(libc_a-svfiscanf.o) (_strtoul_r)
[...]
Memory Configuration

Name             Origin             Length             Attributes
rom              0x08000000         0x02000000
iwram            0x03000000         0x00008000
ewram            0x02000000         0x00040000
*default*        0x00000000         0xffffffff

Linker script and memory map

                0x08000000                        __text_start = ORIGIN (rom)
                0x02040000                        __eheap_end = (ORIGIN (ewram) + LENGTH (ewram))
                0x03000000                        __iwram_start = ORIGIN (iwram)
                0x03008000                        __iwram_top = (ORIGIN (iwram) + LENGTH (iwram))
                0x03007fa0                        __sp_irq = (__iwram_top - 0x60)
                0x03007f00                        __sp_usr = (__sp_irq - 0xa0)
                0x03007ff8                        __irq_flags = 0x3007ff8
                0x08000000                        . = __text_start

.crt0           0x08000000      0x210
 *(.crt0)
 .crt0          0x08000000      0x210 /opt/devkitpro/devkitARM/bin/../lib/gcc/arm-none-eabi/13.1.0/../../../../arm-none-eabi/lib/thumb/gba_crt0.o
                0x08000000                _start
                0x080000c4                __boot_method
                0x080000c5                __slave_number
                0x080000e0                start_vector
                0x08000210                        . = ALIGN (0x4)

.init           0x08000210        0xc
 *(SORT_NONE(.init))
 .init          0x08000210        0x4 /opt/devkitpro/devkitARM/bin/../lib/gcc/arm-none-eabi/13.1.0/thumb/crti.o
                0x08000210                _init
 .init          0x08000214        0x8 /opt/devkitpro/devkitARM/bin/../lib/gcc/arm-none-eabi/13.1.0/thumb/crtn.o

.plt            0x0800021c        0x0
 *(.plt)
                0x0800021c                        . = ALIGN (0x4)

.text           0x08000220     0x7630
 *(EXCLUDE_FILE(*.iwram*) .text*)
 .text.__do_global_dtors_aux
                0x08000220       0x2c /opt/devkitpro/devkitARM/bin/../lib/gcc/arm-none-eabi/13.1.0/thumb/crtbegin.o
 .text.frame_dummy
                0x0800024c       0x24 /opt/devkitpro/devkitARM/bin/../lib/gcc/arm-none-eabi/13.1.0/thumb/crtbegin.o
 .text.startup  0x08000270       0x20 template.o
                0x08000270                main
 .text          0x08000290      0x3b8 /opt/devkitpro/libgba/lib/libgba.a(interrupt.o)
                0x08000290                dummy
                0x08000294                InitInterrupt
                0x080002f0                irqInit
                0x0800034c                SetInterrupt
                0x08000430                irqSet
                0x08000514                EnableInterrupt
                0x08000560                irqEnable
                0x080005b0                DisableInterrupt
                0x080005fc                irqDisable
 .text          0x08000648      0x5ac /opt/devkitpro/libgba/lib/libgba.a(console.o)
                0x08000648                con_read
                0x08000650                con_close
                0x08000658                con_open
                0x08000668                con_write
                0x080008b0                consoleCls
                0x080008e0                upcvt_4bit
                0x08000934                consoleInit
                0x08000a30                consoleDemoInit
                0x08000b30                consolePrintChar
 .text          0x08000bf4        0x8 /opt/devkitpro/libgba/lib/libgba.a(CpuSet.o)
                0x08000bf4                CpuSet
                0x08000bf8                CpuFastSet
 .text.siscanf  0x08000bfc       0x4c /opt/devkitpro/devkitARM/bin/../lib/gcc/arm-none-eabi/13.1.0/../../../../arm-none-eabi/lib/thumb/libg.a(libc_a-siscanf.o)
                0x08000bfc                siscanf
 .text.setvbuf  0x08000c48      0x1a4 /opt/devkitpro/devkitARM/bin/../lib/gcc/arm-none-eabi/13.1.0/../../../../arm-none-eabi/lib/thumb/libg.a(libc_a-setvbuf.o)
                0x08000c48                setvbuf
 .text.get_arg  0x08000dec       0x3e /opt/devkitpro/devkitARM/bin/../lib/gcc/arm-none-eabi/13.1.0/../../../../arm-none-eabi/lib/thumb/libg.a(libc_a-svfiscanf.o)
 .text._sungetc_r
                0x08000e2a       0x7e /opt/devkitpro/devkitARM/bin/../lib/gcc/arm-none-eabi/13.1.0/../../../../arm-none-eabi/lib/thumb/libg.a(libc_a-svfiscanf.o)
                0x08000e2a                _sungetc_r
 .text.__ssrefill_r
                0x08000ea8       0x42 /opt/devkitpro/devkitARM/bin/../lib/gcc/arm-none-eabi/13.1.0/../../../../arm-none-eabi/lib/thumb/libg.a(libc_a-svfiscanf.o)
                0x08000ea8                __ssrefill_r
 .text._sfread_r
                0x08000eea       0x88 /opt/devkitpro/devkitARM/bin/../lib/gcc/arm-none-eabi/13.1.0/../../../../arm-none-eabi/lib/thumb/libg.a(libc_a-svfiscanf.o)
                0x08000eea                _sfread_r
 *fill*         0x08000f72        0x2 ff
 .text.__ssvfiscanf_r
                0x08000f74     0x1ac4 /opt/devkitpro/devkitARM/bin/../lib/gcc/arm-none-eabi/13.1.0/../../../../arm-none-eabi/lib/thumb/libg.a(libc_a-svfiscanf.o)
                0x08000f74                __ssvfiscanf_r
 .text._malloc_trim_r
                0x08002a38       0xac /opt/devkitpro/devkitARM/bin/../lib/gcc/arm-none-eabi/13.1.0/../../../../arm-none-eabi/lib/thumb/libg.a(libc_a-freer.o)
                0x08002a38                _malloc_trim_r
 .text._free_r  0x08002ae4      0x1d8 /opt/devkitpro/devkitARM/bin/../lib/gcc/arm-none-eabi/13.1.0/../../../../arm-none-eabi/lib/thumb/libg.a(libc_a-freer.o)
                0x08002ae4                _free_r
 .text.iprintf  0x08002cbc       0x24 /opt/devkitpro/devkitARM/bin/../lib/gcc/arm-none-eabi/13.1.0/../../../../arm-none-eabi/lib/thumb/libg.a(libc_a-iprintf.o)
                0x08002cbc                iprintf
 .text.malloc   0x08002ce0       0x14 /opt/devkitpro/devkitARM/bin/../lib/gcc/arm-none-eabi/13.1.0/../../../../arm-none-eabi/lib/thumb/libg.a(libc_a-malloc.o)
                0x08002ce0                malloc
 .text.free     0x08002cf4       0x14 /opt/devkitpro/devkitARM/bin/../lib/gcc/arm-none-eabi/13.1.0/../../../../arm-none-eabi/lib/thumb/libg.a(libc_a-malloc.o)
                0x08002cf4                free
 .text._malloc_r
                0x08002d08      0x558 /opt/devkitpro/devkitARM/bin/../lib/gcc/arm-none-eabi/13.1.0/../../../../arm-none-eabi/lib/thumb/libg.a(libc_a-mallocr.o)
                0x08002d08                _malloc_r
 .text.memset   0x08003260       0xb0 /opt/devkitpro/devkitARM/bin/../lib/gcc/arm-none-eabi/13.1.0/../../../../arm-none-eabi/lib/thumb/libg.a(libc_a-memset.o)
                0x08003260                memset
 .text.__malloc_lock
                0x08003310       0x14 /opt/devkitpro/devkitARM/bin/../lib/gcc/arm-none-eabi/13.1.0/../../../../arm-none-eabi/lib/thumb/libg.a(libc_a-mlock.o)
                0x08003310                __malloc_lock
 .text.__malloc_unlock
                0x08003324       0x14 /opt/devkitpro/devkitARM/bin/../lib/gcc/arm-none-eabi/13.1.0/../../../../arm-none-eabi/lib/thumb/libg.a(libc_a-mlock.o)
                0x08003324                __malloc_unlock
 .text.strlen   0x08003338       0x60 /opt/devkitpro/devkitARM/bin/../lib/gcc/arm-none-eabi/13.1.0/../../../../arm-none-eabi/lib/thumb/libg.a(libc_a-strlen.o)
                0x08003338                strlen
 .text.__sflush_r
                0x08003398      0x188 /opt/devkitpro/devkitARM/bin/../lib/gcc/arm-none-eabi/13.1.0/../../../../arm-none-eabi/lib/thumb/libg.a(libc_a-fflush.o)
                0x08003398                __sflush_r
 .text._fflush_r
                0x08003520       0x70 /opt/devkitpro/devkitARM/bin/../lib/gcc/arm-none-eabi/13.1.0/../../../../arm-none-eabi/lib/thumb/libg.a(libc_a-fflush.o)
                0x08003520                _fflush_r
 .text._fwalk_sglue
                0x08003590       0x4c /opt/devkitpro/devkitARM/bin/../lib/gcc/arm-none-eabi/13.1.0/../../../../arm-none-eabi/lib/thumb/libg.a(libc_a-fwalk.o)
                0x08003590                _fwalk_sglue
 .text.stdio_exit_handler
                0x080035dc       0x20 /opt/devkitpro/devkitARM/bin/../lib/gcc/arm-none-eabi/13.1.0/../../../../arm-none-eabi/lib/thumb/libg.a(libc_a-findfp.o)
 .text.cleanup_stdio
                0x080035fc       0x40 /opt/devkitpro/devkitARM/bin/../lib/gcc/arm-none-eabi/13.1.0/../../../../arm-none-eabi/lib/thumb/libg.a(libc_a-findfp.o)
 .text.global_stdio_init.part.0
                0x0800363c      0x128 /opt/devkitpro/devkitARM/bin/../lib/gcc/arm-none-eabi/13.1.0/../../../../arm-none-eabi/lib/thumb/libg.a(libc_a-findfp.o)
 .text.__sinit  0x08003764       0x3c /opt/devkitpro/devkitARM/bin/../lib/gcc/arm-none-eabi/13.1.0/../../../../arm-none-eabi/lib/thumb/libg.a(libc_a-findfp.o)
                0x08003764                __sinit
 .text.__sfp_lock_acquire
                0x080037a0       0x14 /opt/devkitpro/devkitARM/bin/../lib/gcc/arm-none-eabi/13.1.0/../../../../arm-none-eabi/lib/thumb/libg.a(libc_a-findfp.o)
                0x080037a0                __sfp_lock_acquire
 .text.__sfp_lock_release
                0x080037b4       0x14 /opt/devkitpro/devkitARM/bin/../lib/gcc/arm-none-eabi/13.1.0/../../../../arm-none-eabi/lib/thumb/libg.a(libc_a-findfp.o)
                0x080037b4                __sfp_lock_release
 .text._strtol_l.part.0
                0x080037c8      0x13c /opt/devkitpro/devkitARM/bin/../lib/gcc/arm-none-eabi/13.1.0/../../../../arm-none-eabi/lib/thumb/libg.a(libc_a-strtol.o)
 .text._strtol_r
                0x08003904       0x34 /opt/devkitpro/devkitARM/bin/../lib/gcc/arm-none-eabi/13.1.0/../../../../arm-none-eabi/lib/thumb/libg.a(libc_a-strtol.o)
                0x08003904                _strtol_r
 .text.realloc  0x08003938       0x18 /opt/devkitpro/devkitARM/bin/../lib/gcc/arm-none-eabi/13.1.0/../../../../arm-none-eabi/lib/thumb/libg.a(libc_a-realloc.o)
                0x08003938                realloc
 .text._strtoul_l.isra.0
                0x08003950      0x144 /opt/devkitpro/devkitARM/bin/../lib/gcc/arm-none-eabi/13.1.0/../../../../arm-none-eabi/lib/thumb/libg.a(libc_a-strtoul.o)
 .text._strtoul_r
                0x08003a94       0x20 /opt/devkitpro/devkitARM/bin/../lib/gcc/arm-none-eabi/13.1.0/../../../../arm-none-eabi/lib/thumb/libg.a(libc_a-strtoul.o)
                0x08003a94                _strtoul_r
 .text.__locale_mb_cur_max
                0x08003ab4       0x20 /opt/devkitpro/devkitARM/bin/../lib/gcc/arm-none-eabi/13.1.0/../../../../arm-none-eabi/lib/thumb/libg.a(libc_a-locale.o)
                0x08003ab4                __locale_mb_cur_max
 .text.__utf8_wctomb
                0x08003ad4       0xb4 /opt/devkitpro/devkitARM/bin/../lib/gcc/arm-none-eabi/13.1.0/../../../../arm-none-eabi/lib/thumb/libg.a(libc_a-wctomb_r.o)
                0x08003ad4                __utf8_wctomb
 .text.memcpy   0x08003b88       0x90 /opt/devkitpro/devkitARM/bin/../lib/gcc/arm-none-eabi/13.1.0/../../../../arm-none-eabi/lib/thumb/libg.a(libc_a-memcpy-stub.o)
                0x08003b88                memcpy
 .text.__libc_init_array
                0x08003c18       0x54 /opt/devkitpro/devkitARM/bin/../lib/gcc/arm-none-eabi/13.1.0/../../../../arm-none-eabi/lib/thumb/libg.a(libc_a-init.o)
                0x08003c18                __libc_init_array
 .text.__errno  0x08003c6c        0xc /opt/devkitpro/devkitARM/bin/../lib/gcc/arm-none-eabi/13.1.0/../../../../arm-none-eabi/lib/thumb/libg.a(libc_a-errno.o)
                0x08003c6c                __errno
 .text._strtoll_l.isra.0
                0x08003c78      0x19c /opt/devkitpro/devkitARM/bin/../lib/gcc/arm-none-eabi/13.1.0/../../../../arm-none-eabi/lib/thumb/libg.a(libc_a-strtoll.o)
 .text._strtoll_r
                0x08003e14       0x20 /opt/devkitpro/devkitARM/bin/../lib/gcc/arm-none-eabi/13.1.0/../../../../arm-none-eabi/lib/thumb/libg.a(libc_a-strtoll.o)
                0x08003e14                _strtoll_r
 .text._strtoull_l.isra.0
                0x08003e34      0x1c4 /opt/devkitpro/devkitARM/bin/../lib/gcc/arm-none-eabi/13.1.0/../../../../arm-none-eabi/lib/thumb/libg.a(libc_a-strtoull.o)
 .text._strtoull_r
                0x08003ff8       0x20 /opt/devkitpro/devkitARM/bin/../lib/gcc/arm-none-eabi/13.1.0/../../../../arm-none-eabi/lib/thumb/libg.a(libc_a-strtoull.o)
                0x08003ff8                _strtoull_r
 .text.iswspace
                0x08004018       0x10 /opt/devkitpro/devkitARM/bin/../lib/gcc/arm-none-eabi/13.1.0/../../../../arm-none-eabi/lib/thumb/libg.a(libc_a-iswspace.o)
                0x08004018                iswspace
 .text._mbrtowc_r
                0x08004028       0x90 /opt/devkitpro/devkitARM/bin/../lib/gcc/arm-none-eabi/13.1.0/../../../../arm-none-eabi/lib/thumb/libg.a(libc_a-mbrtowc.o)
                0x08004028                _mbrtowc_r
 .text.__smakebuf_r
                0x080040b8       0xe8 /opt/devkitpro/devkitARM/bin/../lib/gcc/arm-none-eabi/13.1.0/../../../../arm-none-eabi/lib/thumb/libg.a(libc_a-makebuf.o)
                0x080040b8                __smakebuf_r
 .text.__swhatbuf_r
                0x080041a0       0x5c /opt/devkitpro/devkitARM/bin/../lib/gcc/arm-none-eabi/13.1.0/../../../../arm-none-eabi/lib/thumb/libg.a(libc_a-makebuf.o)
                0x080041a0                __swhatbuf_r
 .text.iswspace_l
                0x080041fc       0x28 /opt/devkitpro/devkitARM/bin/../lib/gcc/arm-none-eabi/13.1.0/../../../../arm-none-eabi/lib/thumb/libg.a(libc_a-iswspace_l.o)
                0x080041fc                iswspace_l
 .text.__sccl   0x08004224       0xa0 /opt/devkitpro/devkitARM/bin/../lib/gcc/arm-none-eabi/13.1.0/../../../../arm-none-eabi/lib/thumb/libg.a(libc_a-sccl.o)
                0x08004224                __sccl
 .text.__submore
                0x080042c4       0x88 /opt/devkitpro/devkitARM/bin/../lib/gcc/arm-none-eabi/13.1.0/../../../../arm-none-eabi/lib/thumb/libg.a(libc_a-ungetc.o)
                0x080042c4                __submore
 .text.__sread  0x0800434c       0x34 /opt/devkitpro/devkitARM/bin/../lib/gcc/arm-none-eabi/13.1.0/../../../../arm-none-eabi/lib/thumb/libg.a(libc_a-stdio.o)
                0x0800434c                __sread
 .text.__seofread
                0x08004380        0x4 /opt/devkitpro/devkitARM/bin/../lib/gcc/arm-none-eabi/13.1.0/../../../../arm-none-eabi/lib/thumb/libg.a(libc_a-stdio.o)
                0x08004380                __seofread
 .text.__swrite
                0x08004384       0x4c /opt/devkitpro/devkitARM/bin/../lib/gcc/arm-none-eabi/13.1.0/../../../../arm-none-eabi/lib/thumb/libg.a(libc_a-stdio.o)
                0x08004384                __swrite
 .text.__sseek  0x080043d0       0x44 /opt/devkitpro/devkitARM/bin/../lib/gcc/arm-none-eabi/13.1.0/../../../../arm-none-eabi/lib/thumb/libg.a(libc_a-stdio.o)
                0x080043d0                __sseek
 .text.__sclose
                0x08004414       0x10 /opt/devkitpro/devkitARM/bin/../lib/gcc/arm-none-eabi/13.1.0/../../../../arm-none-eabi/lib/thumb/libg.a(libc_a-stdio.o)
                0x08004414                __sclose
 .text.category
                0x08004424       0x58 /opt/devkitpro/devkitARM/bin/../lib/gcc/arm-none-eabi/13.1.0/../../../../arm-none-eabi/lib/thumb/libg.a(libc_a-categories.o)
                0x08004424                category
 .text.get_arg  0x0800447c      0x434 /opt/devkitpro/devkitARM/bin/../lib/gcc/arm-none-eabi/13.1.0/../../../../arm-none-eabi/lib/thumb/libg.a(libc_a-vfiprintf.o)
 .text.__sprint_r
                0x080048b0       0x24 /opt/devkitpro/devkitARM/bin/../lib/gcc/arm-none-eabi/13.1.0/../../../../arm-none-eabi/lib/thumb/libg.a(libc_a-vfiprintf.o)
                0x080048b0                __sprint_r
 .text._vfiprintf_r
                0x080048d4     0x17cc /opt/devkitpro/devkitARM/bin/../lib/gcc/arm-none-eabi/13.1.0/../../../../arm-none-eabi/lib/thumb/libg.a(libc_a-vfiprintf.o)
                0x080048d4                _vfiprintf_r
 .text.__sbprintf
                0x080060a0       0x7c /opt/devkitpro/devkitARM/bin/../lib/gcc/arm-none-eabi/13.1.0/../../../../arm-none-eabi/lib/thumb/libg.a(libc_a-vfiprintf.o)
 .text.__swsetup_r
                0x0800611c       0xcc /opt/devkitpro/devkitARM/bin/../lib/gcc/arm-none-eabi/13.1.0/../../../../arm-none-eabi/lib/thumb/libg.a(libc_a-wsetup.o)
                0x0800611c                __swsetup_r
 .text._fclose_r
                0x080061e8       0xd8 /opt/devkitpro/devkitARM/bin/../lib/gcc/arm-none-eabi/13.1.0/../../../../arm-none-eabi/lib/thumb/libg.a(libc_a-fclose.o)
                0x080061e8                _fclose_r
 .text.memmove  0x080062c0       0xbc /opt/devkitpro/devkitARM/bin/../lib/gcc/arm-none-eabi/13.1.0/../../../../arm-none-eabi/lib/thumb/libg.a(libc_a-memmove.o)
                0x080062c0                memmove
 .text.__sfvwrite_r
                0x0800637c      0x330 /opt/devkitpro/devkitARM/bin/../lib/gcc/arm-none-eabi/13.1.0/../../../../arm-none-eabi/lib/thumb/libg.a(libc_a-fvwrite.o)
                0x0800637c                __sfvwrite_r
 .text._realloc_r
                0x080066ac      0x384 /opt/devkitpro/devkitARM/bin/../lib/gcc/arm-none-eabi/13.1.0/../../../../arm-none-eabi/lib/thumb/libg.a(libc_a-reallocr.o)
                0x080066ac                _realloc_r
 .text.strncpy  0x08006a30       0x68 /opt/devkitpro/devkitARM/bin/../lib/gcc/arm-none-eabi/13.1.0/../../../../arm-none-eabi/lib/thumb/libg.a(libc_a-strncpy.o)
                0x08006a30                strncpy
 .text.__utf8_mbtowc
                0x08006a98      0x27c /opt/devkitpro/devkitARM/bin/../lib/gcc/arm-none-eabi/13.1.0/../../../../arm-none-eabi/lib/thumb/libg.a(libc_a-mbtowc_r.o)
                0x08006a98                __utf8_mbtowc
 .text._localeconv_r
                0x08006d14       0x1c /opt/devkitpro/devkitARM/bin/../lib/gcc/arm-none-eabi/13.1.0/../../../../arm-none-eabi/lib/thumb/libg.a(libc_a-localeconv.o)
                0x08006d14                _localeconv_r
 .text.memchr   0x08006d30       0x78 /opt/devkitpro/devkitARM/bin/../lib/gcc/arm-none-eabi/13.1.0/../../../../arm-none-eabi/lib/thumb/libg.a(libc_a-memchr-stub.o)
                0x08006d30                memchr
 .text._wcrtomb_r
                0x08006da8       0x84 /opt/devkitpro/devkitARM/bin/../lib/gcc/arm-none-eabi/13.1.0/../../../../arm-none-eabi/lib/thumb/libg.a(libc_a-wcrtomb.o)
                0x08006da8                _wcrtomb_r
 .text._wcsrtombs_r
                0x08006e2c       0x1c /opt/devkitpro/devkitARM/bin/../lib/gcc/arm-none-eabi/13.1.0/../../../../arm-none-eabi/lib/thumb/libg.a(libc_a-wcsrtombs.o)
                0x08006e2c                _wcsrtombs_r
 .text._wcsnrtombs_l
                0x08006e48      0x11c /opt/devkitpro/devkitARM/bin/../lib/gcc/arm-none-eabi/13.1.0/../../../../arm-none-eabi/lib/thumb/libg.a(libc_a-wcsnrtombs.o)
                0x08006e48                _wcsnrtombs_l
 .text._wcsnrtombs_r
                0x08006f64       0x40 /opt/devkitpro/devkitARM/bin/../lib/gcc/arm-none-eabi/13.1.0/../../../../arm-none-eabi/lib/thumb/libg.a(libc_a-wcsnrtombs.o)
                0x08006f64                _wcsnrtombs_r
 .text._fstat_r
                0x08006fa4       0x4c /opt/devkitpro/devkitARM/bin/../lib/gcc/arm-none-eabi/13.1.0/../../../../arm-none-eabi/lib/thumb/libsysbase.a(libsysbase_libsysbase_a-fstat.o)
                0x08006fa4                _fstat_r
 .text.__getreent
                0x08006ff0       0x20 /opt/devkitpro/devkitARM/bin/../lib/gcc/arm-none-eabi/13.1.0/../../../../arm-none-eabi/lib/thumb/libsysbase.a(libsysbase_libsysbase_a-getreent.o)
                0x08006ff0                __getreent
 .text.__get_handle
                0x08007010       0x34 /opt/devkitpro/devkitARM/bin/../lib/gcc/arm-none-eabi/13.1.0/../../../../arm-none-eabi/lib/thumb/libsysbase.a(libsysbase_libsysbase_a-handle_manager.o)
                0x08007010                __get_handle
 .text._close_r
                0x08007044       0xb8 /opt/devkitpro/devkitARM/bin/../lib/gcc/arm-none-eabi/13.1.0/../../../../arm-none-eabi/lib/thumb/libsysbase.a(libsysbase_libsysbase_a-handle_manager.o)
                0x08007044                _close_r
 .text.null_write
                0x080070fc        0x4 /opt/devkitpro/devkitARM/bin/../lib/gcc/arm-none-eabi/13.1.0/../../../../arm-none-eabi/lib/thumb/libsysbase.a(libsysbase_libsysbase_a-iosupport.o)
 .text._isatty_r
                0x08007100        0x4 /opt/devkitpro/devkitARM/bin/../lib/gcc/arm-none-eabi/13.1.0/../../../../arm-none-eabi/lib/thumb/libsysbase.a(libsysbase_libsysbase_a-isatty.o)
                0x08007100                _isatty_r
 .text._lseek_r
                0x08007104       0x5c /opt/devkitpro/devkitARM/bin/../lib/gcc/arm-none-eabi/13.1.0/../../../../arm-none-eabi/lib/thumb/libsysbase.a(libsysbase_libsysbase_a-lseek.o)
                0x08007104                _lseek_r
 .text._read_r  0x08007160       0x50 /opt/devkitpro/devkitARM/bin/../lib/gcc/arm-none-eabi/13.1.0/../../../../arm-none-eabi/lib/thumb/libsysbase.a(libsysbase_libsysbase_a-read.o)
                0x08007160                _read_r
 .text._sbrk_r  0x080071b0       0x54 /opt/devkitpro/devkitARM/bin/../lib/gcc/arm-none-eabi/13.1.0/../../../../arm-none-eabi/lib/thumb/libsysbase.a(libsysbase_libsysbase_a-sbrk.o)
                0x080071b0                _sbrk_r
 .text.__libc_lock_acquire
                0x08007204       0x18 /opt/devkitpro/devkitARM/bin/../lib/gcc/arm-none-eabi/13.1.0/../../../../arm-none-eabi/lib/thumb/libsysbase.a(libsysbase_libsysbase_a-syscall_support.o)
                0x08007204                __libc_lock_acquire
 .text.__libc_lock_release
                0x0800721c       0x18 /opt/devkitpro/devkitARM/bin/../lib/gcc/arm-none-eabi/13.1.0/../../../../arm-none-eabi/lib/thumb/libsysbase.a(libsysbase_libsysbase_a-syscall_support.o)
                0x0800721c                __libc_lock_release
 .text.__libc_lock_acquire_recursive
                0x08007234       0x18 /opt/devkitpro/devkitARM/bin/../lib/gcc/arm-none-eabi/13.1.0/../../../../arm-none-eabi/lib/thumb/libsysbase.a(libsysbase_libsysbase_a-syscall_support.o)
                0x08007234                __libc_lock_acquire_recursive
 .text.__libc_lock_release_recursive
                0x0800724c       0x18 /opt/devkitpro/devkitARM/bin/../lib/gcc/arm-none-eabi/13.1.0/../../../../arm-none-eabi/lib/thumb/libsysbase.a(libsysbase_libsysbase_a-syscall_support.o)
                0x0800724c                __libc_lock_release_recursive
 .text._write_r
                0x08007264       0x50 /opt/devkitpro/devkitARM/bin/../lib/gcc/arm-none-eabi/13.1.0/../../../../arm-none-eabi/lib/thumb/libsysbase.a(libsysbase_libsysbase_a-write.o)
                0x08007264                _write_r
 .text          0x080072b4       0x14 /opt/devkitpro/devkitARM/bin/../lib/gcc/arm-none-eabi/13.1.0/thumb/libgcc.a(_thumb1_case_uqi.o)
                0x080072b4                __gnu_thumb1_case_uqi
 .text          0x080072c8       0x14 /opt/devkitpro/devkitARM/bin/../lib/gcc/arm-none-eabi/13.1.0/thumb/libgcc.a(_thumb1_case_uhi.o)
                0x080072c8                __gnu_thumb1_case_uhi
 .text          0x080072dc      0x11c /opt/devkitpro/devkitARM/bin/../lib/gcc/arm-none-eabi/13.1.0/thumb/libgcc.a(_udivsi3.o)
                0x080072dc                __udivsi3
                0x080072dc                __aeabi_uidiv
                0x080073d8                __aeabi_uidivmod
 .text          0x080073f8      0x150 /opt/devkitpro/devkitARM/bin/../lib/gcc/arm-none-eabi/13.1.0/thumb/libgcc.a(_divsi3.o)
                0x080073f8                __aeabi_idiv
                0x080073f8                __divsi3
                0x08007528                __aeabi_idivmod
 .text          0x08007548        0x4 /opt/devkitpro/devkitARM/bin/../lib/gcc/arm-none-eabi/13.1.0/thumb/libgcc.a(_dvmd_tls.o)
                0x08007548                __aeabi_ldiv0
                0x08007548                __aeabi_idiv0
 .text          0x0800754c       0x3c /opt/devkitpro/devkitARM/bin/../lib/gcc/arm-none-eabi/13.1.0/thumb/libgcc.a(_aeabi_uldivmod.o)
                0x0800754c                __aeabi_uldivmod
 .text.__muldi3
                0x08007588       0x64 /opt/devkitpro/devkitARM/bin/../lib/gcc/arm-none-eabi/13.1.0/thumb/libgcc.a(_muldi3.o)
                0x08007588                __aeabi_lmul
                0x08007588                __muldi3
 .text.__udivmoddi4
                0x080075ec      0x19c /opt/devkitpro/devkitARM/bin/../lib/gcc/arm-none-eabi/13.1.0/thumb/libgcc.a(_udivmoddi4.o)
                0x080075ec                __udivmoddi4
 .text          0x08007788       0x28 /opt/devkitpro/devkitARM/bin/../lib/gcc/arm-none-eabi/13.1.0/thumb/libgcc.a(_clzdi2.o)
                0x08007788                __clzdi2
 .text          0x080077b0       0x48 /opt/devkitpro/devkitARM/bin/../lib/gcc/arm-none-eabi/13.1.0/thumb/libgcc.a(_clzsi2.o)
                0x080077b0                __clzsi2
 .text.__stub   0x080077f8       0x4c linker stubs
 *(.gnu.linkonce.t.*)
 *(.text.*personality*)
 *(.gnu.warning)
 *(.glue_7t)
 .glue_7t       0x08007850        0x0 linker stubs
 *(.glue_7)
 .glue_7        0x08007850        0x0 linker stubs
 *(.vfp11_veneer)
 .vfp11_veneer  0x08007850        0x0 linker stubs
                0x08007850                        . = ALIGN (0x4)
                0x08007850                        __text_end = .

.v4_bx          0x08007850        0x0
 .v4_bx         0x08007850        0x0 linker stubs

.iplt           0x08007850        0x0
 .iplt          0x08007850        0x0 /opt/devkitpro/devkitARM/bin/../lib/gcc/arm-none-eabi/13.1.0/../../../../arm-none-eabi/lib/thumb/gba_crt0.o

.fini           0x08007850        0xc
 *(.fini)
 .fini          0x08007850        0x4 /opt/devkitpro/devkitARM/bin/../lib/gcc/arm-none-eabi/13.1.0/thumb/crti.o
                0x08007850                _fini
 .fini          0x08007854        0x8 /opt/devkitpro/devkitARM/bin/../lib/gcc/arm-none-eabi/13.1.0/thumb/crtn.o
                0x0800785c                        . = ALIGN (0x4)

.rodata         0x0800785c     0x4340
 *(.rodata)
 .rodata        0x0800785c      0x1b4 /opt/devkitpro/libgba/lib/libgba.a(console.o)
                0x08007930                dotab_stdout
                0x080079a0                dotab_stderr
 .rodata        0x08007a10      0x804 /opt/devkitpro/libgba/lib/libgba.a(amiga.fnt.o)
                0x08007a10                amiga_fnt
                0x08008210                amiga_fnt_end
                0x08008210                amiga_fnt_size
 *all.rodata*(*)
 *(.roda)
 *(.rodata.*)
 .rodata.str1.4
                0x08008214       0x16 template.o
 *fill*         0x0800822a        0x2 ff
 .rodata.str1.4
                0x0800822c       0x2c /opt/devkitpro/libgba/lib/libgba.a(console.o)
 .rodata.basefix.0
                0x08008258       0x22 /opt/devkitpro/devkitARM/bin/../lib/gcc/arm-none-eabi/13.1.0/../../../../arm-none-eabi/lib/thumb/libg.a(libc_a-svfiscanf.o)
 *fill*         0x0800827a        0x2 ff
 .rodata.str1.4
                0x0800827c       0x48 /opt/devkitpro/devkitARM/bin/../lib/gcc/arm-none-eabi/13.1.0/../../../../arm-none-eabi/lib/thumb/libg.a(libc_a-locale.o)
                                 0x4c (size before relaxing)
 .rodata._mbrtowc_r.str1.4
                0x080082c4        0x1 /opt/devkitpro/devkitARM/bin/../lib/gcc/arm-none-eabi/13.1.0/../../../../arm-none-eabi/lib/thumb/libg.a(libc_a-mbrtowc.o)
 .rodata._ctype_
                0x080082c4      0x101 /opt/devkitpro/devkitARM/bin/../lib/gcc/arm-none-eabi/13.1.0/../../../../arm-none-eabi/lib/thumb/libg.a(libc_a-ctype_.o)
                0x080082c4                _ctype_
 *fill*         0x080083c5        0x3 ff
 .rodata.categories
                0x080083c8     0x3528 /opt/devkitpro/devkitARM/bin/../lib/gcc/arm-none-eabi/13.1.0/../../../../arm-none-eabi/lib/thumb/libg.a(libc_a-categories.o)
 .rodata._vfiprintf_r.str1.1
                0x0800b8f0       0x29 /opt/devkitpro/devkitARM/bin/../lib/gcc/arm-none-eabi/13.1.0/../../../../arm-none-eabi/lib/thumb/libg.a(libc_a-vfiprintf.o)
 *fill*         0x0800b919        0x3 ff
 .rodata.zeroes.0
                0x0800b91c       0x10 /opt/devkitpro/devkitARM/bin/../lib/gcc/arm-none-eabi/13.1.0/../../../../arm-none-eabi/lib/thumb/libg.a(libc_a-vfiprintf.o)
 .rodata.blanks.1
                0x0800b92c       0x10 /opt/devkitpro/devkitARM/bin/../lib/gcc/arm-none-eabi/13.1.0/../../../../arm-none-eabi/lib/thumb/libg.a(libc_a-vfiprintf.o)
 .rodata.__action_table
                0x0800b93c       0x6c /opt/devkitpro/devkitARM/bin/../lib/gcc/arm-none-eabi/13.1.0/../../../../arm-none-eabi/lib/thumb/libg.a(libc_a-svfiprintf.o)
                0x0800b93c                __action_table
 .rodata.__state_table
                0x0800b9a8       0x6c /opt/devkitpro/devkitARM/bin/../lib/gcc/arm-none-eabi/13.1.0/../../../../arm-none-eabi/lib/thumb/libg.a(libc_a-svfiprintf.o)
                0x0800b9a8                __state_table
 .rodata.__chclass
                0x0800ba14      0x100 /opt/devkitpro/devkitARM/bin/../lib/gcc/arm-none-eabi/13.1.0/../../../../arm-none-eabi/lib/thumb/libg.a(libc_a-svfiprintf.o)
                0x0800ba14                __chclass
 .rodata.AddDevice.str1.4
                0x0800bb14        0x8 /opt/devkitpro/devkitARM/bin/../lib/gcc/arm-none-eabi/13.1.0/../../../../arm-none-eabi/lib/thumb/libsysbase.a(libsysbase_libsysbase_a-iosupport.o)
 .rodata.dotab_stdnull
                0x0800bb1c       0x80 /opt/devkitpro/devkitARM/bin/../lib/gcc/arm-none-eabi/13.1.0/../../../../arm-none-eabi/lib/thumb/libsysbase.a(libsysbase_libsysbase_a-iosupport.o)
                0x0800bb1c                dotab_stdnull
 *(.gnu.linkonce.r*)
                0x0800bb9c                        . = ALIGN (0x4)

.ARM.extab
 *(.ARM.extab* .gnu.linkonce.armextab.*)
                0x0800bb9c                        __exidx_start = .

.ARM.exidx
 *(.ARM.exidx* .gnu.linkonce.armexidx.*)
                0x0800bb9c                        __exidx_end = .

.ctors          0x0800bb9c        0x0
 *crtbegin.o(.ctors)
 *(EXCLUDE_FILE(*crtend.o) .ctors)
 *(SORT_BY_NAME(.ctors.*))
 *(.ctors)
                0x0800bb9c                        . = ALIGN (0x4)

.dtors          0x0800bb9c        0x0
 *crtbegin.o(.dtors)
 *(EXCLUDE_FILE(*crtend.o) .dtors)
 *(SORT_BY_NAME(.dtors.*))
 *(.dtors)
                0x0800bb9c                        . = ALIGN (0x4)

.eh_frame       0x0800bb9c        0x4
 *(.eh_frame)
 .eh_frame      0x0800bb9c        0x0 /opt/devkitpro/devkitARM/bin/../lib/gcc/arm-none-eabi/13.1.0/thumb/crtbegin.o
 .eh_frame      0x0800bb9c        0x4 /opt/devkitpro/devkitARM/bin/../lib/gcc/arm-none-eabi/13.1.0/thumb/crtend.o
                0x0800bba0                        . = ALIGN (0x4)

.gcc_except_table
                0x0800bba0        0x0
 *(.gcc_except_table)
                0x0800bba0                        . = ALIGN (0x4)
                0x0800bba0                        __iwram_lma = .

.iwram          0x03000000       0xb8 load address 0x0800bba0
                0x03000000                        __iwram_start__ = ABSOLUTE (.)
 *(.iwram .iwram*)
 .iwram         0x03000000       0xb8 /opt/devkitpro/libgba/lib/libgba.a(InterruptDispatcher.o)
                0x03000000                IntrMain
 *iwram.*(.text* .data*)
                0x030000b8                        . = ALIGN (0x4)
                0x030000b8                        __iwram_end__ = ABSOLUTE (.)
                0x0800bc58                        __data_lma = (__iwram_lma + SIZEOF (.iwram))

.bss            0x030000b8      0x27c
                0x030000b8                        __bss_start = ABSOLUTE (.)
                0x030000b8                        __bss_start__ = ABSOLUTE (.)
 *(.dynbss)
 *(.gnu.linkonce.b*)
 *(.bss*)
 .bss.completed.1
                0x030000b8        0x1 /opt/devkitpro/devkitARM/bin/../lib/gcc/arm-none-eabi/13.1.0/thumb/crtbegin.o
 *fill*         0x030000b9        0x3 
 .bss.object.0  0x030000bc       0x18 /opt/devkitpro/devkitARM/bin/../lib/gcc/arm-none-eabi/13.1.0/thumb/crtbegin.o
 .bss           0x030000d4       0x1c /opt/devkitpro/libgba/lib/libgba.a(console.o)
 .bss.__malloc_current_mallinfo
                0x030000f0       0x28 /opt/devkitpro/devkitARM/bin/../lib/gcc/arm-none-eabi/13.1.0/../../../../arm-none-eabi/lib/thumb/libg.a(libc_a-mallocr.o)
                0x030000f0                __malloc_current_mallinfo
 .bss.__malloc_max_total_mem
                0x03000118        0x4 /opt/devkitpro/devkitARM/bin/../lib/gcc/arm-none-eabi/13.1.0/../../../../arm-none-eabi/lib/thumb/libg.a(libc_a-mallocr.o)
                0x03000118                __malloc_max_total_mem
 .bss.__malloc_max_sbrked_mem
                0x0300011c        0x4 /opt/devkitpro/devkitARM/bin/../lib/gcc/arm-none-eabi/13.1.0/../../../../arm-none-eabi/lib/thumb/libg.a(libc_a-mallocr.o)
                0x0300011c                __malloc_max_sbrked_mem
 .bss.__malloc_top_pad
                0x03000120        0x4 /opt/devkitpro/devkitARM/bin/../lib/gcc/arm-none-eabi/13.1.0/../../../../arm-none-eabi/lib/thumb/libg.a(libc_a-mallocr.o)
                0x03000120                __malloc_top_pad
 .bss.__malloc_recursive_mutex
                0x03000124        0xc /opt/devkitpro/devkitARM/bin/../lib/gcc/arm-none-eabi/13.1.0/../../../../arm-none-eabi/lib/thumb/libg.a(libc_a-mlock.o)
 .bss.__sfp_recursive_mutex
                0x03000130        0xc /opt/devkitpro/devkitARM/bin/../lib/gcc/arm-none-eabi/13.1.0/../../../../arm-none-eabi/lib/thumb/libg.a(libc_a-findfp.o)
 *fill*         0x0300013c        0x4 
 .bss.__sf      0x03000140      0x168 /opt/devkitpro/devkitARM/bin/../lib/gcc/arm-none-eabi/13.1.0/../../../../arm-none-eabi/lib/thumb/libg.a(libc_a-findfp.o)
                0x03000140                __sf
 .bss.__stdio_exit_handler
                0x030002a8        0x4 /opt/devkitpro/devkitARM/bin/../lib/gcc/arm-none-eabi/13.1.0/../../../../arm-none-eabi/lib/thumb/libg.a(libc_a-findfp.o)
                0x030002a8                __stdio_exit_handler
 .bss.__hndl_lock
                0x030002ac        0x4 /opt/devkitpro/devkitARM/bin/../lib/gcc/arm-none-eabi/13.1.0/../../../../arm-none-eabi/lib/thumb/libsysbase.a(libsysbase_libsysbase_a-handle_manager.o)
 .bss.fake_heap_start
                0x030002b0        0x4 /opt/devkitpro/devkitARM/bin/../lib/gcc/arm-none-eabi/13.1.0/../../../../arm-none-eabi/lib/thumb/libsysbase.a(libsysbase_libsysbase_a-malloc_vars.o)
                0x030002b0                fake_heap_start
 .bss.fake_heap_end
                0x030002b4        0x4 /opt/devkitpro/devkitARM/bin/../lib/gcc/arm-none-eabi/13.1.0/../../../../arm-none-eabi/lib/thumb/libsysbase.a(libsysbase_libsysbase_a-malloc_vars.o)
                0x030002b4                fake_heap_end
 .bss.heap_start.0
                0x030002b8        0x4 /opt/devkitpro/devkitARM/bin/../lib/gcc/arm-none-eabi/13.1.0/../../../../arm-none-eabi/lib/thumb/libsysbase.a(libsysbase_libsysbase_a-sbrk.o)
 *(COMMON)
 COMMON         0x030002bc       0x78 /opt/devkitpro/libgba/lib/libgba.a(interrupt.o)
                0x030002bc                IntrTable
                0x03000334                        . = ALIGN (0x4)
                0x03000334                        __bss_end__ = ABSOLUTE (.)

.data           0x03000334     0x1764 load address 0x0800bc58
                0x03000334                        __data_start__ = ABSOLUTE (.)
 *(.data*)
 .data.__malloc_sbrk_base
                0x03000334        0x4 /opt/devkitpro/devkitARM/bin/../lib/gcc/arm-none-eabi/13.1.0/../../../../arm-none-eabi/lib/thumb/libg.a(libc_a-mallocr.o)
                0x03000334                __malloc_sbrk_base
 .data.__malloc_trim_threshold
                0x03000338        0x4 /opt/devkitpro/devkitARM/bin/../lib/gcc/arm-none-eabi/13.1.0/../../../../arm-none-eabi/lib/thumb/libg.a(libc_a-mallocr.o)
                0x03000338                __malloc_trim_threshold
 *fill*         0x0300033c        0x4 ff
 .data.__malloc_av_
                0x03000340      0x408 /opt/devkitpro/devkitARM/bin/../lib/gcc/arm-none-eabi/13.1.0/../../../../arm-none-eabi/lib/thumb/libg.a(libc_a-mallocr.o)
                0x03000340                __malloc_av_
 .data.__sglue  0x03000748        0xc /opt/devkitpro/devkitARM/bin/../lib/gcc/arm-none-eabi/13.1.0/../../../../arm-none-eabi/lib/thumb/libg.a(libc_a-findfp.o)
                0x03000748                __sglue
 .data.__global_locale
                0x03000754      0x16c /opt/devkitpro/devkitARM/bin/../lib/gcc/arm-none-eabi/13.1.0/../../../../arm-none-eabi/lib/thumb/libg.a(libc_a-locale.o)
                0x03000754                __global_locale
 .data._impure_ptr
                0x030008c0        0x4 /opt/devkitpro/devkitARM/bin/../lib/gcc/arm-none-eabi/13.1.0/../../../../arm-none-eabi/lib/thumb/libg.a(libc_a-impure.o)
                0x030008c0                _impure_ptr
 *fill*         0x030008c4        0x4 ff
 .data._impure_data
                0x030008c8      0x120 /opt/devkitpro/devkitARM/bin/../lib/gcc/arm-none-eabi/13.1.0/../../../../arm-none-eabi/lib/thumb/libg.a(libc_a-impure.o)
                0x030008c8                _impure_data
 .data.handles  0x030009e8     0x1000 /opt/devkitpro/devkitARM/bin/../lib/gcc/arm-none-eabi/13.1.0/../../../../arm-none-eabi/lib/thumb/libsysbase.a(libsysbase_libsysbase_a-handle_manager.o)
 .data.__stderr_handle
                0x030019e8        0xc /opt/devkitpro/devkitARM/bin/../lib/gcc/arm-none-eabi/13.1.0/../../../../arm-none-eabi/lib/thumb/libsysbase.a(libsysbase_libsysbase_a-handle_manager.o)
 .data.__stdout_handle
                0x030019f4        0xc /opt/devkitpro/devkitARM/bin/../lib/gcc/arm-none-eabi/13.1.0/../../../../arm-none-eabi/lib/thumb/libsysbase.a(libsysbase_libsysbase_a-handle_manager.o)
 .data.__stdin_handle
                0x03001a00        0xc /opt/devkitpro/devkitARM/bin/../lib/gcc/arm-none-eabi/13.1.0/../../../../arm-none-eabi/lib/thumb/libsysbase.a(libsysbase_libsysbase_a-handle_manager.o)
 .data.devoptab_list
                0x03001a0c       0x8c /opt/devkitpro/devkitARM/bin/../lib/gcc/arm-none-eabi/13.1.0/../../../../arm-none-eabi/lib/thumb/libsysbase.a(libsysbase_libsysbase_a-iosupport.o)
                0x03001a0c                devoptab_list
 *(.gnu.linkonce.d*)
                0x03001a98                        . = ALIGN (0x4)
                0x0800d3bc                        __preinit_lma = (__data_lma + SIZEOF (.data))

.igot.plt       0x03001a98        0x0 load address 0x0800d3bc
 .igot.plt      0x03001a98        0x0 /opt/devkitpro/devkitARM/bin/../lib/gcc/arm-none-eabi/13.1.0/../../../../arm-none-eabi/lib/thumb/gba_crt0.o

.preinit_array  0x03001a98        0x0 load address 0x0800d3bc
                0x03001a98                        __preinit_array_start = ABSOLUTE (.)
 *(.preinit_array)
                0x03001a98                        __preinit_array_end = ABSOLUTE (.)
                0x0800d3bc                        __init_lma = (__preinit_lma + SIZEOF (.preinit_array))

.init_array     0x03001a98        0x4 load address 0x0800d3bc
                0x03001a98                        __init_array_start = ABSOLUTE (.)
 *(SORT_BY_NAME(.init_array.*))
 *(.init_array)
 .init_array    0x03001a98        0x4 /opt/devkitpro/devkitARM/bin/../lib/gcc/arm-none-eabi/13.1.0/thumb/crtbegin.o
                0x03001a9c                        __init_array_end = ABSOLUTE (.)
                0x0800d3c0                        __fini_lma = (__init_lma + SIZEOF (.init_array))

.fini_array     0x03001a9c        0x4 load address 0x0800d3c0
                0x03001a9c                        __fini_array_start = ABSOLUTE (.)
 *(SORT_BY_NAME(.fini_array.*))
 *(.fini_array)
 .fini_array    0x03001a9c        0x4 /opt/devkitpro/devkitARM/bin/../lib/gcc/arm-none-eabi/13.1.0/thumb/crtbegin.o
                0x03001aa0                        __fini_array_end = ABSOLUTE (.)
                0x0800d3c4                        __jcr_lma = (__fini_lma + SIZEOF (.fini_array))

.jcr
 *(.jcr)
                0x03001aa0                        __data_end__ = ABSOLUTE (.)
                0x0800d3c4                        __iwram_overlay_lma = (__jcr_lma + SIZEOF (.jcr))
                0x03001aa0                        __iwram_overlay_start = .

.iwram0         0x03001aa0        0x0 load address 0x0800d3c4
 *(.iwram0)
                0x03001aa0                        . = ALIGN (0x4)
                0x0800d3c4                        PROVIDE (__load_start_iwram0 = LOADADDR (.iwram0))
                0x0800d3c4                        PROVIDE (__load_stop_iwram0 = (LOADADDR (.iwram0) + SIZEOF (.iwram0)))

.iwram1         0x03001aa0        0x0
 *(.iwram1)
                0x03001aa0                        . = ALIGN (0x4)
                [!provide]                        PROVIDE (__load_start_iwram1 = LOADADDR (.iwram1))
                [!provide]                        PROVIDE (__load_stop_iwram1 = (LOADADDR (.iwram1) + SIZEOF (.iwram1)))

.iwram2         0x03001aa0        0x0
 *(.iwram2)
                0x03001aa0                        . = ALIGN (0x4)
                [!provide]                        PROVIDE (__load_start_iwram2 = LOADADDR (.iwram2))
                [!provide]                        PROVIDE (__load_stop_iwram2 = (LOADADDR (.iwram2) + SIZEOF (.iwram2)))

.iwram3         0x03001aa0        0x0
 *(.iwram3)
                0x03001aa0                        . = ALIGN (0x4)
                [!provide]                        PROVIDE (__load_start_iwram3 = LOADADDR (.iwram3))
                [!provide]                        PROVIDE (__load_stop_iwram3 = (LOADADDR (.iwram3) + SIZEOF (.iwram3)))

.iwram4         0x03001aa0        0x0
 *(.iwram4)
                0x03001aa0                        . = ALIGN (0x4)
                [!provide]                        PROVIDE (__load_start_iwram4 = LOADADDR (.iwram4))
                [!provide]                        PROVIDE (__load_stop_iwram4 = (LOADADDR (.iwram4) + SIZEOF (.iwram4)))

.iwram5         0x03001aa0        0x0
 *(.iwram5)
                0x03001aa0                        . = ALIGN (0x4)
                [!provide]                        PROVIDE (__load_start_iwram5 = LOADADDR (.iwram5))
                [!provide]                        PROVIDE (__load_stop_iwram5 = (LOADADDR (.iwram5) + SIZEOF (.iwram5)))

.iwram6         0x03001aa0        0x0
 *(.iwram6)
                0x03001aa0                        . = ALIGN (0x4)
                [!provide]                        PROVIDE (__load_start_iwram6 = LOADADDR (.iwram6))
                [!provide]                        PROVIDE (__load_stop_iwram6 = (LOADADDR (.iwram6) + SIZEOF (.iwram6)))

.iwram7         0x03001aa0        0x0
 *(.iwram7)
                0x03001aa0                        . = ALIGN (0x4)
                [!provide]                        PROVIDE (__load_start_iwram7 = LOADADDR (.iwram7))
                [!provide]                        PROVIDE (__load_stop_iwram7 = (LOADADDR (.iwram7) + SIZEOF (.iwram7)))

.iwram8         0x03001aa0        0x0
 *(.iwram8)
                0x03001aa0                        . = ALIGN (0x4)
                [!provide]                        PROVIDE (__load_start_iwram8 = LOADADDR (.iwram8))
                [!provide]                        PROVIDE (__load_stop_iwram8 = (LOADADDR (.iwram8) + SIZEOF (.iwram8)))

.iwram9         0x03001aa0        0x0
 *(.iwram9)
                0x03001aa0                        . = ALIGN (0x4)
                [!provide]                        PROVIDE (__load_start_iwram9 = LOADADDR (.iwram9))
                [!provide]                        PROVIDE (__load_stop_iwram9 = (LOADADDR (.iwram9) + SIZEOF (.iwram9)))
                0x03001aa0                        __iwram_overlay_end = .
                0x0800d3c4                        __ewram_lma = (__iwram_overlay_lma + (__iwram_overlay_end - __iwram_overlay_start))
                0x03001aa0                        __iheap_start = .
                0x02000000                        __ewram_start = ORIGIN (ewram)

.ewram          0x02000000        0x0 load address 0x0800d3c4
 *(.ewram*)
                0x02000000                        . = ALIGN (0x4)
                0x02000000                        __ewram_end = ABSOLUTE (.)
                0x0800d3c4                        __pad_lma = (__ewram_lma + SIZEOF (.ewram))

.sbss           0x02000000        0x0
                0x02000000                        __sbss_start__ = ABSOLUTE (.)
 *(.sbss*)
                0x02000000                        . = ALIGN (0x4)
                0x02000000                        __sbss_end__ = ABSOLUTE (.)
                0x02000000                        __end__ = ABSOLUTE (.)
                0x02000000                        __eheap_start = ABSOLUTE (.)

.pad            0x02000000        0x8 load address 0x0800d3c4
                0x02000000        0x4 LONG 0x52416b64
                0x02000004        0x4 LONG 0x4d
                0x02000008                        . = ALIGN (0x4)
                0x0800d3cc                        __rom_end__ = (__pad_lma + SIZEOF (.pad))

.rel.dyn        0x02000008        0x0 load address 0x0800d3cc
 .rel.iplt      0x02000008        0x0 /opt/devkitpro/devkitARM/bin/../lib/gcc/arm-none-eabi/13.1.0/../../../../arm-none-eabi/lib/thumb/gba_crt0.o

.stab
 *(.stab)

.stabstr
 *(.stabstr)

.stab.excl
 *(.stab.excl)

.stab.exclstr
 *(.stab.exclstr)

.stab.index
 *(.stab.index)

.stab.indexstr
 *(.stab.indexstr)

.comment        0x00000000       0x45
 *(.comment)
 .comment       0x00000000       0x23 /opt/devkitpro/devkitARM/bin/../lib/gcc/arm-none-eabi/13.1.0/thumb/crtbegin.o
                                 0x24 (size before relaxing)
 .comment       0x00000023       0x24 template.o
 .comment       0x00000023       0x22 /opt/devkitpro/libgba/lib/libgba.a(interrupt.o)
                                 0x23 (size before relaxing)
 .comment       0x00000045       0x23 /opt/devkitpro/libgba/lib/libgba.a(console.o)
 .comment       0x00000045       0x23 /opt/devkitpro/libgba/lib/libgba.a(CpuSet.o)
 .comment       0x00000045       0x24 /opt/devkitpro/devkitARM/bin/../lib/gcc/arm-none-eabi/13.1.0/../../../../arm-none-eabi/lib/thumb/libg.a(libc_a-siscanf.o)
 .comment       0x00000045       0x24 /opt/devkitpro/devkitARM/bin/../lib/gcc/arm-none-eabi/13.1.0/../../../../arm-none-eabi/lib/thumb/libg.a(libc_a-setvbuf.o)
 .comment       0x00000045       0x24 /opt/devkitpro/devkitARM/bin/../lib/gcc/arm-none-eabi/13.1.0/../../../../arm-none-eabi/lib/thumb/libg.a(libc_a-svfiscanf.o)
 .comment       0x00000045       0x24 /opt/devkitpro/devkitARM/bin/../lib/gcc/arm-none-eabi/13.1.0/../../../../arm-none-eabi/lib/thumb/libg.a(libc_a-freer.o)
 .comment       0x00000045       0x24 /opt/devkitpro/devkitARM/bin/../lib/gcc/arm-none-eabi/13.1.0/../../../../arm-none-eabi/lib/thumb/libg.a(libc_a-iprintf.o)
 .comment       0x00000045       0x24 /opt/devkitpro/devkitARM/bin/../lib/gcc/arm-none-eabi/13.1.0/../../../../arm-none-eabi/lib/thumb/libg.a(libc_a-malloc.o)
 .comment       0x00000045       0x24 /opt/devkitpro/devkitARM/bin/../lib/gcc/arm-none-eabi/13.1.0/../../../../arm-none-eabi/lib/thumb/libg.a(libc_a-mallocr.o)
 .comment       0x00000045       0x24 /opt/devkitpro/devkitARM/bin/../lib/gcc/arm-none-eabi/13.1.0/../../../../arm-none-eabi/lib/thumb/libg.a(libc_a-memset.o)
 .comment       0x00000045       0x24 /opt/devkitpro/devkitARM/bin/../lib/gcc/arm-none-eabi/13.1.0/../../../../arm-none-eabi/lib/thumb/libg.a(libc_a-mlock.o)
 .comment       0x00000045       0x24 /opt/devkitpro/devkitARM/bin/../lib/gcc/arm-none-eabi/13.1.0/../../../../arm-none-eabi/lib/thumb/libg.a(libc_a-strlen.o)
 .comment       0x00000045       0x24 /opt/devkitpro/devkitARM/bin/../lib/gcc/arm-none-eabi/13.1.0/../../../../arm-none-eabi/lib/thumb/libg.a(libc_a-fflush.o)
 .comment       0x00000045       0x24 /opt/devkitpro/devkitARM/bin/../lib/gcc/arm-none-eabi/13.1.0/../../../../arm-none-eabi/lib/thumb/libg.a(libc_a-fwalk.o)
 .comment       0x00000045       0x24 /opt/devkitpro/devkitARM/bin/../lib/gcc/arm-none-eabi/13.1.0/../../../../arm-none-eabi/lib/thumb/libg.a(libc_a-findfp.o)
 .comment       0x00000045       0x24 /opt/devkitpro/devkitARM/bin/../lib/gcc/arm-none-eabi/13.1.0/../../../../arm-none-eabi/lib/thumb/libg.a(libc_a-strtol.o)
 .comment       0x00000045       0x24 /opt/devkitpro/devkitARM/bin/../lib/gcc/arm-none-eabi/13.1.0/../../../../arm-none-eabi/lib/thumb/libg.a(libc_a-realloc.o)
 .comment       0x00000045       0x24 /opt/devkitpro/devkitARM/bin/../lib/gcc/arm-none-eabi/13.1.0/../../../../arm-none-eabi/lib/thumb/libg.a(libc_a-strtoul.o)
 .comment       0x00000045       0x24 /opt/devkitpro/devkitARM/bin/../lib/gcc/arm-none-eabi/13.1.0/../../../../arm-none-eabi/lib/thumb/libg.a(libc_a-locale.o)
 .comment       0x00000045       0x24 /opt/devkitpro/devkitARM/bin/../lib/gcc/arm-none-eabi/13.1.0/../../../../arm-none-eabi/lib/thumb/libg.a(libc_a-wctomb_r.o)
 .comment       0x00000045       0x24 /opt/devkitpro/devkitARM/bin/../lib/gcc/arm-none-eabi/13.1.0/../../../../arm-none-eabi/lib/thumb/libg.a(libc_a-memcpy-stub.o)
 .comment       0x00000045       0x24 /opt/devkitpro/devkitARM/bin/../lib/gcc/arm-none-eabi/13.1.0/../../../../arm-none-eabi/lib/thumb/libg.a(libc_a-impure.o)
 .comment       0x00000045       0x24 /opt/devkitpro/devkitARM/bin/../lib/gcc/arm-none-eabi/13.1.0/../../../../arm-none-eabi/lib/thumb/libg.a(libc_a-init.o)
 .comment       0x00000045       0x24 /opt/devkitpro/devkitARM/bin/../lib/gcc/arm-none-eabi/13.1.0/../../../../arm-none-eabi/lib/thumb/libg.a(libc_a-errno.o)
 .comment       0x00000045       0x24 /opt/devkitpro/devkitARM/bin/../lib/gcc/arm-none-eabi/13.1.0/../../../../arm-none-eabi/lib/thumb/libg.a(libc_a-strtoll.o)
 .comment       0x00000045       0x24 /opt/devkitpro/devkitARM/bin/../lib/gcc/arm-none-eabi/13.1.0/../../../../arm-none-eabi/lib/thumb/libg.a(libc_a-strtoull.o)
 .comment       0x00000045       0x24 /opt/devkitpro/devkitARM/bin/../lib/gcc/arm-none-eabi/13.1.0/../../../../arm-none-eabi/lib/thumb/libg.a(libc_a-iswspace.o)
 .comment       0x00000045       0x24 /opt/devkitpro/devkitARM/bin/../lib/gcc/arm-none-eabi/13.1.0/../../../../arm-none-eabi/lib/thumb/libg.a(libc_a-mbrtowc.o)
 .comment       0x00000045       0x24 /opt/devkitpro/devkitARM/bin/../lib/gcc/arm-none-eabi/13.1.0/../../../../arm-none-eabi/lib/thumb/libg.a(libc_a-makebuf.o)
 .comment       0x00000045       0x24 /opt/devkitpro/devkitARM/bin/../lib/gcc/arm-none-eabi/13.1.0/../../../../arm-none-eabi/lib/thumb/libg.a(libc_a-iswspace_l.o)
 .comment       0x00000045       0x24 /opt/devkitpro/devkitARM/bin/../lib/gcc/arm-none-eabi/13.1.0/../../../../arm-none-eabi/lib/thumb/libg.a(libc_a-ctype_.o)
 .comment       0x00000045       0x24 /opt/devkitpro/devkitARM/bin/../lib/gcc/arm-none-eabi/13.1.0/../../../../arm-none-eabi/lib/thumb/libg.a(libc_a-sccl.o)
 .comment       0x00000045       0x24 /opt/devkitpro/devkitARM/bin/../lib/gcc/arm-none-eabi/13.1.0/../../../../arm-none-eabi/lib/thumb/libg.a(libc_a-ungetc.o)
 .comment       0x00000045       0x24 /opt/devkitpro/devkitARM/bin/../lib/gcc/arm-none-eabi/13.1.0/../../../../arm-none-eabi/lib/thumb/libg.a(libc_a-stdio.o)
 .comment       0x00000045       0x24 /opt/devkitpro/devkitARM/bin/../lib/gcc/arm-none-eabi/13.1.0/../../../../arm-none-eabi/lib/thumb/libg.a(libc_a-categories.o)
 .comment       0x00000045       0x24 /opt/devkitpro/devkitARM/bin/../lib/gcc/arm-none-eabi/13.1.0/../../../../arm-none-eabi/lib/thumb/libg.a(libc_a-vfiprintf.o)
 .comment       0x00000045       0x24 /opt/devkitpro/devkitARM/bin/../lib/gcc/arm-none-eabi/13.1.0/../../../../arm-none-eabi/lib/thumb/libg.a(libc_a-svfiprintf.o)
 .comment       0x00000045       0x24 /opt/devkitpro/devkitARM/bin/../lib/gcc/arm-none-eabi/13.1.0/../../../../arm-none-eabi/lib/thumb/libg.a(libc_a-wsetup.o)
 .comment       0x00000045       0x24 /opt/devkitpro/devkitARM/bin/../lib/gcc/arm-none-eabi/13.1.0/../../../../arm-none-eabi/lib/thumb/libg.a(libc_a-fclose.o)
 .comment       0x00000045       0x24 /opt/devkitpro/devkitARM/bin/../lib/gcc/arm-none-eabi/13.1.0/../../../../arm-none-eabi/lib/thumb/libg.a(libc_a-memmove.o)
 .comment       0x00000045       0x24 /opt/devkitpro/devkitARM/bin/../lib/gcc/arm-none-eabi/13.1.0/../../../../arm-none-eabi/lib/thumb/libg.a(libc_a-fvwrite.o)
 .comment       0x00000045       0x24 /opt/devkitpro/devkitARM/bin/../lib/gcc/arm-none-eabi/13.1.0/../../../../arm-none-eabi/lib/thumb/libg.a(libc_a-reallocr.o)
 .comment       0x00000045       0x24 /opt/devkitpro/devkitARM/bin/../lib/gcc/arm-none-eabi/13.1.0/../../../../arm-none-eabi/lib/thumb/libg.a(libc_a-strncpy.o)
 .comment       0x00000045       0x24 /opt/devkitpro/devkitARM/bin/../lib/gcc/arm-none-eabi/13.1.0/../../../../arm-none-eabi/lib/thumb/libg.a(libc_a-mbtowc_r.o)
 .comment       0x00000045       0x24 /opt/devkitpro/devkitARM/bin/../lib/gcc/arm-none-eabi/13.1.0/../../../../arm-none-eabi/lib/thumb/libg.a(libc_a-localeconv.o)
 .comment       0x00000045       0x24 /opt/devkitpro/devkitARM/bin/../lib/gcc/arm-none-eabi/13.1.0/../../../../arm-none-eabi/lib/thumb/libg.a(libc_a-memchr-stub.o)
 .comment       0x00000045       0x24 /opt/devkitpro/devkitARM/bin/../lib/gcc/arm-none-eabi/13.1.0/../../../../arm-none-eabi/lib/thumb/libg.a(libc_a-wcrtomb.o)
 .comment       0x00000045       0x24 /opt/devkitpro/devkitARM/bin/../lib/gcc/arm-none-eabi/13.1.0/../../../../arm-none-eabi/lib/thumb/libg.a(libc_a-wcsrtombs.o)
 .comment       0x00000045       0x24 /opt/devkitpro/devkitARM/bin/../lib/gcc/arm-none-eabi/13.1.0/../../../../arm-none-eabi/lib/thumb/libg.a(libc_a-wcsnrtombs.o)
 .comment       0x00000045       0x24 /opt/devkitpro/devkitARM/bin/../lib/gcc/arm-none-eabi/13.1.0/../../../../arm-none-eabi/lib/thumb/libsysbase.a(libsysbase_libsysbase_a-fstat.o)
 .comment       0x00000045       0x24 /opt/devkitpro/devkitARM/bin/../lib/gcc/arm-none-eabi/13.1.0/../../../../arm-none-eabi/lib/thumb/libsysbase.a(libsysbase_libsysbase_a-getreent.o)
 .comment       0x00000045       0x24 /opt/devkitpro/devkitARM/bin/../lib/gcc/arm-none-eabi/13.1.0/../../../../arm-none-eabi/lib/thumb/libsysbase.a(libsysbase_libsysbase_a-handle_manager.o)
 .comment       0x00000045       0x24 /opt/devkitpro/devkitARM/bin/../lib/gcc/arm-none-eabi/13.1.0/../../../../arm-none-eabi/lib/thumb/libsysbase.a(libsysbase_libsysbase_a-iosupport.o)
 .comment       0x00000045       0x24 /opt/devkitpro/devkitARM/bin/../lib/gcc/arm-none-eabi/13.1.0/../../../../arm-none-eabi/lib/thumb/libsysbase.a(libsysbase_libsysbase_a-isatty.o)
 .comment       0x00000045       0x24 /opt/devkitpro/devkitARM/bin/../lib/gcc/arm-none-eabi/13.1.0/../../../../arm-none-eabi/lib/thumb/libsysbase.a(libsysbase_libsysbase_a-lseek.o)
 .comment       0x00000045       0x24 /opt/devkitpro/devkitARM/bin/../lib/gcc/arm-none-eabi/13.1.0/../../../../arm-none-eabi/lib/thumb/libsysbase.a(libsysbase_libsysbase_a-malloc_vars.o)
 .comment       0x00000045       0x24 /opt/devkitpro/devkitARM/bin/../lib/gcc/arm-none-eabi/13.1.0/../../../../arm-none-eabi/lib/thumb/libsysbase.a(libsysbase_libsysbase_a-read.o)
 .comment       0x00000045       0x24 /opt/devkitpro/devkitARM/bin/../lib/gcc/arm-none-eabi/13.1.0/../../../../arm-none-eabi/lib/thumb/libsysbase.a(libsysbase_libsysbase_a-sbrk.o)
 .comment       0x00000045       0x24 /opt/devkitpro/devkitARM/bin/../lib/gcc/arm-none-eabi/13.1.0/../../../../arm-none-eabi/lib/thumb/libsysbase.a(libsysbase_libsysbase_a-syscall_support.o)
 .comment       0x00000045       0x24 /opt/devkitpro/devkitARM/bin/../lib/gcc/arm-none-eabi/13.1.0/../../../../arm-none-eabi/lib/thumb/libsysbase.a(libsysbase_libsysbase_a-write.o)
 .comment       0x00000045       0x24 /opt/devkitpro/devkitARM/bin/../lib/gcc/arm-none-eabi/13.1.0/thumb/libgcc.a(_muldi3.o)
 .comment       0x00000045       0x24 /opt/devkitpro/devkitARM/bin/../lib/gcc/arm-none-eabi/13.1.0/thumb/libgcc.a(_udivmoddi4.o)
 .comment       0x00000045       0x24 /opt/devkitpro/devkitARM/bin/../lib/gcc/arm-none-eabi/13.1.0/thumb/crtend.o

.debug
 *(.debug)

.line
 *(.line)

.debug_srcinfo
 *(.debug_srcinfo)

.debug_sfnames
 *(.debug_sfnames)

.debug_aranges  0x00000000       0xa0
 *(.debug_aranges)
 .debug_aranges
                0x00000000       0x20 template.o
 .debug_aranges
                0x00000020       0x20 /opt/devkitpro/libgba/lib/libgba.a(interrupt.o)
 .debug_aranges
                0x00000040       0x20 /opt/devkitpro/libgba/lib/libgba.a(console.o)
 .debug_aranges
                0x00000060       0x20 /opt/devkitpro/libgba/lib/libgba.a(InterruptDispatcher.o)
 .debug_aranges
                0x00000080       0x20 /opt/devkitpro/libgba/lib/libgba.a(CpuSet.o)

.debug_pubnames
 *(.debug_pubnames)

.debug_info     0x00000000     0x2821
 *(.debug_info)
 .debug_info    0x00000000      0x1a8 template.o
 .debug_info    0x000001a8      0x41b /opt/devkitpro/libgba/lib/libgba.a(interrupt.o)
 .debug_info    0x000005c3     0x20fd /opt/devkitpro/libgba/lib/libgba.a(console.o)
 .debug_info    0x000026c0       0x26 /opt/devkitpro/libgba/lib/libgba.a(InterruptDispatcher.o)
 .debug_info    0x000026e6      0x13b /opt/devkitpro/libgba/lib/libgba.a(CpuSet.o)

.debug_abbrev   0x00000000      0x8a9
 *(.debug_abbrev)
 .debug_abbrev  0x00000000      0x115 template.o
 .debug_abbrev  0x00000115      0x1ee /opt/devkitpro/libgba/lib/libgba.a(interrupt.o)
 .debug_abbrev  0x00000303      0x4eb /opt/devkitpro/libgba/lib/libgba.a(console.o)
 .debug_abbrev  0x000007ee       0x14 /opt/devkitpro/libgba/lib/libgba.a(InterruptDispatcher.o)
 .debug_abbrev  0x00000802       0xa7 /opt/devkitpro/libgba/lib/libgba.a(CpuSet.o)

.debug_line     0x00000000     0x1358
 *(.debug_line)
 .debug_line    0x00000000      0x122 template.o
 .debug_line    0x00000122      0x5ae /opt/devkitpro/libgba/lib/libgba.a(interrupt.o)
 .debug_line    0x000006d0      0xa72 /opt/devkitpro/libgba/lib/libgba.a(console.o)
 .debug_line    0x00001142       0xb2 /opt/devkitpro/libgba/lib/libgba.a(InterruptDispatcher.o)
 .debug_line    0x000011f4      0x164 /opt/devkitpro/libgba/lib/libgba.a(CpuSet.o)

.debug_frame    0x00000000      0x208
 *(.debug_frame)
 .debug_frame   0x00000000       0x28 template.o
 .debug_frame   0x00000028       0xb0 /opt/devkitpro/libgba/lib/libgba.a(interrupt.o)
 .debug_frame   0x000000d8      0x100 /opt/devkitpro/libgba/lib/libgba.a(console.o)
 .debug_frame   0x000001d8       0x30 /opt/devkitpro/libgba/lib/libgba.a(CpuSet.o)

.debug_str      0x00000000      0xffc
 *(.debug_str)
 .debug_str     0x00000000      0x1f1 template.o
                                0x22a (size before relaxing)
 .debug_str     0x000001f1      0x1cc /opt/devkitpro/libgba/lib/libgba.a(interrupt.o)
                                0x310 (size before relaxing)
 .debug_str     0x000003bd      0xb85 /opt/devkitpro/libgba/lib/libgba.a(console.o)
                                0xe18 (size before relaxing)
 .debug_str     0x00000f42       0x60 /opt/devkitpro/libgba/lib/libgba.a(InterruptDispatcher.o)
                                 0xa0 (size before relaxing)
 .debug_str     0x00000fa2       0x5a /opt/devkitpro/libgba/lib/libgba.a(CpuSet.o)
                                0x18e (size before relaxing)

.debug_loc      0x00000000     0x191c
 *(.debug_loc)
 .debug_loc     0x00000000      0x446 /opt/devkitpro/libgba/lib/libgba.a(interrupt.o)
 .debug_loc     0x00000446     0x13f8 /opt/devkitpro/libgba/lib/libgba.a(console.o)
 .debug_loc     0x0000183e       0xde /opt/devkitpro/libgba/lib/libgba.a(CpuSet.o)

.debug_macinfo
 *(.debug_macinfo)

.debug_weaknames
 *(.debug_weaknames)

.debug_funcnames
 *(.debug_funcnames)

.debug_typenames
 *(.debug_typenames)

.debug_varnames
 *(.debug_varnames)

.stack          0x00080000        0x0
                0x00080000                        _stack = .
 *(.stack)

.note.gnu.arm.ident
 *(.note.gnu.arm.ident)

.ARM.attributes
                0x00000000       0x2c
 *(.ARM.attributes)
 .ARM.attributes
                0x00000000       0x20 /opt/devkitpro/devkitARM/bin/../lib/gcc/arm-none-eabi/13.1.0/../../../../arm-none-eabi/lib/thumb/gba_crt0.o
 .ARM.attributes
                0x00000020       0x1c /opt/devkitpro/devkitARM/bin/../lib/gcc/arm-none-eabi/13.1.0/thumb/crti.o
 .ARM.attributes
                0x0000003c       0x2a /opt/devkitpro/devkitARM/bin/../lib/gcc/arm-none-eabi/13.1.0/thumb/crtbegin.o
 .ARM.attributes
                0x00000066       0x2a template.o
 .ARM.attributes
                0x00000090       0x2a /opt/devkitpro/libgba/lib/libgba.a(interrupt.o)
 .ARM.attributes
                0x000000ba       0x2a /opt/devkitpro/libgba/lib/libgba.a(console.o)
 .ARM.attributes
                0x000000e4       0x1a /opt/devkitpro/libgba/lib/libgba.a(InterruptDispatcher.o)
 .ARM.attributes
                0x000000fe       0x14 /opt/devkitpro/libgba/lib/libgba.a(amiga.fnt.o)
 .ARM.attributes
                0x00000112       0x2a /opt/devkitpro/libgba/lib/libgba.a(CpuSet.o)
 .ARM.attributes
                0x0000013c       0x2a /opt/devkitpro/devkitARM/bin/../lib/gcc/arm-none-eabi/13.1.0/../../../../arm-none-eabi/lib/thumb/libg.a(libc_a-siscanf.o)
 .ARM.attributes
                0x00000166       0x2a /opt/devkitpro/devkitARM/bin/../lib/gcc/arm-none-eabi/13.1.0/../../../../arm-none-eabi/lib/thumb/libg.a(libc_a-setvbuf.o)
 .ARM.attributes
                0x00000190       0x2a /opt/devkitpro/devkitARM/bin/../lib/gcc/arm-none-eabi/13.1.0/../../../../arm-none-eabi/lib/thumb/libg.a(libc_a-svfiscanf.o)
 .ARM.attributes
                0x000001ba       0x2a /opt/devkitpro/devkitARM/bin/../lib/gcc/arm-none-eabi/13.1.0/../../../../arm-none-eabi/lib/thumb/libg.a(libc_a-freer.o)
 .ARM.attributes
                0x000001e4       0x2a /opt/devkitpro/devkitARM/bin/../lib/gcc/arm-none-eabi/13.1.0/../../../../arm-none-eabi/lib/thumb/libg.a(libc_a-iprintf.o)
 .ARM.attributes
                0x0000020e       0x2a /opt/devkitpro/devkitARM/bin/../lib/gcc/arm-none-eabi/13.1.0/../../../../arm-none-eabi/lib/thumb/libg.a(libc_a-malloc.o)
 .ARM.attributes
                0x00000238       0x2a /opt/devkitpro/devkitARM/bin/../lib/gcc/arm-none-eabi/13.1.0/../../../../arm-none-eabi/lib/thumb/libg.a(libc_a-mallocr.o)
 .ARM.attributes
                0x00000262       0x2a /opt/devkitpro/devkitARM/bin/../lib/gcc/arm-none-eabi/13.1.0/../../../../arm-none-eabi/lib/thumb/libg.a(libc_a-memset.o)
 .ARM.attributes
                0x0000028c       0x2a /opt/devkitpro/devkitARM/bin/../lib/gcc/arm-none-eabi/13.1.0/../../../../arm-none-eabi/lib/thumb/libg.a(libc_a-mlock.o)
 .ARM.attributes
                0x000002b6       0x2a /opt/devkitpro/devkitARM/bin/../lib/gcc/arm-none-eabi/13.1.0/../../../../arm-none-eabi/lib/thumb/libg.a(libc_a-strlen.o)
 .ARM.attributes
                0x000002e0       0x2a /opt/devkitpro/devkitARM/bin/../lib/gcc/arm-none-eabi/13.1.0/../../../../arm-none-eabi/lib/thumb/libg.a(libc_a-fflush.o)
 .ARM.attributes
                0x0000030a       0x2a /opt/devkitpro/devkitARM/bin/../lib/gcc/arm-none-eabi/13.1.0/../../../../arm-none-eabi/lib/thumb/libg.a(libc_a-fwalk.o)
 .ARM.attributes
                0x00000334       0x2a /opt/devkitpro/devkitARM/bin/../lib/gcc/arm-none-eabi/13.1.0/../../../../arm-none-eabi/lib/thumb/libg.a(libc_a-findfp.o)
 .ARM.attributes
                0x0000035e       0x2a /opt/devkitpro/devkitARM/bin/../lib/gcc/arm-none-eabi/13.1.0/../../../../arm-none-eabi/lib/thumb/libg.a(libc_a-strtol.o)
 .ARM.attributes
                0x00000388       0x2a /opt/devkitpro/devkitARM/bin/../lib/gcc/arm-none-eabi/13.1.0/../../../../arm-none-eabi/lib/thumb/libg.a(libc_a-realloc.o)
 .ARM.attributes
                0x000003b2       0x2a /opt/devkitpro/devkitARM/bin/../lib/gcc/arm-none-eabi/13.1.0/../../../../arm-none-eabi/lib/thumb/libg.a(libc_a-strtoul.o)
 .ARM.attributes
                0x000003dc       0x2a /opt/devkitpro/devkitARM/bin/../lib/gcc/arm-none-eabi/13.1.0/../../../../arm-none-eabi/lib/thumb/libg.a(libc_a-locale.o)
 .ARM.attributes
                0x00000406       0x1a /opt/devkitpro/devkitARM/bin/../lib/gcc/arm-none-eabi/13.1.0/../../../../arm-none-eabi/lib/thumb/libg.a(libc_a-strcmp.o)
 .ARM.attributes
                0x00000420       0x2a /opt/devkitpro/devkitARM/bin/../lib/gcc/arm-none-eabi/13.1.0/../../../../arm-none-eabi/lib/thumb/libg.a(libc_a-strcpy.o)
 .ARM.attributes
                0x0000044a       0x2a /opt/devkitpro/devkitARM/bin/../lib/gcc/arm-none-eabi/13.1.0/../../../../arm-none-eabi/lib/thumb/libg.a(libc_a-wctomb_r.o)
 .ARM.attributes
                0x00000474       0x2a /opt/devkitpro/devkitARM/bin/../lib/gcc/arm-none-eabi/13.1.0/../../../../arm-none-eabi/lib/thumb/libg.a(libc_a-memcpy-stub.o)
 .ARM.attributes
                0x0000049e       0x2a /opt/devkitpro/devkitARM/bin/../lib/gcc/arm-none-eabi/13.1.0/../../../../arm-none-eabi/lib/thumb/libg.a(libc_a-impure.o)
 .ARM.attributes
                0x000004c8       0x2a /opt/devkitpro/devkitARM/bin/../lib/gcc/arm-none-eabi/13.1.0/../../../../arm-none-eabi/lib/thumb/libg.a(libc_a-init.o)
 .ARM.attributes
                0x000004f2       0x2a /opt/devkitpro/devkitARM/bin/../lib/gcc/arm-none-eabi/13.1.0/../../../../arm-none-eabi/lib/thumb/libg.a(libc_a-errno.o)
 .ARM.attributes
                0x0000051c       0x2a /opt/devkitpro/devkitARM/bin/../lib/gcc/arm-none-eabi/13.1.0/../../../../arm-none-eabi/lib/thumb/libg.a(libc_a-strtoll.o)
 .ARM.attributes
                0x00000546       0x2a /opt/devkitpro/devkitARM/bin/../lib/gcc/arm-none-eabi/13.1.0/../../../../arm-none-eabi/lib/thumb/libg.a(libc_a-strtoull.o)
 .ARM.attributes
                0x00000570       0x2a /opt/devkitpro/devkitARM/bin/../lib/gcc/arm-none-eabi/13.1.0/../../../../arm-none-eabi/lib/thumb/libg.a(libc_a-iswspace.o)
 .ARM.attributes
                0x0000059a       0x2a /opt/devkitpro/devkitARM/bin/../lib/gcc/arm-none-eabi/13.1.0/../../../../arm-none-eabi/lib/thumb/libg.a(libc_a-mbrtowc.o)
 .ARM.attributes
                0x000005c4       0x2a /opt/devkitpro/devkitARM/bin/../lib/gcc/arm-none-eabi/13.1.0/../../../../arm-none-eabi/lib/thumb/libg.a(libc_a-makebuf.o)
 .ARM.attributes
                0x000005ee       0x2a /opt/devkitpro/devkitARM/bin/../lib/gcc/arm-none-eabi/13.1.0/../../../../arm-none-eabi/lib/thumb/libg.a(libc_a-iswspace_l.o)
 .ARM.attributes
                0x00000618       0x2a /opt/devkitpro/devkitARM/bin/../lib/gcc/arm-none-eabi/13.1.0/../../../../arm-none-eabi/lib/thumb/libg.a(libc_a-ctype_.o)
 .ARM.attributes
                0x00000642       0x2a /opt/devkitpro/devkitARM/bin/../lib/gcc/arm-none-eabi/13.1.0/../../../../arm-none-eabi/lib/thumb/libg.a(libc_a-sccl.o)
 .ARM.attributes
                0x0000066c       0x2a /opt/devkitpro/devkitARM/bin/../lib/gcc/arm-none-eabi/13.1.0/../../../../arm-none-eabi/lib/thumb/libg.a(libc_a-ungetc.o)
 .ARM.attributes
                0x00000696       0x2a /opt/devkitpro/devkitARM/bin/../lib/gcc/arm-none-eabi/13.1.0/../../../../arm-none-eabi/lib/thumb/libg.a(libc_a-stdio.o)
 .ARM.attributes
                0x000006c0       0x2a /opt/devkitpro/devkitARM/bin/../lib/gcc/arm-none-eabi/13.1.0/../../../../arm-none-eabi/lib/thumb/libg.a(libc_a-categories.o)
 .ARM.attributes
                0x000006ea       0x2a /opt/devkitpro/devkitARM/bin/../lib/gcc/arm-none-eabi/13.1.0/../../../../arm-none-eabi/lib/thumb/libg.a(libc_a-vfiprintf.o)
 .ARM.attributes
                0x00000714       0x2a /opt/devkitpro/devkitARM/bin/../lib/gcc/arm-none-eabi/13.1.0/../../../../arm-none-eabi/lib/thumb/libg.a(libc_a-svfiprintf.o)
 .ARM.attributes
                0x0000073e       0x2a /opt/devkitpro/devkitARM/bin/../lib/gcc/arm-none-eabi/13.1.0/../../../../arm-none-eabi/lib/thumb/libg.a(libc_a-strcat.o)
 .ARM.attributes
                0x00000768       0x2a /opt/devkitpro/devkitARM/bin/../lib/gcc/arm-none-eabi/13.1.0/../../../../arm-none-eabi/lib/thumb/libg.a(libc_a-wsetup.o)
 .ARM.attributes
                0x00000792       0x2a /opt/devkitpro/devkitARM/bin/../lib/gcc/arm-none-eabi/13.1.0/../../../../arm-none-eabi/lib/thumb/libg.a(libc_a-strchr.o)
 .ARM.attributes
                0x000007bc       0x2a /opt/devkitpro/devkitARM/bin/../lib/gcc/arm-none-eabi/13.1.0/../../../../arm-none-eabi/lib/thumb/libg.a(libc_a-fclose.o)
 .ARM.attributes
                0x000007e6       0x2a /opt/devkitpro/devkitARM/bin/../lib/gcc/arm-none-eabi/13.1.0/../../../../arm-none-eabi/lib/thumb/libg.a(libc_a-memmove.o)
 .ARM.attributes
                0x00000810       0x2a /opt/devkitpro/devkitARM/bin/../lib/gcc/arm-none-eabi/13.1.0/../../../../arm-none-eabi/lib/thumb/libg.a(libc_a-getenv_r.o)
 .ARM.attributes
                0x0000083a       0x2a /opt/devkitpro/devkitARM/bin/../lib/gcc/arm-none-eabi/13.1.0/../../../../arm-none-eabi/lib/thumb/libg.a(libc_a-strlcpy.o)
 .ARM.attributes
                0x00000864       0x2a /opt/devkitpro/devkitARM/bin/../lib/gcc/arm-none-eabi/13.1.0/../../../../arm-none-eabi/lib/thumb/libg.a(libc_a-strcasecmp.o)
 .ARM.attributes
                0x0000088e       0x2a /opt/devkitpro/devkitARM/bin/../lib/gcc/arm-none-eabi/13.1.0/../../../../arm-none-eabi/lib/thumb/libg.a(libc_a-strncasecmp.o)
 .ARM.attributes
                0x000008b8       0x2a /opt/devkitpro/devkitARM/bin/../lib/gcc/arm-none-eabi/13.1.0/../../../../arm-none-eabi/lib/thumb/libg.a(libc_a-fvwrite.o)
 .ARM.attributes
                0x000008e2       0x2a /opt/devkitpro/devkitARM/bin/../lib/gcc/arm-none-eabi/13.1.0/../../../../arm-none-eabi/lib/thumb/libg.a(libc_a-strncmp.o)
 .ARM.attributes
                0x0000090c       0x2a /opt/devkitpro/devkitARM/bin/../lib/gcc/arm-none-eabi/13.1.0/../../../../arm-none-eabi/lib/thumb/libg.a(libc_a-reallocr.o)
 .ARM.attributes
                0x00000936       0x2a /opt/devkitpro/devkitARM/bin/../lib/gcc/arm-none-eabi/13.1.0/../../../../arm-none-eabi/lib/thumb/libg.a(libc_a-strncpy.o)
 .ARM.attributes
                0x00000960       0x2a /opt/devkitpro/devkitARM/bin/../lib/gcc/arm-none-eabi/13.1.0/../../../../arm-none-eabi/lib/thumb/libg.a(libc_a-mbtowc_r.o)
 .ARM.attributes
                0x0000098a       0x2a /opt/devkitpro/devkitARM/bin/../lib/gcc/arm-none-eabi/13.1.0/../../../../arm-none-eabi/lib/thumb/libg.a(libc_a-localeconv.o)
 .ARM.attributes
                0x000009b4       0x2a /opt/devkitpro/devkitARM/bin/../lib/gcc/arm-none-eabi/13.1.0/../../../../arm-none-eabi/lib/thumb/libg.a(libc_a-memchr-stub.o)
 .ARM.attributes
                0x000009de       0x2a /opt/devkitpro/devkitARM/bin/../lib/gcc/arm-none-eabi/13.1.0/../../../../arm-none-eabi/lib/thumb/libg.a(libc_a-wcrtomb.o)
 .ARM.attributes
                0x00000a08       0x2a /opt/devkitpro/devkitARM/bin/../lib/gcc/arm-none-eabi/13.1.0/../../../../arm-none-eabi/lib/thumb/libg.a(libc_a-wcsrtombs.o)
 .ARM.attributes
                0x00000a32       0x2a /opt/devkitpro/devkitARM/bin/../lib/gcc/arm-none-eabi/13.1.0/../../../../arm-none-eabi/lib/thumb/libg.a(libc_a-environ.o)
 .ARM.attributes
                0x00000a5c       0x2a /opt/devkitpro/devkitARM/bin/../lib/gcc/arm-none-eabi/13.1.0/../../../../arm-none-eabi/lib/thumb/libg.a(libc_a-envlock.o)
 .ARM.attributes
                0x00000a86       0x2a /opt/devkitpro/devkitARM/bin/../lib/gcc/arm-none-eabi/13.1.0/../../../../arm-none-eabi/lib/thumb/libg.a(libc_a-wcsnrtombs.o)
 .ARM.attributes
                0x00000ab0       0x2a /opt/devkitpro/devkitARM/bin/../lib/gcc/arm-none-eabi/13.1.0/../../../../arm-none-eabi/lib/thumb/libsysbase.a(libsysbase_libsysbase_a-fstat.o)
 .ARM.attributes
                0x00000ada       0x2a /opt/devkitpro/devkitARM/bin/../lib/gcc/arm-none-eabi/13.1.0/../../../../arm-none-eabi/lib/thumb/libsysbase.a(libsysbase_libsysbase_a-getreent.o)
 .ARM.attributes
                0x00000b04       0x2a /opt/devkitpro/devkitARM/bin/../lib/gcc/arm-none-eabi/13.1.0/../../../../arm-none-eabi/lib/thumb/libsysbase.a(libsysbase_libsysbase_a-handle_manager.o)
 .ARM.attributes
                0x00000b2e       0x2a /opt/devkitpro/devkitARM/bin/../lib/gcc/arm-none-eabi/13.1.0/../../../../arm-none-eabi/lib/thumb/libsysbase.a(libsysbase_libsysbase_a-iosupport.o)
 .ARM.attributes
                0x00000b58       0x2a /opt/devkitpro/devkitARM/bin/../lib/gcc/arm-none-eabi/13.1.0/../../../../arm-none-eabi/lib/thumb/libsysbase.a(libsysbase_libsysbase_a-isatty.o)
 .ARM.attributes
                0x00000b82       0x2a /opt/devkitpro/devkitARM/bin/../lib/gcc/arm-none-eabi/13.1.0/../../../../arm-none-eabi/lib/thumb/libsysbase.a(libsysbase_libsysbase_a-lseek.o)
 .ARM.attributes
                0x00000bac       0x2a /opt/devkitpro/devkitARM/bin/../lib/gcc/arm-none-eabi/13.1.0/../../../../arm-none-eabi/lib/thumb/libsysbase.a(libsysbase_libsysbase_a-malloc_vars.o)
 .ARM.attributes
                0x00000bd6       0x2a /opt/devkitpro/devkitARM/bin/../lib/gcc/arm-none-eabi/13.1.0/../../../../arm-none-eabi/lib/thumb/libsysbase.a(libsysbase_libsysbase_a-read.o)
 .ARM.attributes
                0x00000c00       0x2a /opt/devkitpro/devkitARM/bin/../lib/gcc/arm-none-eabi/13.1.0/../../../../arm-none-eabi/lib/thumb/libsysbase.a(libsysbase_libsysbase_a-sbrk.o)
 .ARM.attributes
                0x00000c2a       0x2a /opt/devkitpro/devkitARM/bin/../lib/gcc/arm-none-eabi/13.1.0/../../../../arm-none-eabi/lib/thumb/libsysbase.a(libsysbase_libsysbase_a-syscall_support.o)
 .ARM.attributes
                0x00000c54       0x2a /opt/devkitpro/devkitARM/bin/../lib/gcc/arm-none-eabi/13.1.0/../../../../arm-none-eabi/lib/thumb/libsysbase.a(libsysbase_libsysbase_a-write.o)
 .ARM.attributes
                0x00000c7e       0x2a /opt/devkitpro/devkitARM/bin/../lib/gcc/arm-none-eabi/13.1.0/../../../../arm-none-eabi/lib/thumb/libsysbase.a(libsysbase_libsysbase_a-clocks.o)
 .ARM.attributes
                0x00000ca8       0x1c /opt/devkitpro/devkitARM/bin/../lib/gcc/arm-none-eabi/13.1.0/thumb/libgcc.a(_thumb1_case_uqi.o)
 .ARM.attributes
                0x00000cc4       0x1c /opt/devkitpro/devkitARM/bin/../lib/gcc/arm-none-eabi/13.1.0/thumb/libgcc.a(_thumb1_case_uhi.o)
 .ARM.attributes
                0x00000ce0       0x1c /opt/devkitpro/devkitARM/bin/../lib/gcc/arm-none-eabi/13.1.0/thumb/libgcc.a(_udivsi3.o)
 .ARM.attributes
                0x00000cfc       0x1c /opt/devkitpro/devkitARM/bin/../lib/gcc/arm-none-eabi/13.1.0/thumb/libgcc.a(_divsi3.o)
 .ARM.attributes
                0x00000d18       0x1c /opt/devkitpro/devkitARM/bin/../lib/gcc/arm-none-eabi/13.1.0/thumb/libgcc.a(_dvmd_tls.o)
 .ARM.attributes
                0x00000d34       0x1c /opt/devkitpro/devkitARM/bin/../lib/gcc/arm-none-eabi/13.1.0/thumb/libgcc.a(_aeabi_uldivmod.o)
 .ARM.attributes
                0x00000d50       0x2a /opt/devkitpro/devkitARM/bin/../lib/gcc/arm-none-eabi/13.1.0/thumb/libgcc.a(_muldi3.o)
 .ARM.attributes
                0x00000d7a       0x2a /opt/devkitpro/devkitARM/bin/../lib/gcc/arm-none-eabi/13.1.0/thumb/libgcc.a(_udivmoddi4.o)
 .ARM.attributes
                0x00000da4       0x1c /opt/devkitpro/devkitARM/bin/../lib/gcc/arm-none-eabi/13.1.0/thumb/libgcc.a(_clzdi2.o)
 .ARM.attributes
                0x00000dc0       0x1c /opt/devkitpro/devkitARM/bin/../lib/gcc/arm-none-eabi/13.1.0/thumb/libgcc.a(_clzsi2.o)
 .ARM.attributes
                0x00000ddc       0x2a /opt/devkitpro/devkitARM/bin/../lib/gcc/arm-none-eabi/13.1.0/thumb/crtend.o
 .ARM.attributes
                0x00000e06       0x1c /opt/devkitpro/devkitARM/bin/../lib/gcc/arm-none-eabi/13.1.0/thumb/crtn.o

/DISCARD/
 *(.note.GNU-stack)
LOAD /opt/devkitpro/devkitARM/bin/../lib/gcc/arm-none-eabi/13.1.0/../../../../arm-none-eabi/lib/thumb/gba_crt0.o
LOAD /opt/devkitpro/devkitARM/bin/../lib/gcc/arm-none-eabi/13.1.0/thumb/crti.o
LOAD /opt/devkitpro/devkitARM/bin/../lib/gcc/arm-none-eabi/13.1.0/thumb/crtbegin.o
LOAD template.o
LOAD /opt/devkitpro/libgba/lib/libmm.a
LOAD /opt/devkitpro/libgba/lib/libgba.a
START GROUP
LOAD /opt/devkitpro/devkitARM/bin/../lib/gcc/arm-none-eabi/13.1.0/thumb/libgcc.a
LOAD /opt/devkitpro/devkitARM/bin/../lib/gcc/arm-none-eabi/13.1.0/../../../../arm-none-eabi/lib/thumb/libg.a
LOAD /opt/devkitpro/devkitARM/bin/../lib/gcc/arm-none-eabi/13.1.0/../../../../arm-none-eabi/lib/thumb/libc.a
LOAD /opt/devkitpro/devkitARM/bin/../lib/gcc/arm-none-eabi/13.1.0/../../../../arm-none-eabi/lib/thumb/libsysbase.a
END GROUP
LOAD /opt/devkitpro/devkitARM/bin/../lib/gcc/arm-none-eabi/13.1.0/thumb/crtend.o
LOAD /opt/devkitpro/devkitARM/bin/../lib/gcc/arm-none-eabi/13.1.0/thumb/crtn.o
OUTPUT(/home/okizame/dev/gba/src/template/template.elf elf32-littlearm)
LOAD linker stubs

.debug_rnglists
                0x00000000       0x13
 .debug_rnglists
                0x00000000       0x13 template.o

.debug_ranges   0x00000000      0x180
 .debug_ranges  0x00000000       0x70 /opt/devkitpro/libgba/lib/libgba.a(interrupt.o)
 .debug_ranges  0x00000070      0x100 /opt/devkitpro/libgba/lib/libgba.a(console.o)
 .debug_ranges  0x00000170       0x10 /opt/devkitpro/libgba/lib/libgba.a(CpuSet.o)
