Archive member included to satisfy reference by file (symbol)

/home/okizame/dev/gba_study/tonc/code/lab/bigmap/../../tonclib/lib/libtonc.a(tonc_input.o)
                              bigmap.o (key_poll)
/home/okizame/dev/gba_study/tonc/code/lab/bigmap/../../tonclib/lib/libtonc.a(tonc_irq.o)
                              bigmap.o (irq_init)
/home/okizame/dev/gba_study/tonc/code/lab/bigmap/../../tonclib/lib/libtonc.a(tonc_oam.o)
                              bigmap.o (oam_init)
/home/okizame/dev/gba_study/tonc/code/lab/bigmap/../../tonclib/lib/libtonc.a(chr4c_drawg_b4cts.o)
                              bigmap.o (chr4c_drawg_b4cts)
/home/okizame/dev/gba_study/tonc/code/lab/bigmap/../../tonclib/lib/libtonc.a(tte_init_chr4c.o)
                              bigmap.o (tte_init_chr4c)
/home/okizame/dev/gba_study/tonc/code/lab/bigmap/../../tonclib/lib/libtonc.a(tte_iohook.o)
                              bigmap.o (tte_init_con)
/home/okizame/dev/gba_study/tonc/code/lab/bigmap/../../tonclib/lib/libtonc.a(tte_main.o)
                              /home/okizame/dev/gba_study/tonc/code/lab/bigmap/../../tonclib/lib/libtonc.a(tte_init_chr4c.o) (tte_init_base)
/home/okizame/dev/gba_study/tonc/code/lab/bigmap/../../tonclib/lib/libtonc.a(tonc_bios.o)
                              bigmap.o (VBlankIntrWait)
/home/okizame/dev/gba_study/tonc/code/lab/bigmap/../../tonclib/lib/libtonc.a(tonc_bios_ex.o)
                              /home/okizame/dev/gba_study/tonc/code/lab/bigmap/../../tonclib/lib/libtonc.a(tte_main.o) (VBlankIntrDelay)
/home/okizame/dev/gba_study/tonc/code/lab/bigmap/../../tonclib/lib/libtonc.a(tonc_isr_master.o)
                              /home/okizame/dev/gba_study/tonc/code/lab/bigmap/../../tonclib/lib/libtonc.a(tonc_irq.o) (isr_master)
/home/okizame/dev/gba_study/tonc/code/lab/bigmap/../../tonclib/lib/libtonc.a(tonc_memcpy.o)
                              bigmap.o (memcpy32)
/home/okizame/dev/gba_study/tonc/code/lab/bigmap/../../tonclib/lib/libtonc.a(tonc_memset.o)
                              /home/okizame/dev/gba_study/tonc/code/lab/bigmap/../../tonclib/lib/libtonc.a(tonc_irq.o) (memset32)
/home/okizame/dev/gba_study/tonc/code/lab/bigmap/../../tonclib/lib/libtonc.a(tonc_nocash.o)
                              /home/okizame/dev/gba_study/tonc/code/lab/bigmap/../../tonclib/lib/libtonc.a(tte_iohook.o) (nocash_message)
/home/okizame/dev/gba_study/tonc/code/lab/bigmap/../../tonclib/lib/libtonc.a(sys8.o)
                              /home/okizame/dev/gba_study/tonc/code/lab/bigmap/../../tonclib/lib/libtonc.a(tte_main.o) (sys8Font)
/home/okizame/dev/gba_study/tonc/code/lab/bigmap/../../tonclib/lib/libtonc.a(verdana9.o)
                              /home/okizame/dev/gba_study/tonc/code/lab/bigmap/../../tonclib/lib/libtonc.a(tte_init_chr4c.o) (verdana9Font)
/home/okizame/dev/gba_study/tonc/code/lab/bigmap/../../tonclib/lib/libtonc.a(verdana9_b4.o)
                              bigmap.o (verdana9_b4Font)
/home/okizame/dev/gba_study/tonc/code/lab/bigmap/../../tonclib/lib/libtonc.a(chr4c_drawg_b4cts_fast.o)
                              bigmap.o (chr4c_drawg_b4cts_fast)
/home/okizame/dev/gba_study/tonc/code/lab/bigmap/../../tonclib/lib/libtonc.a(tonc_schr4c.o)
                              /home/okizame/dev/gba_study/tonc/code/lab/bigmap/../../tonclib/lib/libtonc.a(tte_init_chr4c.o) (schr4c_rect)
/home/okizame/dev/gba_study/tonc/code/lab/bigmap/../../tonclib/lib/libtonc.a(tonc_surface.o)
                              /home/okizame/dev/gba_study/tonc/code/lab/bigmap/../../tonclib/lib/libtonc.a(tte_init_chr4c.o) (srf_init)
/home/okizame/dev/gba_study/tonc/code/lab/bigmap/../../tonclib/lib/libtonc.a(chr4c_drawg_b1cts.o)
                              /home/okizame/dev/gba_study/tonc/code/lab/bigmap/../../tonclib/lib/libtonc.a(tte_init_chr4c.o) (chr4c_drawg_b1cts)
/opt/devkitpro/devkitARM/bin/../lib/gcc/arm-none-eabi/13.1.0/thumb/libgcc.a(_divsi3.o)
                              /home/okizame/dev/gba_study/tonc/code/lab/bigmap/../../tonclib/lib/libtonc.a(tte_iohook.o) (__aeabi_idiv)
/opt/devkitpro/devkitARM/bin/../lib/gcc/arm-none-eabi/13.1.0/thumb/libgcc.a(_dvmd_tls.o)
                              /opt/devkitpro/devkitARM/bin/../lib/gcc/arm-none-eabi/13.1.0/thumb/libgcc.a(_divsi3.o) (__aeabi_idiv0)
/opt/devkitpro/devkitARM/bin/../lib/gcc/arm-none-eabi/13.1.0/../../../../arm-none-eabi/lib/thumb/libc.a(libc_a-siscanf.o)
                              /home/okizame/dev/gba_study/tonc/code/lab/bigmap/../../tonclib/lib/libtonc.a(tte_iohook.o) (siscanf)
/opt/devkitpro/devkitARM/bin/../lib/gcc/arm-none-eabi/13.1.0/../../../../arm-none-eabi/lib/thumb/libc.a(libc_a-setvbuf.o)
                              /home/okizame/dev/gba_study/tonc/code/lab/bigmap/../../tonclib/lib/libtonc.a(tte_iohook.o) (setvbuf)
/opt/devkitpro/devkitARM/bin/../lib/gcc/arm-none-eabi/13.1.0/../../../../arm-none-eabi/lib/thumb/libc.a(libc_a-svfiscanf.o)
[...]
Memory Configuration

Name             Origin             Length             Attributes
rom              0x08000000         0x02000000
iwram            0x03000000         0x00008000
ewram            0x02000000         0x00040000
*default*        0x00000000         0xffffffff

Linker script and memory map

                0x08000000                        __text_start = ORIGIN (rom)
                0x02040000                        __eheap_end = (ORIGIN (ewram) + LENGTH (ewram))
                0x03000000                        __iwram_start = ORIGIN (iwram)
                0x03008000                        __iwram_top = (ORIGIN (iwram) + LENGTH (iwram))
                0x03007fa0                        __sp_irq = (__iwram_top - 0x60)
                0x03007f00                        __sp_usr = (__sp_irq - 0xa0)
                0x03007ff8                        __irq_flags = 0x3007ff8
                0x08000000                        . = __text_start

.crt0           0x08000000      0x210
 *(.crt0)
 .crt0          0x08000000      0x210 /opt/devkitpro/devkitARM/bin/../lib/gcc/arm-none-eabi/13.1.0/../../../../arm-none-eabi/lib/thumb/gba_crt0.o
                0x08000000                _start
                0x080000c4                __boot_method
                0x080000c5                __slave_number
                0x080000e0                start_vector
                0x08000210                        . = ALIGN (0x4)

.init           0x08000210        0xc
 *(SORT_NONE(.init))
 .init          0x08000210        0x4 /opt/devkitpro/devkitARM/bin/../lib/gcc/arm-none-eabi/13.1.0/thumb/crti.o
                0x08000210                _init
 .init          0x08000214        0x8 /opt/devkitpro/devkitARM/bin/../lib/gcc/arm-none-eabi/13.1.0/thumb/crtn.o

.plt            0x0800021c        0x0
 *(.plt)
                0x0800021c                        . = ALIGN (0x4)

.text           0x08000220     0x96a8
 *(EXCLUDE_FILE(*.iwram*) .text*)
 .text.__do_global_dtors_aux
                0x08000220       0x2c /opt/devkitpro/devkitARM/bin/../lib/gcc/arm-none-eabi/13.1.0/thumb/crtbegin.o
 .text.frame_dummy
                0x0800024c       0x24 /opt/devkitpro/devkitARM/bin/../lib/gcc/arm-none-eabi/13.1.0/thumb/crtbegin.o
 .text          0x08000270      0x3f0 bigmap.o
                0x08000270                vp_set_pos
                0x080002b8                bgt_init
                0x08000350                bgt_colcpy
                0x080003c0                bgt_rowcpy
                0x08000420                bgt_update
                0x080004a0                init_textbox
                0x0800051c                init_main
 .text.startup  0x08000660       0xf4 bigmap.o
                0x08000660                main
 .text          0x08000754      0x360 link.o
                0x08000754                link_init
                0x08000790                link_set_state
                0x08000798                link_input
                0x0800082c                link_move
                0x08000840                link_animate
 .text          0x08000ab4       0xac /home/okizame/dev/gba_study/tonc/code/lab/bigmap/../../tonclib/lib/libtonc.a(tonc_input.o)
                0x08000ab4                key_poll
                0x08000b0c                key_wait_till_hit
                0x08000b30                key_repeat
                0x08000b3c                key_repeat_mask
                0x08000b4c                key_repeat_limits
 .text          0x08000b60      0x35c /home/okizame/dev/gba_study/tonc/code/lab/bigmap/../../tonclib/lib/libtonc.a(tonc_irq.o)
                0x08000b60                irq_init
                0x08000ba4                irq_set_master
                0x08000bd4                irq_set
                0x08000d00                irq_add
                0x08000d78                irq_delete
                0x08000e30                irq_enable
                0x08000e78                irq_disable
 .text          0x08000ebc       0xcc /home/okizame/dev/gba_study/tonc/code/lab/bigmap/../../tonclib/lib/libtonc.a(tonc_oam.o)
                0x08000ebc                oam_init
                0x08000f08                obj_copy
                0x08000f34                obj_hide_multi
                0x08000f5c                obj_unhide_multi
 .text          0x08000f88      0x120 /home/okizame/dev/gba_study/tonc/code/lab/bigmap/../../tonclib/lib/libtonc.a(chr4c_drawg_b4cts.o)
                0x08000f88                chr4c_drawg_b4cts
 .text          0x080010a8       0xfc /home/okizame/dev/gba_study/tonc/code/lab/bigmap/../../tonclib/lib/libtonc.a(tte_init_chr4c.o)
                0x080010a8                chr4c_erase
                0x080010d4                tte_init_chr4c
 .text          0x080011a4      0x34c /home/okizame/dev/gba_study/tonc/code/lab/bigmap/../../tonclib/lib/libtonc.a(tte_iohook.o)
                0x080011a4                tte_con_nocash
                0x0800120c                tte_init_con
                0x08001254                tte_cmd_vt100
                0x080013b4                tte_con_write
 .text          0x080014f0      0x9e0 /home/okizame/dev/gba_study/tonc/code/lab/bigmap/../../tonclib/lib/libtonc.a(tte_main.o)
                0x080014f0                dummy_drawg
                0x080014f4                dummy_erase
                0x080014f8                tte_set_context
                0x08001514                tte_set_color_attr
                0x08001524                tte_set_color_attrs
                0x08001540                tte_set_color
                0x08001564                tte_set_colors
                0x080015a0                tte_init_base
                0x08001634                utf8_decode_char
                0x080016e4                tte_cmd_skip
                0x080016f8                tte_cmd_next
                0x08001734                tte_putc
                0x08001784                tte_erase_rect
                0x080017a0                tte_erase_screen
                0x080017c4                tte_erase_line
                0x080017ec                tte_cmd_default
                0x08001ca8                tte_write
                0x08001d94                tte_write_ex
                0x08001dc4                tte_get_text_size
                0x08001eb0                tte_set_margins
 .text          0x08001ed0       0x8c /home/okizame/dev/gba_study/tonc/code/lab/bigmap/../../tonclib/lib/libtonc.a(tonc_bios.o)
                0x08001ed0                SoftReset
                0x08001ed4                RegisterRamReset
                0x08001ed8                Halt
                0x08001edc                Stop
                0x08001ee0                IntrWait
                0x08001ee4                VBlankIntrWait
                0x08001ee8                Div
                0x08001eec                DivArm
                0x08001ef0                Sqrt
                0x08001ef4                ArcTan
                0x08001ef8                ArcTan2
                0x08001efc                CpuSet
                0x08001f00                CpuFastSet
                0x08001f04                BiosCheckSum
                0x08001f08                BgAffineSet
                0x08001f0c                ObjAffineSet
                0x08001f10                BitUnPack
                0x08001f14                LZ77UnCompWram
                0x08001f18                LZ77UnCompVram
                0x08001f1c                HuffUnComp
                0x08001f20                RLUnCompWram
                0x08001f24                RLUnCompVram
                0x08001f28                Diff8bitUnFilterWram
                0x08001f2c                Diff8bitUnFilterVram
                0x08001f30                Diff16bitUnFilter
                0x08001f34                SoundBias
                0x08001f38                SoundDriverInit
                0x08001f3c                SoundDriverMode
                0x08001f40                SoundDriverMain
                0x08001f44                SoundDriverVSync
                0x08001f48                SoundChannelClear
                0x08001f4c                MidiKey2Freq
                0x08001f50                MultiBoot
                0x08001f54                SoundDriverVSyncOff
                0x08001f58                SoundDriverVSyncOn
 .text          0x08001f5c       0x54 /home/okizame/dev/gba_study/tonc/code/lab/bigmap/../../tonclib/lib/libtonc.a(tonc_bios_ex.o)
                0x08001f5c                VBlankIntrDelay
                0x08001f6c                DivSafe
                0x08001f80                Mod
                0x08001f88                DivAbs
                0x08001f90                DivArmMod
                0x08001f98                DivArmAbs
                0x08001fa0                CpuFastFill
 .text          0x08001fb0       0x44 /home/okizame/dev/gba_study/tonc/code/lab/bigmap/../../tonclib/lib/libtonc.a(tonc_memcpy.o)
                0x08001fb0                memcpy16
 .text          0x08001ff4      0x9ec /home/okizame/dev/gba_study/tonc/code/lab/bigmap/../../tonclib/lib/libtonc.a(tonc_schr4c.o)
                0x08001ff4                schr4c_get_pixel
                0x08002018                schr4c_plot
                0x08002048                schr4c_hline
                0x08002108                schr4c_vline
                0x08002150                schr4c_line
                0x080022cc                schr4c_blit
                0x08002610                schr4c_frame
                0x080026a0                schr4c_rect
                0x080027c4                schr4c_prep_map
                0x08002818                schr4c_get_ptr
                0x08002828                schr4c_floodfill_internal
                0x080029a8                schr4c_floodfill
 .text          0x080029e0      0x138 /home/okizame/dev/gba_study/tonc/code/lab/bigmap/../../tonclib/lib/libtonc.a(tonc_surface.o)
                0x080029e0                srf_init
                0x08002a98                srf_pal_copy
                0x08002ab8                srf_get_ptr
 .text          0x08002b18      0x120 /home/okizame/dev/gba_study/tonc/code/lab/bigmap/../../tonclib/lib/libtonc.a(chr4c_drawg_b1cts.o)
                0x08002b18                chr4c_drawg_b1cts
 .text          0x08002c38      0x150 /opt/devkitpro/devkitARM/bin/../lib/gcc/arm-none-eabi/13.1.0/thumb/libgcc.a(_divsi3.o)
                0x08002c38                __aeabi_idiv
                0x08002c38                __divsi3
                0x08002d68                __aeabi_idivmod
 .text          0x08002d88        0x4 /opt/devkitpro/devkitARM/bin/../lib/gcc/arm-none-eabi/13.1.0/thumb/libgcc.a(_dvmd_tls.o)
                0x08002d88                __aeabi_ldiv0
                0x08002d88                __aeabi_idiv0
 .text.siscanf  0x08002d8c       0x4c /opt/devkitpro/devkitARM/bin/../lib/gcc/arm-none-eabi/13.1.0/../../../../arm-none-eabi/lib/thumb/libc.a(libc_a-siscanf.o)
                0x08002d8c                siscanf
 .text.setvbuf  0x08002dd8      0x1a4 /opt/devkitpro/devkitARM/bin/../lib/gcc/arm-none-eabi/13.1.0/../../../../arm-none-eabi/lib/thumb/libc.a(libc_a-setvbuf.o)
                0x08002dd8                setvbuf
 .text.get_arg  0x08002f7c       0x3e /opt/devkitpro/devkitARM/bin/../lib/gcc/arm-none-eabi/13.1.0/../../../../arm-none-eabi/lib/thumb/libc.a(libc_a-svfiscanf.o)
 .text._sungetc_r
                0x08002fba       0x7e /opt/devkitpro/devkitARM/bin/../lib/gcc/arm-none-eabi/13.1.0/../../../../arm-none-eabi/lib/thumb/libc.a(libc_a-svfiscanf.o)
                0x08002fba                _sungetc_r
 .text.__ssrefill_r
                0x08003038       0x42 /opt/devkitpro/devkitARM/bin/../lib/gcc/arm-none-eabi/13.1.0/../../../../arm-none-eabi/lib/thumb/libc.a(libc_a-svfiscanf.o)
                0x08003038                __ssrefill_r
 .text._sfread_r
                0x0800307a       0x88 /opt/devkitpro/devkitARM/bin/../lib/gcc/arm-none-eabi/13.1.0/../../../../arm-none-eabi/lib/thumb/libc.a(libc_a-svfiscanf.o)
                0x0800307a                _sfread_r
 *fill*         0x08003102        0x2 ff
 .text.__ssvfiscanf_r
                0x08003104     0x1ac4 /opt/devkitpro/devkitARM/bin/../lib/gcc/arm-none-eabi/13.1.0/../../../../arm-none-eabi/lib/thumb/libc.a(libc_a-svfiscanf.o)
                0x08003104                __ssvfiscanf_r
 .text._malloc_trim_r
                0x08004bc8       0xac /opt/devkitpro/devkitARM/bin/../lib/gcc/arm-none-eabi/13.1.0/../../../../arm-none-eabi/lib/thumb/libc.a(libc_a-freer.o)
                0x08004bc8                _malloc_trim_r
 .text._free_r  0x08004c74      0x1d8 /opt/devkitpro/devkitARM/bin/../lib/gcc/arm-none-eabi/13.1.0/../../../../arm-none-eabi/lib/thumb/libc.a(libc_a-freer.o)
                0x08004c74                _free_r
 .text.iprintf  0x08004e4c       0x24 /opt/devkitpro/devkitARM/bin/../lib/gcc/arm-none-eabi/13.1.0/../../../../arm-none-eabi/lib/thumb/libc.a(libc_a-iprintf.o)
                0x08004e4c                iprintf
 .text.malloc   0x08004e70       0x14 /opt/devkitpro/devkitARM/bin/../lib/gcc/arm-none-eabi/13.1.0/../../../../arm-none-eabi/lib/thumb/libc.a(libc_a-malloc.o)
                0x08004e70                malloc
 .text.free     0x08004e84       0x14 /opt/devkitpro/devkitARM/bin/../lib/gcc/arm-none-eabi/13.1.0/../../../../arm-none-eabi/lib/thumb/libc.a(libc_a-malloc.o)
                0x08004e84                free
 .text._malloc_r
                0x08004e98      0x558 /opt/devkitpro/devkitARM/bin/../lib/gcc/arm-none-eabi/13.1.0/../../../../arm-none-eabi/lib/thumb/libc.a(libc_a-mallocr.o)
                0x08004e98                _malloc_r
 .text.memset   0x080053f0       0xb0 /opt/devkitpro/devkitARM/bin/../lib/gcc/arm-none-eabi/13.1.0/../../../../arm-none-eabi/lib/thumb/libc.a(libc_a-memset.o)
                0x080053f0                memset
 .text.__malloc_lock
                0x080054a0       0x14 /opt/devkitpro/devkitARM/bin/../lib/gcc/arm-none-eabi/13.1.0/../../../../arm-none-eabi/lib/thumb/libc.a(libc_a-mlock.o)
                0x080054a0                __malloc_lock
 .text.__malloc_unlock
                0x080054b4       0x14 /opt/devkitpro/devkitARM/bin/../lib/gcc/arm-none-eabi/13.1.0/../../../../arm-none-eabi/lib/thumb/libc.a(libc_a-mlock.o)
                0x080054b4                __malloc_unlock
 .text.strlen   0x080054c8       0x60 /opt/devkitpro/devkitARM/bin/../lib/gcc/arm-none-eabi/13.1.0/../../../../arm-none-eabi/lib/thumb/libc.a(libc_a-strlen.o)
                0x080054c8                strlen
 .text.__sflush_r
                0x08005528      0x188 /opt/devkitpro/devkitARM/bin/../lib/gcc/arm-none-eabi/13.1.0/../../../../arm-none-eabi/lib/thumb/libc.a(libc_a-fflush.o)
                0x08005528                __sflush_r
 .text._fflush_r
                0x080056b0       0x70 /opt/devkitpro/devkitARM/bin/../lib/gcc/arm-none-eabi/13.1.0/../../../../arm-none-eabi/lib/thumb/libc.a(libc_a-fflush.o)
                0x080056b0                _fflush_r
 .text._fwalk_sglue
                0x08005720       0x4c /opt/devkitpro/devkitARM/bin/../lib/gcc/arm-none-eabi/13.1.0/../../../../arm-none-eabi/lib/thumb/libc.a(libc_a-fwalk.o)
                0x08005720                _fwalk_sglue
 .text.strncpy  0x0800576c       0x68 /opt/devkitpro/devkitARM/bin/../lib/gcc/arm-none-eabi/13.1.0/../../../../arm-none-eabi/lib/thumb/libc.a(libc_a-strncpy.o)
                0x0800576c                strncpy
 .text.stdio_exit_handler
                0x080057d4       0x20 /opt/devkitpro/devkitARM/bin/../lib/gcc/arm-none-eabi/13.1.0/../../../../arm-none-eabi/lib/thumb/libc.a(libc_a-findfp.o)
 .text.cleanup_stdio
                0x080057f4       0x40 /opt/devkitpro/devkitARM/bin/../lib/gcc/arm-none-eabi/13.1.0/../../../../arm-none-eabi/lib/thumb/libc.a(libc_a-findfp.o)
 .text.global_stdio_init.part.0
                0x08005834      0x128 /opt/devkitpro/devkitARM/bin/../lib/gcc/arm-none-eabi/13.1.0/../../../../arm-none-eabi/lib/thumb/libc.a(libc_a-findfp.o)
 .text.__sinit  0x0800595c       0x3c /opt/devkitpro/devkitARM/bin/../lib/gcc/arm-none-eabi/13.1.0/../../../../arm-none-eabi/lib/thumb/libc.a(libc_a-findfp.o)
                0x0800595c                __sinit
 .text.__sfp_lock_acquire
                0x08005998       0x14 /opt/devkitpro/devkitARM/bin/../lib/gcc/arm-none-eabi/13.1.0/../../../../arm-none-eabi/lib/thumb/libc.a(libc_a-findfp.o)
                0x08005998                __sfp_lock_acquire
 .text.__sfp_lock_release
                0x080059ac       0x14 /opt/devkitpro/devkitARM/bin/../lib/gcc/arm-none-eabi/13.1.0/../../../../arm-none-eabi/lib/thumb/libc.a(libc_a-findfp.o)
                0x080059ac                __sfp_lock_release
 .text._strtol_l.part.0
                0x080059c0      0x13c /opt/devkitpro/devkitARM/bin/../lib/gcc/arm-none-eabi/13.1.0/../../../../arm-none-eabi/lib/thumb/libc.a(libc_a-strtol.o)
 .text._strtol_r
                0x08005afc       0x34 /opt/devkitpro/devkitARM/bin/../lib/gcc/arm-none-eabi/13.1.0/../../../../arm-none-eabi/lib/thumb/libc.a(libc_a-strtol.o)
                0x08005afc                _strtol_r
 .text.strtol   0x08005b30       0x38 /opt/devkitpro/devkitARM/bin/../lib/gcc/arm-none-eabi/13.1.0/../../../../arm-none-eabi/lib/thumb/libc.a(libc_a-strtol.o)
                0x08005b30                strtol
 .text.realloc  0x08005b68       0x18 /opt/devkitpro/devkitARM/bin/../lib/gcc/arm-none-eabi/13.1.0/../../../../arm-none-eabi/lib/thumb/libc.a(libc_a-realloc.o)
                0x08005b68                realloc
 .text._strtoul_l.isra.0
                0x08005b80      0x144 /opt/devkitpro/devkitARM/bin/../lib/gcc/arm-none-eabi/13.1.0/../../../../arm-none-eabi/lib/thumb/libc.a(libc_a-strtoul.o)
 .text._strtoul_r
                0x08005cc4       0x20 /opt/devkitpro/devkitARM/bin/../lib/gcc/arm-none-eabi/13.1.0/../../../../arm-none-eabi/lib/thumb/libc.a(libc_a-strtoul.o)
                0x08005cc4                _strtoul_r
 .text.__locale_mb_cur_max
                0x08005ce4       0x20 /opt/devkitpro/devkitARM/bin/../lib/gcc/arm-none-eabi/13.1.0/../../../../arm-none-eabi/lib/thumb/libc.a(libc_a-locale.o)
                0x08005ce4                __locale_mb_cur_max
 .text.__utf8_wctomb
                0x08005d04       0xb4 /opt/devkitpro/devkitARM/bin/../lib/gcc/arm-none-eabi/13.1.0/../../../../arm-none-eabi/lib/thumb/libc.a(libc_a-wctomb_r.o)
                0x08005d04                __utf8_wctomb
 .text.memcpy   0x08005db8       0x90 /opt/devkitpro/devkitARM/bin/../lib/gcc/arm-none-eabi/13.1.0/../../../../arm-none-eabi/lib/thumb/libc.a(libc_a-memcpy-stub.o)
                0x08005db8                memcpy
 .text.__libc_init_array
                0x08005e48       0x54 /opt/devkitpro/devkitARM/bin/../lib/gcc/arm-none-eabi/13.1.0/../../../../arm-none-eabi/lib/thumb/libc.a(libc_a-init.o)
                0x08005e48                __libc_init_array
 .text.__errno  0x08005e9c        0xc /opt/devkitpro/devkitARM/bin/../lib/gcc/arm-none-eabi/13.1.0/../../../../arm-none-eabi/lib/thumb/libc.a(libc_a-errno.o)
                0x08005e9c                __errno
 .text._strtoll_l.isra.0
                0x08005ea8      0x19c /opt/devkitpro/devkitARM/bin/../lib/gcc/arm-none-eabi/13.1.0/../../../../arm-none-eabi/lib/thumb/libc.a(libc_a-strtoll.o)
 .text._strtoll_r
                0x08006044       0x20 /opt/devkitpro/devkitARM/bin/../lib/gcc/arm-none-eabi/13.1.0/../../../../arm-none-eabi/lib/thumb/libc.a(libc_a-strtoll.o)
                0x08006044                _strtoll_r
 .text._strtoull_l.isra.0
                0x08006064      0x1c4 /opt/devkitpro/devkitARM/bin/../lib/gcc/arm-none-eabi/13.1.0/../../../../arm-none-eabi/lib/thumb/libc.a(libc_a-strtoull.o)
 .text._strtoull_r
                0x08006228       0x20 /opt/devkitpro/devkitARM/bin/../lib/gcc/arm-none-eabi/13.1.0/../../../../arm-none-eabi/lib/thumb/libc.a(libc_a-strtoull.o)
                0x08006228                _strtoull_r
 .text.iswspace
                0x08006248       0x10 /opt/devkitpro/devkitARM/bin/../lib/gcc/arm-none-eabi/13.1.0/../../../../arm-none-eabi/lib/thumb/libc.a(libc_a-iswspace.o)
                0x08006248                iswspace
 .text._mbrtowc_r
                0x08006258       0x90 /opt/devkitpro/devkitARM/bin/../lib/gcc/arm-none-eabi/13.1.0/../../../../arm-none-eabi/lib/thumb/libc.a(libc_a-mbrtowc.o)
                0x08006258                _mbrtowc_r
 .text.__smakebuf_r
                0x080062e8       0xe8 /opt/devkitpro/devkitARM/bin/../lib/gcc/arm-none-eabi/13.1.0/../../../../arm-none-eabi/lib/thumb/libc.a(libc_a-makebuf.o)
                0x080062e8                __smakebuf_r
 .text.__swhatbuf_r
                0x080063d0       0x5c /opt/devkitpro/devkitARM/bin/../lib/gcc/arm-none-eabi/13.1.0/../../../../arm-none-eabi/lib/thumb/libc.a(libc_a-makebuf.o)
                0x080063d0                __swhatbuf_r
 .text.iswspace_l
                0x0800642c       0x28 /opt/devkitpro/devkitARM/bin/../lib/gcc/arm-none-eabi/13.1.0/../../../../arm-none-eabi/lib/thumb/libc.a(libc_a-iswspace_l.o)
                0x0800642c                iswspace_l
 .text.__sccl   0x08006454       0xa0 /opt/devkitpro/devkitARM/bin/../lib/gcc/arm-none-eabi/13.1.0/../../../../arm-none-eabi/lib/thumb/libc.a(libc_a-sccl.o)
                0x08006454                __sccl
 .text.__submore
                0x080064f4       0x88 /opt/devkitpro/devkitARM/bin/../lib/gcc/arm-none-eabi/13.1.0/../../../../arm-none-eabi/lib/thumb/libc.a(libc_a-ungetc.o)
                0x080064f4                __submore
 .text.__sread  0x0800657c       0x34 /opt/devkitpro/devkitARM/bin/../lib/gcc/arm-none-eabi/13.1.0/../../../../arm-none-eabi/lib/thumb/libc.a(libc_a-stdio.o)
                0x0800657c                __sread
 .text.__seofread
                0x080065b0        0x4 /opt/devkitpro/devkitARM/bin/../lib/gcc/arm-none-eabi/13.1.0/../../../../arm-none-eabi/lib/thumb/libc.a(libc_a-stdio.o)
                0x080065b0                __seofread
 .text.__swrite
                0x080065b4       0x4c /opt/devkitpro/devkitARM/bin/../lib/gcc/arm-none-eabi/13.1.0/../../../../arm-none-eabi/lib/thumb/libc.a(libc_a-stdio.o)
                0x080065b4                __swrite
 .text.__sseek  0x08006600       0x44 /opt/devkitpro/devkitARM/bin/../lib/gcc/arm-none-eabi/13.1.0/../../../../arm-none-eabi/lib/thumb/libc.a(libc_a-stdio.o)
                0x08006600                __sseek
 .text.__sclose
                0x08006644       0x10 /opt/devkitpro/devkitARM/bin/../lib/gcc/arm-none-eabi/13.1.0/../../../../arm-none-eabi/lib/thumb/libc.a(libc_a-stdio.o)
                0x08006644                __sclose
 .text.category
                0x08006654       0x58 /opt/devkitpro/devkitARM/bin/../lib/gcc/arm-none-eabi/13.1.0/../../../../arm-none-eabi/lib/thumb/libc.a(libc_a-categories.o)
                0x08006654                category
 .text.get_arg  0x080066ac      0x434 /opt/devkitpro/devkitARM/bin/../lib/gcc/arm-none-eabi/13.1.0/../../../../arm-none-eabi/lib/thumb/libc.a(libc_a-vfiprintf.o)
 .text.__sprint_r
                0x08006ae0       0x24 /opt/devkitpro/devkitARM/bin/../lib/gcc/arm-none-eabi/13.1.0/../../../../arm-none-eabi/lib/thumb/libc.a(libc_a-vfiprintf.o)
                0x08006ae0                __sprint_r
 .text._vfiprintf_r
                0x08006b04     0x17cc /opt/devkitpro/devkitARM/bin/../lib/gcc/arm-none-eabi/13.1.0/../../../../arm-none-eabi/lib/thumb/libc.a(libc_a-vfiprintf.o)
                0x08006b04                _vfiprintf_r
 .text.__sbprintf
                0x080082d0       0x7c /opt/devkitpro/devkitARM/bin/../lib/gcc/arm-none-eabi/13.1.0/../../../../arm-none-eabi/lib/thumb/libc.a(libc_a-vfiprintf.o)
 .text.__swsetup_r
                0x0800834c       0xcc /opt/devkitpro/devkitARM/bin/../lib/gcc/arm-none-eabi/13.1.0/../../../../arm-none-eabi/lib/thumb/libc.a(libc_a-wsetup.o)
                0x0800834c                __swsetup_r
 .text._fclose_r
                0x08008418       0xd8 /opt/devkitpro/devkitARM/bin/../lib/gcc/arm-none-eabi/13.1.0/../../../../arm-none-eabi/lib/thumb/libc.a(libc_a-fclose.o)
                0x08008418                _fclose_r
 .text.memmove  0x080084f0       0xbc /opt/devkitpro/devkitARM/bin/../lib/gcc/arm-none-eabi/13.1.0/../../../../arm-none-eabi/lib/thumb/libc.a(libc_a-memmove.o)
                0x080084f0                memmove
 .text.__sfvwrite_r
                0x080085ac      0x330 /opt/devkitpro/devkitARM/bin/../lib/gcc/arm-none-eabi/13.1.0/../../../../arm-none-eabi/lib/thumb/libc.a(libc_a-fvwrite.o)
                0x080085ac                __sfvwrite_r
 .text._realloc_r
                0x080088dc      0x384 /opt/devkitpro/devkitARM/bin/../lib/gcc/arm-none-eabi/13.1.0/../../../../arm-none-eabi/lib/thumb/libc.a(libc_a-reallocr.o)
                0x080088dc                _realloc_r
 .text.__utf8_mbtowc
                0x08008c60      0x27c /opt/devkitpro/devkitARM/bin/../lib/gcc/arm-none-eabi/13.1.0/../../../../arm-none-eabi/lib/thumb/libc.a(libc_a-mbtowc_r.o)
                0x08008c60                __utf8_mbtowc
 .text._localeconv_r
                0x08008edc       0x1c /opt/devkitpro/devkitARM/bin/../lib/gcc/arm-none-eabi/13.1.0/../../../../arm-none-eabi/lib/thumb/libc.a(libc_a-localeconv.o)
                0x08008edc                _localeconv_r
 .text.memchr   0x08008ef8       0x78 /opt/devkitpro/devkitARM/bin/../lib/gcc/arm-none-eabi/13.1.0/../../../../arm-none-eabi/lib/thumb/libc.a(libc_a-memchr-stub.o)
                0x08008ef8                memchr
 .text._wcrtomb_r
                0x08008f70       0x84 /opt/devkitpro/devkitARM/bin/../lib/gcc/arm-none-eabi/13.1.0/../../../../arm-none-eabi/lib/thumb/libc.a(libc_a-wcrtomb.o)
                0x08008f70                _wcrtomb_r
 .text._wcsrtombs_r
                0x08008ff4       0x1c /opt/devkitpro/devkitARM/bin/../lib/gcc/arm-none-eabi/13.1.0/../../../../arm-none-eabi/lib/thumb/libc.a(libc_a-wcsrtombs.o)
                0x08008ff4                _wcsrtombs_r
 .text._wcsnrtombs_l
                0x08009010      0x11c /opt/devkitpro/devkitARM/bin/../lib/gcc/arm-none-eabi/13.1.0/../../../../arm-none-eabi/lib/thumb/libc.a(libc_a-wcsnrtombs.o)
                0x08009010                _wcsnrtombs_l
 .text._wcsnrtombs_r
                0x0800912c       0x40 /opt/devkitpro/devkitARM/bin/../lib/gcc/arm-none-eabi/13.1.0/../../../../arm-none-eabi/lib/thumb/libc.a(libc_a-wcsnrtombs.o)
                0x0800912c                _wcsnrtombs_r
 .text._fstat_r
                0x0800916c       0x4c /opt/devkitpro/devkitARM/bin/../lib/gcc/arm-none-eabi/13.1.0/../../../../arm-none-eabi/lib/thumb/libsysbase.a(libsysbase_libsysbase_a-fstat.o)
                0x0800916c                _fstat_r
 .text.__getreent
                0x080091b8       0x20 /opt/devkitpro/devkitARM/bin/../lib/gcc/arm-none-eabi/13.1.0/../../../../arm-none-eabi/lib/thumb/libsysbase.a(libsysbase_libsysbase_a-getreent.o)
                0x080091b8                __getreent
 .text.__get_handle
                0x080091d8       0x34 /opt/devkitpro/devkitARM/bin/../lib/gcc/arm-none-eabi/13.1.0/../../../../arm-none-eabi/lib/thumb/libsysbase.a(libsysbase_libsysbase_a-handle_manager.o)
                0x080091d8                __get_handle
 .text._close_r
                0x0800920c       0xb8 /opt/devkitpro/devkitARM/bin/../lib/gcc/arm-none-eabi/13.1.0/../../../../arm-none-eabi/lib/thumb/libsysbase.a(libsysbase_libsysbase_a-handle_manager.o)
                0x0800920c                _close_r
 .text.null_write
                0x080092c4        0x4 /opt/devkitpro/devkitARM/bin/../lib/gcc/arm-none-eabi/13.1.0/../../../../arm-none-eabi/lib/thumb/libsysbase.a(libsysbase_libsysbase_a-iosupport.o)
 .text._isatty_r
                0x080092c8        0x4 /opt/devkitpro/devkitARM/bin/../lib/gcc/arm-none-eabi/13.1.0/../../../../arm-none-eabi/lib/thumb/libsysbase.a(libsysbase_libsysbase_a-isatty.o)
                0x080092c8                _isatty_r
 .text._lseek_r
                0x080092cc       0x5c /opt/devkitpro/devkitARM/bin/../lib/gcc/arm-none-eabi/13.1.0/../../../../arm-none-eabi/lib/thumb/libsysbase.a(libsysbase_libsysbase_a-lseek.o)
                0x080092cc                _lseek_r
 .text._read_r  0x08009328       0x50 /opt/devkitpro/devkitARM/bin/../lib/gcc/arm-none-eabi/13.1.0/../../../../arm-none-eabi/lib/thumb/libsysbase.a(libsysbase_libsysbase_a-read.o)
                0x08009328                _read_r
 .text._sbrk_r  0x08009378       0x54 /opt/devkitpro/devkitARM/bin/../lib/gcc/arm-none-eabi/13.1.0/../../../../arm-none-eabi/lib/thumb/libsysbase.a(libsysbase_libsysbase_a-sbrk.o)
                0x08009378                _sbrk_r
 .text.__libc_lock_acquire
                0x080093cc       0x18 /opt/devkitpro/devkitARM/bin/../lib/gcc/arm-none-eabi/13.1.0/../../../../arm-none-eabi/lib/thumb/libsysbase.a(libsysbase_libsysbase_a-syscall_support.o)
                0x080093cc                __libc_lock_acquire
 .text.__libc_lock_release
                0x080093e4       0x18 /opt/devkitpro/devkitARM/bin/../lib/gcc/arm-none-eabi/13.1.0/../../../../arm-none-eabi/lib/thumb/libsysbase.a(libsysbase_libsysbase_a-syscall_support.o)
                0x080093e4                __libc_lock_release
 .text.__libc_lock_acquire_recursive
                0x080093fc       0x18 /opt/devkitpro/devkitARM/bin/../lib/gcc/arm-none-eabi/13.1.0/../../../../arm-none-eabi/lib/thumb/libsysbase.a(libsysbase_libsysbase_a-syscall_support.o)
                0x080093fc                __libc_lock_acquire_recursive
 .text.__libc_lock_release_recursive
                0x08009414       0x18 /opt/devkitpro/devkitARM/bin/../lib/gcc/arm-none-eabi/13.1.0/../../../../arm-none-eabi/lib/thumb/libsysbase.a(libsysbase_libsysbase_a-syscall_support.o)
                0x08009414                __libc_lock_release_recursive
 .text._write_r
                0x0800942c       0x50 /opt/devkitpro/devkitARM/bin/../lib/gcc/arm-none-eabi/13.1.0/../../../../arm-none-eabi/lib/thumb/libsysbase.a(libsysbase_libsysbase_a-write.o)
                0x0800942c                _write_r
 .text          0x0800947c       0x14 /opt/devkitpro/devkitARM/bin/../lib/gcc/arm-none-eabi/13.1.0/thumb/libgcc.a(_thumb1_case_uqi.o)
                0x0800947c                __gnu_thumb1_case_uqi
 .text          0x08009490       0x14 /opt/devkitpro/devkitARM/bin/../lib/gcc/arm-none-eabi/13.1.0/thumb/libgcc.a(_thumb1_case_uhi.o)
                0x08009490                __gnu_thumb1_case_uhi
 .text          0x080094a4      0x11c /opt/devkitpro/devkitARM/bin/../lib/gcc/arm-none-eabi/13.1.0/thumb/libgcc.a(_udivsi3.o)
                0x080094a4                __udivsi3
                0x080094a4                __aeabi_uidiv
                0x080095a0                __aeabi_uidivmod
 .text          0x080095c0       0x3c /opt/devkitpro/devkitARM/bin/../lib/gcc/arm-none-eabi/13.1.0/thumb/libgcc.a(_aeabi_uldivmod.o)
                0x080095c0                __aeabi_uldivmod
 .text.__muldi3
                0x080095fc       0x64 /opt/devkitpro/devkitARM/bin/../lib/gcc/arm-none-eabi/13.1.0/thumb/libgcc.a(_muldi3.o)
                0x080095fc                __aeabi_lmul
                0x080095fc                __muldi3
 .text.__udivmoddi4
                0x08009660      0x19c /opt/devkitpro/devkitARM/bin/../lib/gcc/arm-none-eabi/13.1.0/thumb/libgcc.a(_udivmoddi4.o)
                0x08009660                __udivmoddi4
 .text          0x080097fc       0x28 /opt/devkitpro/devkitARM/bin/../lib/gcc/arm-none-eabi/13.1.0/thumb/libgcc.a(_clzdi2.o)
                0x080097fc                __clzdi2
 .text          0x08009824       0x48 /opt/devkitpro/devkitARM/bin/../lib/gcc/arm-none-eabi/13.1.0/thumb/libgcc.a(_clzsi2.o)
                0x08009824                __clzsi2
 *fill*         0x0800986c        0x4 ff
 .text.__stub   0x08009870       0x4c linker stubs
 *(.gnu.linkonce.t.*)
 *(.text.*personality*)
 *(.gnu.warning)
 *(.glue_7t)
 .glue_7t       0x080098c8        0x0 linker stubs
 *(.glue_7)
 .glue_7        0x080098c8        0x0 linker stubs
 *(.vfp11_veneer)
 .vfp11_veneer  0x080098c8        0x0 linker stubs
                0x080098c8                        . = ALIGN (0x4)
                0x080098c8                        __text_end = .

.v4_bx          0x080098c8        0x0
 .v4_bx         0x080098c8        0x0 linker stubs

.iplt           0x080098c8        0x0
 .iplt          0x080098c8        0x0 /opt/devkitpro/devkitARM/bin/../lib/gcc/arm-none-eabi/13.1.0/../../../../arm-none-eabi/lib/thumb/gba_crt0.o

.fini           0x080098c8        0xc
 *(.fini)
 .fini          0x080098c8        0x4 /opt/devkitpro/devkitARM/bin/../lib/gcc/arm-none-eabi/13.1.0/thumb/crti.o
                0x080098c8                _fini
 .fini          0x080098cc        0x8 /opt/devkitpro/devkitARM/bin/../lib/gcc/arm-none-eabi/13.1.0/thumb/crtn.o
                0x080098d4                        . = ALIGN (0x4)

.rodata         0x080098d4    0x12e54
 *(.rodata)
 .rodata        0x080098d4       0x70 link.o
                0x080098d4                cLinkObjs
                0x080098ec                cLookDirs
                0x080098f0                cLinkStand
                0x080098f4                cLinkShadow
                0x080098fc                cLinkHeadYs
                0x08009914                cLinkHeadIds
                0x0800992c                cLinkBodyIds
 .rodata        0x08009944     0x9930 kakariko.o
                0x08009944                kakarikoPal
                0x08009b44                kakarikoTiles
                0x0800b274                kakarikoMap
 .rodata        0x08013274      0xc20 link_gfx.o
                0x08013274                link_gfxPal
                0x08013294                link_gfxTiles
 .rodata        0x08013e94       0x38 /home/okizame/dev/gba_study/tonc/code/lab/bigmap/../../tonclib/lib/libtonc.a(tonc_irq.o)
 .rodata        0x08013ecc      0x19c /home/okizame/dev/gba_study/tonc/code/lab/bigmap/../../tonclib/lib/libtonc.a(tte_iohook.o)
                0x08013fa0                tte_dotab_stdout
                0x08014004                tte_dotab_nocash
 .rodata        0x08014068      0x1f0 /home/okizame/dev/gba_study/tonc/code/lab/bigmap/../../tonclib/lib/libtonc.a(tte_main.o)
 .rodata        0x08014258      0x318 /home/okizame/dev/gba_study/tonc/code/lab/bigmap/../../tonclib/lib/libtonc.a(sys8.o)
                0x08014258                sys8Font
                0x08014270                sys8Glyphs
 .rodata        0x08014570      0xef8 /home/okizame/dev/gba_study/tonc/code/lab/bigmap/../../tonclib/lib/libtonc.a(verdana9.o)
                0x08014570                verdana9Font
                0x08014588                verdana9Glyphs
                0x08015388                verdana9Widths
 .rodata        0x08015468     0x38f8 /home/okizame/dev/gba_study/tonc/code/lab/bigmap/../../tonclib/lib/libtonc.a(verdana9_b4.o)
                0x08015468                verdana9_b4Font
                0x08015480                verdana9_b4Glyphs
                0x08018c80                verdana9_b4Widths
 .rodata        0x08018d60       0x1c /home/okizame/dev/gba_study/tonc/code/lab/bigmap/../../tonclib/lib/libtonc.a(tonc_surface.o)
 *all.rodata*(*)
 *(.roda)
 *(.rodata.*)
 .rodata.str1.4
                0x08018d7c       0x2b bigmap.o
 *fill*         0x08018da7        0x1 ff
 .rodata.str1.4
                0x08018da8       0x3b /home/okizame/dev/gba_study/tonc/code/lab/bigmap/../../tonclib/lib/libtonc.a(tte_iohook.o)
                                 0x3c (size before relaxing)
 *fill*         0x08018de3        0x1 ff
 .rodata.basefix.0
                0x08018de4       0x22 /opt/devkitpro/devkitARM/bin/../lib/gcc/arm-none-eabi/13.1.0/../../../../arm-none-eabi/lib/thumb/libc.a(libc_a-svfiscanf.o)
 *fill*         0x08018e06        0x2 ff
 .rodata.str1.4
                0x08018e08       0x48 /opt/devkitpro/devkitARM/bin/../lib/gcc/arm-none-eabi/13.1.0/../../../../arm-none-eabi/lib/thumb/libc.a(libc_a-locale.o)
                                 0x4c (size before relaxing)
 .rodata._mbrtowc_r.str1.4
                0x08018e50        0x1 /opt/devkitpro/devkitARM/bin/../lib/gcc/arm-none-eabi/13.1.0/../../../../arm-none-eabi/lib/thumb/libc.a(libc_a-mbrtowc.o)
 .rodata._ctype_
                0x08018e50      0x101 /opt/devkitpro/devkitARM/bin/../lib/gcc/arm-none-eabi/13.1.0/../../../../arm-none-eabi/lib/thumb/libc.a(libc_a-ctype_.o)
                0x08018e50                _ctype_
 *fill*         0x08018f51        0x3 ff
 .rodata.categories
                0x08018f54     0x3528 /opt/devkitpro/devkitARM/bin/../lib/gcc/arm-none-eabi/13.1.0/../../../../arm-none-eabi/lib/thumb/libc.a(libc_a-categories.o)
 .rodata._vfiprintf_r.str1.1
                0x0801c47c       0x29 /opt/devkitpro/devkitARM/bin/../lib/gcc/arm-none-eabi/13.1.0/../../../../arm-none-eabi/lib/thumb/libc.a(libc_a-vfiprintf.o)
 *fill*         0x0801c4a5        0x3 ff
 .rodata.zeroes.0
                0x0801c4a8       0x10 /opt/devkitpro/devkitARM/bin/../lib/gcc/arm-none-eabi/13.1.0/../../../../arm-none-eabi/lib/thumb/libc.a(libc_a-vfiprintf.o)
 .rodata.blanks.1
                0x0801c4b8       0x10 /opt/devkitpro/devkitARM/bin/../lib/gcc/arm-none-eabi/13.1.0/../../../../arm-none-eabi/lib/thumb/libc.a(libc_a-vfiprintf.o)
 .rodata.__action_table
                0x0801c4c8       0x6c /opt/devkitpro/devkitARM/bin/../lib/gcc/arm-none-eabi/13.1.0/../../../../arm-none-eabi/lib/thumb/libc.a(libc_a-svfiprintf.o)
                0x0801c4c8                __action_table
 .rodata.__state_table
                0x0801c534       0x6c /opt/devkitpro/devkitARM/bin/../lib/gcc/arm-none-eabi/13.1.0/../../../../arm-none-eabi/lib/thumb/libc.a(libc_a-svfiprintf.o)
                0x0801c534                __state_table
 .rodata.__chclass
                0x0801c5a0      0x100 /opt/devkitpro/devkitARM/bin/../lib/gcc/arm-none-eabi/13.1.0/../../../../arm-none-eabi/lib/thumb/libc.a(libc_a-svfiprintf.o)
                0x0801c5a0                __chclass
 .rodata.AddDevice.str1.4
                0x0801c6a0        0x8 /opt/devkitpro/devkitARM/bin/../lib/gcc/arm-none-eabi/13.1.0/../../../../arm-none-eabi/lib/thumb/libsysbase.a(libsysbase_libsysbase_a-iosupport.o)
 .rodata.dotab_stdnull
                0x0801c6a8       0x80 /opt/devkitpro/devkitARM/bin/../lib/gcc/arm-none-eabi/13.1.0/../../../../arm-none-eabi/lib/thumb/libsysbase.a(libsysbase_libsysbase_a-iosupport.o)
                0x0801c6a8                dotab_stdnull
 *(.gnu.linkonce.r*)
                0x0801c728                        . = ALIGN (0x4)

.ARM.extab
 *(.ARM.extab* .gnu.linkonce.armextab.*)
                0x0801c728                        __exidx_start = .

.ARM.exidx
 *(.ARM.exidx* .gnu.linkonce.armexidx.*)
                0x0801c728                        __exidx_end = .

.ctors          0x0801c728        0x0
 *crtbegin.o(.ctors)
 *(EXCLUDE_FILE(*crtend.o) .ctors)
 *(SORT_BY_NAME(.ctors.*))
 *(.ctors)
                0x0801c728                        . = ALIGN (0x4)

.dtors          0x0801c728        0x0
 *crtbegin.o(.dtors)
 *(EXCLUDE_FILE(*crtend.o) .dtors)
 *(SORT_BY_NAME(.dtors.*))
 *(.dtors)
                0x0801c728                        . = ALIGN (0x4)

.eh_frame       0x0801c728        0x4
 *(.eh_frame)
 .eh_frame      0x0801c728        0x0 /opt/devkitpro/devkitARM/bin/../lib/gcc/arm-none-eabi/13.1.0/thumb/crtbegin.o
 .eh_frame      0x0801c728        0x4 /opt/devkitpro/devkitARM/bin/../lib/gcc/arm-none-eabi/13.1.0/thumb/crtend.o
                0x0801c72c                        . = ALIGN (0x4)

.gcc_except_table
                0x0801c72c        0x0
 *(.gcc_except_table)
                0x0801c72c                        . = ALIGN (0x4)
                0x0801c72c                        __iwram_lma = .

.iwram          0x03000000      0x228 load address 0x0801c72c
                0x03000000                        __iwram_start__ = ABSOLUTE (.)
 *(.iwram .iwram*)
 .iwram         0x03000000       0xa4 /home/okizame/dev/gba_study/tonc/code/lab/bigmap/../../tonclib/lib/libtonc.a(tonc_isr_master.o)
                0x03000000                isr_master
 .iwram         0x030000a4       0x38 /home/okizame/dev/gba_study/tonc/code/lab/bigmap/../../tonclib/lib/libtonc.a(tonc_memcpy.o)
                0x030000a4                memcpy32
 .iwram         0x030000dc       0x4c /home/okizame/dev/gba_study/tonc/code/lab/bigmap/../../tonclib/lib/libtonc.a(tonc_memset.o)
                0x030000dc                memset32
 .iwram         0x03000128      0x100 /home/okizame/dev/gba_study/tonc/code/lab/bigmap/../../tonclib/lib/libtonc.a(chr4c_drawg_b4cts_fast.o)
                0x03000128                chr4c_drawg_b4cts_fast
 *iwram.*(.text* .data*)
                0x03000228                        . = ALIGN (0x4)
                0x03000228                        __iwram_end__ = ABSOLUTE (.)
                0x0801c954                        __data_lma = (__iwram_lma + SIZEOF (.iwram))

.bss            0x03000228      0x6e4
                0x03000228                        __bss_start = ABSOLUTE (.)
                0x03000228                        __bss_start__ = ABSOLUTE (.)
 *(.dynbss)
 *(.gnu.linkonce.b*)
 *(.bss*)
 .bss.completed.1
                0x03000228        0x1 /opt/devkitpro/devkitARM/bin/../lib/gcc/arm-none-eabi/13.1.0/thumb/crtbegin.o
 *fill*         0x03000229        0x3 
 .bss.object.0  0x0300022c       0x18 /opt/devkitpro/devkitARM/bin/../lib/gcc/arm-none-eabi/13.1.0/thumb/crtbegin.o
 .bss           0x03000244      0x434 bigmap.o
                0x03000244                g_bg
                0x03000260                g_link
                0x03000278                obj_buffer
 .bss           0x03000678        0x4 /home/okizame/dev/gba_study/tonc/code/lab/bigmap/../../tonclib/lib/libtonc.a(tonc_input.o)
                0x03000678                __key_curr
                0x0300067a                __key_prev
 .bss           0x0300067c        0x4 /home/okizame/dev/gba_study/tonc/code/lab/bigmap/../../tonclib/lib/libtonc.a(tte_iohook.o)
 .bss.__malloc_current_mallinfo
                0x03000680       0x28 /opt/devkitpro/devkitARM/bin/../lib/gcc/arm-none-eabi/13.1.0/../../../../arm-none-eabi/lib/thumb/libc.a(libc_a-mallocr.o)
                0x03000680                __malloc_current_mallinfo
 .bss.__malloc_max_total_mem
                0x030006a8        0x4 /opt/devkitpro/devkitARM/bin/../lib/gcc/arm-none-eabi/13.1.0/../../../../arm-none-eabi/lib/thumb/libc.a(libc_a-mallocr.o)
                0x030006a8                __malloc_max_total_mem
 .bss.__malloc_max_sbrked_mem
                0x030006ac        0x4 /opt/devkitpro/devkitARM/bin/../lib/gcc/arm-none-eabi/13.1.0/../../../../arm-none-eabi/lib/thumb/libc.a(libc_a-mallocr.o)
                0x030006ac                __malloc_max_sbrked_mem
 .bss.__malloc_top_pad
                0x030006b0        0x4 /opt/devkitpro/devkitARM/bin/../lib/gcc/arm-none-eabi/13.1.0/../../../../arm-none-eabi/lib/thumb/libc.a(libc_a-mallocr.o)
                0x030006b0                __malloc_top_pad
 .bss.__malloc_recursive_mutex
                0x030006b4        0xc /opt/devkitpro/devkitARM/bin/../lib/gcc/arm-none-eabi/13.1.0/../../../../arm-none-eabi/lib/thumb/libc.a(libc_a-mlock.o)
 .bss.__sfp_recursive_mutex
                0x030006c0        0xc /opt/devkitpro/devkitARM/bin/../lib/gcc/arm-none-eabi/13.1.0/../../../../arm-none-eabi/lib/thumb/libc.a(libc_a-findfp.o)
 *fill*         0x030006cc        0x4 
 .bss.__sf      0x030006d0      0x168 /opt/devkitpro/devkitARM/bin/../lib/gcc/arm-none-eabi/13.1.0/../../../../arm-none-eabi/lib/thumb/libc.a(libc_a-findfp.o)
                0x030006d0                __sf
 .bss.__stdio_exit_handler
                0x03000838        0x4 /opt/devkitpro/devkitARM/bin/../lib/gcc/arm-none-eabi/13.1.0/../../../../arm-none-eabi/lib/thumb/libc.a(libc_a-findfp.o)
                0x03000838                __stdio_exit_handler
 .bss.__hndl_lock
                0x0300083c        0x4 /opt/devkitpro/devkitARM/bin/../lib/gcc/arm-none-eabi/13.1.0/../../../../arm-none-eabi/lib/thumb/libsysbase.a(libsysbase_libsysbase_a-handle_manager.o)
 .bss.fake_heap_start
                0x03000840        0x4 /opt/devkitpro/devkitARM/bin/../lib/gcc/arm-none-eabi/13.1.0/../../../../arm-none-eabi/lib/thumb/libsysbase.a(libsysbase_libsysbase_a-malloc_vars.o)
                0x03000840                fake_heap_start
 .bss.fake_heap_end
                0x03000844        0x4 /opt/devkitpro/devkitARM/bin/../lib/gcc/arm-none-eabi/13.1.0/../../../../arm-none-eabi/lib/thumb/libsysbase.a(libsysbase_libsysbase_a-malloc_vars.o)
                0x03000844                fake_heap_end
 .bss.heap_start.0
                0x03000848        0x4 /opt/devkitpro/devkitARM/bin/../lib/gcc/arm-none-eabi/13.1.0/../../../../arm-none-eabi/lib/thumb/libsysbase.a(libsysbase_libsysbase_a-sbrk.o)
 *(COMMON)
 COMMON         0x0300084c       0x78 /home/okizame/dev/gba_study/tonc/code/lab/bigmap/../../tonclib/lib/libtonc.a(tonc_irq.o)
                0x0300084c                __isr_table
 COMMON         0x030008c4       0x48 /home/okizame/dev/gba_study/tonc/code/lab/bigmap/../../tonclib/lib/libtonc.a(tte_main.o)
                0x030008c4                __tte_main_context
                0x0300090c                        . = ALIGN (0x4)
                0x0300090c                        __bss_end__ = ABSOLUTE (.)

.data           0x0300090c     0x178c load address 0x0801c954
                0x0300090c                        __data_start__ = ABSOLUTE (.)
 *(.data*)
 .data          0x0300090c       0x20 bigmap.o
                0x0300090c                g_vp
 .data          0x0300092c        0x8 /home/okizame/dev/gba_study/tonc/code/lab/bigmap/../../tonclib/lib/libtonc.a(tonc_input.o)
                0x0300092c                __key_rpt
 .data          0x03000934        0x4 /home/okizame/dev/gba_study/tonc/code/lab/bigmap/../../tonclib/lib/libtonc.a(tte_main.o)
                0x03000934                gp_tte_context
 .data.__malloc_sbrk_base
                0x03000938        0x4 /opt/devkitpro/devkitARM/bin/../lib/gcc/arm-none-eabi/13.1.0/../../../../arm-none-eabi/lib/thumb/libc.a(libc_a-mallocr.o)
                0x03000938                __malloc_sbrk_base
 .data.__malloc_trim_threshold
                0x0300093c        0x4 /opt/devkitpro/devkitARM/bin/../lib/gcc/arm-none-eabi/13.1.0/../../../../arm-none-eabi/lib/thumb/libc.a(libc_a-mallocr.o)
                0x0300093c                __malloc_trim_threshold
 .data.__malloc_av_
                0x03000940      0x408 /opt/devkitpro/devkitARM/bin/../lib/gcc/arm-none-eabi/13.1.0/../../../../arm-none-eabi/lib/thumb/libc.a(libc_a-mallocr.o)
                0x03000940                __malloc_av_
 .data.__sglue  0x03000d48        0xc /opt/devkitpro/devkitARM/bin/../lib/gcc/arm-none-eabi/13.1.0/../../../../arm-none-eabi/lib/thumb/libc.a(libc_a-findfp.o)
                0x03000d48                __sglue
 .data.__global_locale
                0x03000d54      0x16c /opt/devkitpro/devkitARM/bin/../lib/gcc/arm-none-eabi/13.1.0/../../../../arm-none-eabi/lib/thumb/libc.a(libc_a-locale.o)
                0x03000d54                __global_locale
 .data._impure_ptr
                0x03000ec0        0x4 /opt/devkitpro/devkitARM/bin/../lib/gcc/arm-none-eabi/13.1.0/../../../../arm-none-eabi/lib/thumb/libc.a(libc_a-impure.o)
                0x03000ec0                _impure_ptr
 *fill*         0x03000ec4        0x4 ff
 .data._impure_data
                0x03000ec8      0x120 /opt/devkitpro/devkitARM/bin/../lib/gcc/arm-none-eabi/13.1.0/../../../../arm-none-eabi/lib/thumb/libc.a(libc_a-impure.o)
                0x03000ec8                _impure_data
 .data.handles  0x03000fe8     0x1000 /opt/devkitpro/devkitARM/bin/../lib/gcc/arm-none-eabi/13.1.0/../../../../arm-none-eabi/lib/thumb/libsysbase.a(libsysbase_libsysbase_a-handle_manager.o)
 .data.__stderr_handle
                0x03001fe8        0xc /opt/devkitpro/devkitARM/bin/../lib/gcc/arm-none-eabi/13.1.0/../../../../arm-none-eabi/lib/thumb/libsysbase.a(libsysbase_libsysbase_a-handle_manager.o)
 .data.__stdout_handle
                0x03001ff4        0xc /opt/devkitpro/devkitARM/bin/../lib/gcc/arm-none-eabi/13.1.0/../../../../arm-none-eabi/lib/thumb/libsysbase.a(libsysbase_libsysbase_a-handle_manager.o)
 .data.__stdin_handle
                0x03002000        0xc /opt/devkitpro/devkitARM/bin/../lib/gcc/arm-none-eabi/13.1.0/../../../../arm-none-eabi/lib/thumb/libsysbase.a(libsysbase_libsysbase_a-handle_manager.o)
 .data.devoptab_list
                0x0300200c       0x8c /opt/devkitpro/devkitARM/bin/../lib/gcc/arm-none-eabi/13.1.0/../../../../arm-none-eabi/lib/thumb/libsysbase.a(libsysbase_libsysbase_a-iosupport.o)
                0x0300200c                devoptab_list
 *(.gnu.linkonce.d*)
                0x03002098                        . = ALIGN (0x4)
                0x0801e0e0                        __preinit_lma = (__data_lma + SIZEOF (.data))

.igot.plt       0x03002098        0x0 load address 0x0801e0e0
 .igot.plt      0x03002098        0x0 /opt/devkitpro/devkitARM/bin/../lib/gcc/arm-none-eabi/13.1.0/../../../../arm-none-eabi/lib/thumb/gba_crt0.o

.preinit_array  0x03002098        0x0 load address 0x0801e0e0
                0x03002098                        __preinit_array_start = ABSOLUTE (.)
 *(.preinit_array)
                0x03002098                        __preinit_array_end = ABSOLUTE (.)
                0x0801e0e0                        __init_lma = (__preinit_lma + SIZEOF (.preinit_array))

.init_array     0x03002098        0x4 load address 0x0801e0e0
                0x03002098                        __init_array_start = ABSOLUTE (.)
 *(SORT_BY_NAME(.init_array.*))
 *(.init_array)
 .init_array    0x03002098        0x4 /opt/devkitpro/devkitARM/bin/../lib/gcc/arm-none-eabi/13.1.0/thumb/crtbegin.o
                0x0300209c                        __init_array_end = ABSOLUTE (.)
                0x0801e0e4                        __fini_lma = (__init_lma + SIZEOF (.init_array))

.fini_array     0x0300209c        0x4 load address 0x0801e0e4
                0x0300209c                        __fini_array_start = ABSOLUTE (.)
 *(SORT_BY_NAME(.fini_array.*))
 *(.fini_array)
 .fini_array    0x0300209c        0x4 /opt/devkitpro/devkitARM/bin/../lib/gcc/arm-none-eabi/13.1.0/thumb/crtbegin.o
                0x030020a0                        __fini_array_end = ABSOLUTE (.)
                0x0801e0e8                        __jcr_lma = (__fini_lma + SIZEOF (.fini_array))

.jcr
 *(.jcr)
                0x030020a0                        __data_end__ = ABSOLUTE (.)
                0x0801e0e8                        __iwram_overlay_lma = (__jcr_lma + SIZEOF (.jcr))
                0x030020a0                        __iwram_overlay_start = .

.iwram0         0x030020a0        0x0 load address 0x0801e0e8
 *(.iwram0)
                0x030020a0                        . = ALIGN (0x4)
                0x0801e0e8                        PROVIDE (__load_start_iwram0 = LOADADDR (.iwram0))
                0x0801e0e8                        PROVIDE (__load_stop_iwram0 = (LOADADDR (.iwram0) + SIZEOF (.iwram0)))

.iwram1         0x030020a0        0x0
 *(.iwram1)
                0x030020a0                        . = ALIGN (0x4)
                [!provide]                        PROVIDE (__load_start_iwram1 = LOADADDR (.iwram1))
                [!provide]                        PROVIDE (__load_stop_iwram1 = (LOADADDR (.iwram1) + SIZEOF (.iwram1)))

.iwram2         0x030020a0        0x0
 *(.iwram2)
                0x030020a0                        . = ALIGN (0x4)
                [!provide]                        PROVIDE (__load_start_iwram2 = LOADADDR (.iwram2))
                [!provide]                        PROVIDE (__load_stop_iwram2 = (LOADADDR (.iwram2) + SIZEOF (.iwram2)))

.iwram3         0x030020a0        0x0
 *(.iwram3)
                0x030020a0                        . = ALIGN (0x4)
                [!provide]                        PROVIDE (__load_start_iwram3 = LOADADDR (.iwram3))
                [!provide]                        PROVIDE (__load_stop_iwram3 = (LOADADDR (.iwram3) + SIZEOF (.iwram3)))

.iwram4         0x030020a0        0x0
 *(.iwram4)
                0x030020a0                        . = ALIGN (0x4)
                [!provide]                        PROVIDE (__load_start_iwram4 = LOADADDR (.iwram4))
                [!provide]                        PROVIDE (__load_stop_iwram4 = (LOADADDR (.iwram4) + SIZEOF (.iwram4)))

.iwram5         0x030020a0        0x0
 *(.iwram5)
                0x030020a0                        . = ALIGN (0x4)
                [!provide]                        PROVIDE (__load_start_iwram5 = LOADADDR (.iwram5))
                [!provide]                        PROVIDE (__load_stop_iwram5 = (LOADADDR (.iwram5) + SIZEOF (.iwram5)))

.iwram6         0x030020a0        0x0
 *(.iwram6)
                0x030020a0                        . = ALIGN (0x4)
                [!provide]                        PROVIDE (__load_start_iwram6 = LOADADDR (.iwram6))
                [!provide]                        PROVIDE (__load_stop_iwram6 = (LOADADDR (.iwram6) + SIZEOF (.iwram6)))

.iwram7         0x030020a0        0x0
 *(.iwram7)
                0x030020a0                        . = ALIGN (0x4)
                [!provide]                        PROVIDE (__load_start_iwram7 = LOADADDR (.iwram7))
                [!provide]                        PROVIDE (__load_stop_iwram7 = (LOADADDR (.iwram7) + SIZEOF (.iwram7)))

.iwram8         0x030020a0        0x0
 *(.iwram8)
                0x030020a0                        . = ALIGN (0x4)
                [!provide]                        PROVIDE (__load_start_iwram8 = LOADADDR (.iwram8))
                [!provide]                        PROVIDE (__load_stop_iwram8 = (LOADADDR (.iwram8) + SIZEOF (.iwram8)))

.iwram9         0x030020a0        0x0
 *(.iwram9)
                0x030020a0                        . = ALIGN (0x4)
                [!provide]                        PROVIDE (__load_start_iwram9 = LOADADDR (.iwram9))
                [!provide]                        PROVIDE (__load_stop_iwram9 = (LOADADDR (.iwram9) + SIZEOF (.iwram9)))
                0x030020a0                        __iwram_overlay_end = .
                0x0801e0e8                        __ewram_lma = (__iwram_overlay_lma + (__iwram_overlay_end - __iwram_overlay_start))
                0x030020a0                        __iheap_start = .
                0x02000000                        __ewram_start = ORIGIN (ewram)

.ewram          0x02000000       0x5c load address 0x0801e0e8
 *(.ewram*)
 .ewram         0x02000000       0x5c /home/okizame/dev/gba_study/tonc/code/lab/bigmap/../../tonclib/lib/libtonc.a(tonc_nocash.o)
                0x02000000                nocash_message
                0x02000008                nocash_buffer
                0x0200005c                        . = ALIGN (0x4)
                0x0200005c                        __ewram_end = ABSOLUTE (.)
                0x0801e144                        __pad_lma = (__ewram_lma + SIZEOF (.ewram))

.sbss           0x0200005c        0x0
                0x0200005c                        __sbss_start__ = ABSOLUTE (.)
 *(.sbss*)
                0x0200005c                        . = ALIGN (0x4)
                0x0200005c                        __sbss_end__ = ABSOLUTE (.)
                0x0200005c                        __end__ = ABSOLUTE (.)
                0x0200005c                        __eheap_start = ABSOLUTE (.)

.pad            0x0200005c        0x8 load address 0x0801e144
                0x0200005c        0x4 LONG 0x52416b64
                0x02000060        0x4 LONG 0x4d
                0x02000064                        . = ALIGN (0x4)
                0x0801e14c                        __rom_end__ = (__pad_lma + SIZEOF (.pad))

.rel.dyn        0x02000064        0x0 load address 0x0801e14c
 .rel.iplt      0x02000064        0x0 /opt/devkitpro/devkitARM/bin/../lib/gcc/arm-none-eabi/13.1.0/../../../../arm-none-eabi/lib/thumb/gba_crt0.o

.stab
 *(.stab)

.stabstr
 *(.stabstr)

.stab.excl
 *(.stab.excl)

.stab.exclstr
 *(.stab.exclstr)

.stab.index
 *(.stab.index)

.stab.indexstr
 *(.stab.indexstr)

.comment        0x00000000       0x45
 *(.comment)
 .comment       0x00000000       0x23 /opt/devkitpro/devkitARM/bin/../lib/gcc/arm-none-eabi/13.1.0/thumb/crtbegin.o
                                 0x24 (size before relaxing)
 .comment       0x00000023       0x24 bigmap.o
 .comment       0x00000023       0x24 link.o
 .comment       0x00000023       0x22 /home/okizame/dev/gba_study/tonc/code/lab/bigmap/../../tonclib/lib/libtonc.a(tonc_input.o)
                                 0x23 (size before relaxing)
 .comment       0x00000045       0x23 /home/okizame/dev/gba_study/tonc/code/lab/bigmap/../../tonclib/lib/libtonc.a(tonc_irq.o)
 .comment       0x00000045       0x23 /home/okizame/dev/gba_study/tonc/code/lab/bigmap/../../tonclib/lib/libtonc.a(tonc_oam.o)
 .comment       0x00000045       0x23 /home/okizame/dev/gba_study/tonc/code/lab/bigmap/../../tonclib/lib/libtonc.a(chr4c_drawg_b4cts.o)
 .comment       0x00000045       0x23 /home/okizame/dev/gba_study/tonc/code/lab/bigmap/../../tonclib/lib/libtonc.a(tte_init_chr4c.o)
 .comment       0x00000045       0x23 /home/okizame/dev/gba_study/tonc/code/lab/bigmap/../../tonclib/lib/libtonc.a(tte_iohook.o)
 .comment       0x00000045       0x23 /home/okizame/dev/gba_study/tonc/code/lab/bigmap/../../tonclib/lib/libtonc.a(tte_main.o)
 .comment       0x00000045       0x23 /home/okizame/dev/gba_study/tonc/code/lab/bigmap/../../tonclib/lib/libtonc.a(tonc_schr4c.o)
 .comment       0x00000045       0x23 /home/okizame/dev/gba_study/tonc/code/lab/bigmap/../../tonclib/lib/libtonc.a(tonc_surface.o)
 .comment       0x00000045       0x23 /home/okizame/dev/gba_study/tonc/code/lab/bigmap/../../tonclib/lib/libtonc.a(chr4c_drawg_b1cts.o)
 .comment       0x00000045       0x24 /opt/devkitpro/devkitARM/bin/../lib/gcc/arm-none-eabi/13.1.0/../../../../arm-none-eabi/lib/thumb/libc.a(libc_a-siscanf.o)
 .comment       0x00000045       0x24 /opt/devkitpro/devkitARM/bin/../lib/gcc/arm-none-eabi/13.1.0/../../../../arm-none-eabi/lib/thumb/libc.a(libc_a-setvbuf.o)
 .comment       0x00000045       0x24 /opt/devkitpro/devkitARM/bin/../lib/gcc/arm-none-eabi/13.1.0/../../../../arm-none-eabi/lib/thumb/libc.a(libc_a-svfiscanf.o)
 .comment       0x00000045       0x24 /opt/devkitpro/devkitARM/bin/../lib/gcc/arm-none-eabi/13.1.0/../../../../arm-none-eabi/lib/thumb/libc.a(libc_a-freer.o)
 .comment       0x00000045       0x24 /opt/devkitpro/devkitARM/bin/../lib/gcc/arm-none-eabi/13.1.0/../../../../arm-none-eabi/lib/thumb/libc.a(libc_a-iprintf.o)
 .comment       0x00000045       0x24 /opt/devkitpro/devkitARM/bin/../lib/gcc/arm-none-eabi/13.1.0/../../../../arm-none-eabi/lib/thumb/libc.a(libc_a-malloc.o)
 .comment       0x00000045       0x24 /opt/devkitpro/devkitARM/bin/../lib/gcc/arm-none-eabi/13.1.0/../../../../arm-none-eabi/lib/thumb/libc.a(libc_a-mallocr.o)
 .comment       0x00000045       0x24 /opt/devkitpro/devkitARM/bin/../lib/gcc/arm-none-eabi/13.1.0/../../../../arm-none-eabi/lib/thumb/libc.a(libc_a-memset.o)
 .comment       0x00000045       0x24 /opt/devkitpro/devkitARM/bin/../lib/gcc/arm-none-eabi/13.1.0/../../../../arm-none-eabi/lib/thumb/libc.a(libc_a-mlock.o)
 .comment       0x00000045       0x24 /opt/devkitpro/devkitARM/bin/../lib/gcc/arm-none-eabi/13.1.0/../../../../arm-none-eabi/lib/thumb/libc.a(libc_a-strlen.o)
 .comment       0x00000045       0x24 /opt/devkitpro/devkitARM/bin/../lib/gcc/arm-none-eabi/13.1.0/../../../../arm-none-eabi/lib/thumb/libc.a(libc_a-fflush.o)
 .comment       0x00000045       0x24 /opt/devkitpro/devkitARM/bin/../lib/gcc/arm-none-eabi/13.1.0/../../../../arm-none-eabi/lib/thumb/libc.a(libc_a-fwalk.o)
 .comment       0x00000045       0x24 /opt/devkitpro/devkitARM/bin/../lib/gcc/arm-none-eabi/13.1.0/../../../../arm-none-eabi/lib/thumb/libc.a(libc_a-strncpy.o)
 .comment       0x00000045       0x24 /opt/devkitpro/devkitARM/bin/../lib/gcc/arm-none-eabi/13.1.0/../../../../arm-none-eabi/lib/thumb/libc.a(libc_a-findfp.o)
 .comment       0x00000045       0x24 /opt/devkitpro/devkitARM/bin/../lib/gcc/arm-none-eabi/13.1.0/../../../../arm-none-eabi/lib/thumb/libc.a(libc_a-strtol.o)
 .comment       0x00000045       0x24 /opt/devkitpro/devkitARM/bin/../lib/gcc/arm-none-eabi/13.1.0/../../../../arm-none-eabi/lib/thumb/libc.a(libc_a-realloc.o)
 .comment       0x00000045       0x24 /opt/devkitpro/devkitARM/bin/../lib/gcc/arm-none-eabi/13.1.0/../../../../arm-none-eabi/lib/thumb/libc.a(libc_a-strtoul.o)
 .comment       0x00000045       0x24 /opt/devkitpro/devkitARM/bin/../lib/gcc/arm-none-eabi/13.1.0/../../../../arm-none-eabi/lib/thumb/libc.a(libc_a-locale.o)
 .comment       0x00000045       0x24 /opt/devkitpro/devkitARM/bin/../lib/gcc/arm-none-eabi/13.1.0/../../../../arm-none-eabi/lib/thumb/libc.a(libc_a-wctomb_r.o)
 .comment       0x00000045       0x24 /opt/devkitpro/devkitARM/bin/../lib/gcc/arm-none-eabi/13.1.0/../../../../arm-none-eabi/lib/thumb/libc.a(libc_a-memcpy-stub.o)
 .comment       0x00000045       0x24 /opt/devkitpro/devkitARM/bin/../lib/gcc/arm-none-eabi/13.1.0/../../../../arm-none-eabi/lib/thumb/libc.a(libc_a-impure.o)
 .comment       0x00000045       0x24 /opt/devkitpro/devkitARM/bin/../lib/gcc/arm-none-eabi/13.1.0/../../../../arm-none-eabi/lib/thumb/libc.a(libc_a-init.o)
 .comment       0x00000045       0x24 /opt/devkitpro/devkitARM/bin/../lib/gcc/arm-none-eabi/13.1.0/../../../../arm-none-eabi/lib/thumb/libc.a(libc_a-errno.o)
 .comment       0x00000045       0x24 /opt/devkitpro/devkitARM/bin/../lib/gcc/arm-none-eabi/13.1.0/../../../../arm-none-eabi/lib/thumb/libc.a(libc_a-strtoll.o)
 .comment       0x00000045       0x24 /opt/devkitpro/devkitARM/bin/../lib/gcc/arm-none-eabi/13.1.0/../../../../arm-none-eabi/lib/thumb/libc.a(libc_a-strtoull.o)
 .comment       0x00000045       0x24 /opt/devkitpro/devkitARM/bin/../lib/gcc/arm-none-eabi/13.1.0/../../../../arm-none-eabi/lib/thumb/libc.a(libc_a-iswspace.o)
 .comment       0x00000045       0x24 /opt/devkitpro/devkitARM/bin/../lib/gcc/arm-none-eabi/13.1.0/../../../../arm-none-eabi/lib/thumb/libc.a(libc_a-mbrtowc.o)
 .comment       0x00000045       0x24 /opt/devkitpro/devkitARM/bin/../lib/gcc/arm-none-eabi/13.1.0/../../../../arm-none-eabi/lib/thumb/libc.a(libc_a-makebuf.o)
 .comment       0x00000045       0x24 /opt/devkitpro/devkitARM/bin/../lib/gcc/arm-none-eabi/13.1.0/../../../../arm-none-eabi/lib/thumb/libc.a(libc_a-iswspace_l.o)
 .comment       0x00000045       0x24 /opt/devkitpro/devkitARM/bin/../lib/gcc/arm-none-eabi/13.1.0/../../../../arm-none-eabi/lib/thumb/libc.a(libc_a-ctype_.o)
 .comment       0x00000045       0x24 /opt/devkitpro/devkitARM/bin/../lib/gcc/arm-none-eabi/13.1.0/../../../../arm-none-eabi/lib/thumb/libc.a(libc_a-sccl.o)
 .comment       0x00000045       0x24 /opt/devkitpro/devkitARM/bin/../lib/gcc/arm-none-eabi/13.1.0/../../../../arm-none-eabi/lib/thumb/libc.a(libc_a-ungetc.o)
 .comment       0x00000045       0x24 /opt/devkitpro/devkitARM/bin/../lib/gcc/arm-none-eabi/13.1.0/../../../../arm-none-eabi/lib/thumb/libc.a(libc_a-stdio.o)
 .comment       0x00000045       0x24 /opt/devkitpro/devkitARM/bin/../lib/gcc/arm-none-eabi/13.1.0/../../../../arm-none-eabi/lib/thumb/libc.a(libc_a-categories.o)
 .comment       0x00000045       0x24 /opt/devkitpro/devkitARM/bin/../lib/gcc/arm-none-eabi/13.1.0/../../../../arm-none-eabi/lib/thumb/libc.a(libc_a-vfiprintf.o)
 .comment       0x00000045       0x24 /opt/devkitpro/devkitARM/bin/../lib/gcc/arm-none-eabi/13.1.0/../../../../arm-none-eabi/lib/thumb/libc.a(libc_a-svfiprintf.o)
 .comment       0x00000045       0x24 /opt/devkitpro/devkitARM/bin/../lib/gcc/arm-none-eabi/13.1.0/../../../../arm-none-eabi/lib/thumb/libc.a(libc_a-wsetup.o)
 .comment       0x00000045       0x24 /opt/devkitpro/devkitARM/bin/../lib/gcc/arm-none-eabi/13.1.0/../../../../arm-none-eabi/lib/thumb/libc.a(libc_a-fclose.o)
 .comment       0x00000045       0x24 /opt/devkitpro/devkitARM/bin/../lib/gcc/arm-none-eabi/13.1.0/../../../../arm-none-eabi/lib/thumb/libc.a(libc_a-memmove.o)
 .comment       0x00000045       0x24 /opt/devkitpro/devkitARM/bin/../lib/gcc/arm-none-eabi/13.1.0/../../../../arm-none-eabi/lib/thumb/libc.a(libc_a-fvwrite.o)
 .comment       0x00000045       0x24 /opt/devkitpro/devkitARM/bin/../lib/gcc/arm-none-eabi/13.1.0/../../../../arm-none-eabi/lib/thumb/libc.a(libc_a-reallocr.o)
 .comment       0x00000045       0x24 /opt/devkitpro/devkitARM/bin/../lib/gcc/arm-none-eabi/13.1.0/../../../../arm-none-eabi/lib/thumb/libc.a(libc_a-mbtowc_r.o)
 .comment       0x00000045       0x24 /opt/devkitpro/devkitARM/bin/../lib/gcc/arm-none-eabi/13.1.0/../../../../arm-none-eabi/lib/thumb/libc.a(libc_a-localeconv.o)
 .comment       0x00000045       0x24 /opt/devkitpro/devkitARM/bin/../lib/gcc/arm-none-eabi/13.1.0/../../../../arm-none-eabi/lib/thumb/libc.a(libc_a-memchr-stub.o)
 .comment       0x00000045       0x24 /opt/devkitpro/devkitARM/bin/../lib/gcc/arm-none-eabi/13.1.0/../../../../arm-none-eabi/lib/thumb/libc.a(libc_a-wcrtomb.o)
 .comment       0x00000045       0x24 /opt/devkitpro/devkitARM/bin/../lib/gcc/arm-none-eabi/13.1.0/../../../../arm-none-eabi/lib/thumb/libc.a(libc_a-wcsrtombs.o)
 .comment       0x00000045       0x24 /opt/devkitpro/devkitARM/bin/../lib/gcc/arm-none-eabi/13.1.0/../../../../arm-none-eabi/lib/thumb/libc.a(libc_a-wcsnrtombs.o)
 .comment       0x00000045       0x24 /opt/devkitpro/devkitARM/bin/../lib/gcc/arm-none-eabi/13.1.0/../../../../arm-none-eabi/lib/thumb/libsysbase.a(libsysbase_libsysbase_a-fstat.o)
 .comment       0x00000045       0x24 /opt/devkitpro/devkitARM/bin/../lib/gcc/arm-none-eabi/13.1.0/../../../../arm-none-eabi/lib/thumb/libsysbase.a(libsysbase_libsysbase_a-getreent.o)
 .comment       0x00000045       0x24 /opt/devkitpro/devkitARM/bin/../lib/gcc/arm-none-eabi/13.1.0/../../../../arm-none-eabi/lib/thumb/libsysbase.a(libsysbase_libsysbase_a-handle_manager.o)
 .comment       0x00000045       0x24 /opt/devkitpro/devkitARM/bin/../lib/gcc/arm-none-eabi/13.1.0/../../../../arm-none-eabi/lib/thumb/libsysbase.a(libsysbase_libsysbase_a-iosupport.o)
 .comment       0x00000045       0x24 /opt/devkitpro/devkitARM/bin/../lib/gcc/arm-none-eabi/13.1.0/../../../../arm-none-eabi/lib/thumb/libsysbase.a(libsysbase_libsysbase_a-isatty.o)
 .comment       0x00000045       0x24 /opt/devkitpro/devkitARM/bin/../lib/gcc/arm-none-eabi/13.1.0/../../../../arm-none-eabi/lib/thumb/libsysbase.a(libsysbase_libsysbase_a-lseek.o)
 .comment       0x00000045       0x24 /opt/devkitpro/devkitARM/bin/../lib/gcc/arm-none-eabi/13.1.0/../../../../arm-none-eabi/lib/thumb/libsysbase.a(libsysbase_libsysbase_a-malloc_vars.o)
 .comment       0x00000045       0x24 /opt/devkitpro/devkitARM/bin/../lib/gcc/arm-none-eabi/13.1.0/../../../../arm-none-eabi/lib/thumb/libsysbase.a(libsysbase_libsysbase_a-read.o)
 .comment       0x00000045       0x24 /opt/devkitpro/devkitARM/bin/../lib/gcc/arm-none-eabi/13.1.0/../../../../arm-none-eabi/lib/thumb/libsysbase.a(libsysbase_libsysbase_a-sbrk.o)
 .comment       0x00000045       0x24 /opt/devkitpro/devkitARM/bin/../lib/gcc/arm-none-eabi/13.1.0/../../../../arm-none-eabi/lib/thumb/libsysbase.a(libsysbase_libsysbase_a-syscall_support.o)
 .comment       0x00000045       0x24 /opt/devkitpro/devkitARM/bin/../lib/gcc/arm-none-eabi/13.1.0/../../../../arm-none-eabi/lib/thumb/libsysbase.a(libsysbase_libsysbase_a-write.o)
 .comment       0x00000045       0x24 /opt/devkitpro/devkitARM/bin/../lib/gcc/arm-none-eabi/13.1.0/thumb/libgcc.a(_muldi3.o)
 .comment       0x00000045       0x24 /opt/devkitpro/devkitARM/bin/../lib/gcc/arm-none-eabi/13.1.0/thumb/libgcc.a(_udivmoddi4.o)
 .comment       0x00000045       0x24 /opt/devkitpro/devkitARM/bin/../lib/gcc/arm-none-eabi/13.1.0/thumb/crtend.o

.debug
 *(.debug)

.line
 *(.line)

.debug_srcinfo
 *(.debug_srcinfo)

.debug_sfnames
 *(.debug_sfnames)

.debug_aranges
 *(.debug_aranges)

.debug_pubnames
 *(.debug_pubnames)

.debug_info
 *(.debug_info)

.debug_abbrev
 *(.debug_abbrev)

.debug_line
 *(.debug_line)

.debug_frame
 *(.debug_frame)

.debug_str
 *(.debug_str)

.debug_loc
 *(.debug_loc)

.debug_macinfo
 *(.debug_macinfo)

.debug_weaknames
 *(.debug_weaknames)

.debug_funcnames
 *(.debug_funcnames)

.debug_typenames
 *(.debug_typenames)

.debug_varnames
 *(.debug_varnames)

.stack          0x00080000        0x0
                0x00080000                        _stack = .
 *(.stack)

.note.gnu.arm.ident
 *(.note.gnu.arm.ident)

.ARM.attributes
                0x00000000       0x2e
 *(.ARM.attributes)
 .ARM.attributes
                0x00000000       0x20 /opt/devkitpro/devkitARM/bin/../lib/gcc/arm-none-eabi/13.1.0/../../../../arm-none-eabi/lib/thumb/gba_crt0.o
 .ARM.attributes
                0x00000020       0x1c /opt/devkitpro/devkitARM/bin/../lib/gcc/arm-none-eabi/13.1.0/thumb/crti.o
 .ARM.attributes
                0x0000003c       0x2a /opt/devkitpro/devkitARM/bin/../lib/gcc/arm-none-eabi/13.1.0/thumb/crtbegin.o
 .ARM.attributes
                0x00000066       0x26 bigmap.o
 .ARM.attributes
                0x0000008c       0x26 link.o
 .ARM.attributes
                0x000000b2       0x1a kakariko.o
 .ARM.attributes
                0x000000cc       0x1a link_gfx.o
 .ARM.attributes
                0x000000e6       0x32 /home/okizame/dev/gba_study/tonc/code/lab/bigmap/../../tonclib/lib/libtonc.a(tonc_input.o)
 .ARM.attributes
                0x00000118       0x32 /home/okizame/dev/gba_study/tonc/code/lab/bigmap/../../tonclib/lib/libtonc.a(tonc_irq.o)
 .ARM.attributes
                0x0000014a       0x32 /home/okizame/dev/gba_study/tonc/code/lab/bigmap/../../tonclib/lib/libtonc.a(tonc_oam.o)
 .ARM.attributes
                0x0000017c       0x32 /home/okizame/dev/gba_study/tonc/code/lab/bigmap/../../tonclib/lib/libtonc.a(chr4c_drawg_b4cts.o)
 .ARM.attributes
                0x000001ae       0x32 /home/okizame/dev/gba_study/tonc/code/lab/bigmap/../../tonclib/lib/libtonc.a(tte_init_chr4c.o)
 .ARM.attributes
                0x000001e0       0x32 /home/okizame/dev/gba_study/tonc/code/lab/bigmap/../../tonclib/lib/libtonc.a(tte_iohook.o)
 .ARM.attributes
                0x00000212       0x32 /home/okizame/dev/gba_study/tonc/code/lab/bigmap/../../tonclib/lib/libtonc.a(tte_main.o)
 .ARM.attributes
                0x00000244       0x16 /home/okizame/dev/gba_study/tonc/code/lab/bigmap/../../tonclib/lib/libtonc.a(tonc_bios.o)
 .ARM.attributes
                0x0000025a       0x16 /home/okizame/dev/gba_study/tonc/code/lab/bigmap/../../tonclib/lib/libtonc.a(tonc_bios_ex.o)
 .ARM.attributes
                0x00000270       0x18 /home/okizame/dev/gba_study/tonc/code/lab/bigmap/../../tonclib/lib/libtonc.a(tonc_isr_master.o)
 .ARM.attributes
                0x00000288       0x18 /home/okizame/dev/gba_study/tonc/code/lab/bigmap/../../tonclib/lib/libtonc.a(tonc_memcpy.o)
 .ARM.attributes
                0x000002a0       0x18 /home/okizame/dev/gba_study/tonc/code/lab/bigmap/../../tonclib/lib/libtonc.a(tonc_memset.o)
 .ARM.attributes
                0x000002b8       0x16 /home/okizame/dev/gba_study/tonc/code/lab/bigmap/../../tonclib/lib/libtonc.a(tonc_nocash.o)
 .ARM.attributes
                0x000002ce       0x16 /home/okizame/dev/gba_study/tonc/code/lab/bigmap/../../tonclib/lib/libtonc.a(sys8.o)
 .ARM.attributes
                0x000002e4       0x16 /home/okizame/dev/gba_study/tonc/code/lab/bigmap/../../tonclib/lib/libtonc.a(verdana9.o)
 .ARM.attributes
                0x000002fa       0x16 /home/okizame/dev/gba_study/tonc/code/lab/bigmap/../../tonclib/lib/libtonc.a(verdana9_b4.o)
 .ARM.attributes
                0x00000310       0x18 /home/okizame/dev/gba_study/tonc/code/lab/bigmap/../../tonclib/lib/libtonc.a(chr4c_drawg_b4cts_fast.o)
 .ARM.attributes
                0x00000328       0x32 /home/okizame/dev/gba_study/tonc/code/lab/bigmap/../../tonclib/lib/libtonc.a(tonc_schr4c.o)
 .ARM.attributes
                0x0000035a       0x32 /home/okizame/dev/gba_study/tonc/code/lab/bigmap/../../tonclib/lib/libtonc.a(tonc_surface.o)
 .ARM.attributes
                0x0000038c       0x32 /home/okizame/dev/gba_study/tonc/code/lab/bigmap/../../tonclib/lib/libtonc.a(chr4c_drawg_b1cts.o)
 .ARM.attributes
                0x000003be       0x1c /opt/devkitpro/devkitARM/bin/../lib/gcc/arm-none-eabi/13.1.0/thumb/libgcc.a(_divsi3.o)
 .ARM.attributes
                0x000003da       0x1c /opt/devkitpro/devkitARM/bin/../lib/gcc/arm-none-eabi/13.1.0/thumb/libgcc.a(_dvmd_tls.o)
 .ARM.attributes
                0x000003f6       0x2a /opt/devkitpro/devkitARM/bin/../lib/gcc/arm-none-eabi/13.1.0/../../../../arm-none-eabi/lib/thumb/libc.a(libc_a-siscanf.o)
 .ARM.attributes
                0x00000420       0x2a /opt/devkitpro/devkitARM/bin/../lib/gcc/arm-none-eabi/13.1.0/../../../../arm-none-eabi/lib/thumb/libc.a(libc_a-setvbuf.o)
 .ARM.attributes
                0x0000044a       0x2a /opt/devkitpro/devkitARM/bin/../lib/gcc/arm-none-eabi/13.1.0/../../../../arm-none-eabi/lib/thumb/libc.a(libc_a-svfiscanf.o)
 .ARM.attributes
                0x00000474       0x2a /opt/devkitpro/devkitARM/bin/../lib/gcc/arm-none-eabi/13.1.0/../../../../arm-none-eabi/lib/thumb/libc.a(libc_a-freer.o)
 .ARM.attributes
                0x0000049e       0x2a /opt/devkitpro/devkitARM/bin/../lib/gcc/arm-none-eabi/13.1.0/../../../../arm-none-eabi/lib/thumb/libc.a(libc_a-iprintf.o)
 .ARM.attributes
                0x000004c8       0x2a /opt/devkitpro/devkitARM/bin/../lib/gcc/arm-none-eabi/13.1.0/../../../../arm-none-eabi/lib/thumb/libc.a(libc_a-malloc.o)
 .ARM.attributes
                0x000004f2       0x2a /opt/devkitpro/devkitARM/bin/../lib/gcc/arm-none-eabi/13.1.0/../../../../arm-none-eabi/lib/thumb/libc.a(libc_a-mallocr.o)
 .ARM.attributes
                0x0000051c       0x2a /opt/devkitpro/devkitARM/bin/../lib/gcc/arm-none-eabi/13.1.0/../../../../arm-none-eabi/lib/thumb/libc.a(libc_a-memset.o)
 .ARM.attributes
                0x00000546       0x2a /opt/devkitpro/devkitARM/bin/../lib/gcc/arm-none-eabi/13.1.0/../../../../arm-none-eabi/lib/thumb/libc.a(libc_a-mlock.o)
 .ARM.attributes
                0x00000570       0x2a /opt/devkitpro/devkitARM/bin/../lib/gcc/arm-none-eabi/13.1.0/../../../../arm-none-eabi/lib/thumb/libc.a(libc_a-strlen.o)
 .ARM.attributes
                0x0000059a       0x2a /opt/devkitpro/devkitARM/bin/../lib/gcc/arm-none-eabi/13.1.0/../../../../arm-none-eabi/lib/thumb/libc.a(libc_a-fflush.o)
 .ARM.attributes
                0x000005c4       0x2a /opt/devkitpro/devkitARM/bin/../lib/gcc/arm-none-eabi/13.1.0/../../../../arm-none-eabi/lib/thumb/libc.a(libc_a-fwalk.o)
 .ARM.attributes
                0x000005ee       0x2a /opt/devkitpro/devkitARM/bin/../lib/gcc/arm-none-eabi/13.1.0/../../../../arm-none-eabi/lib/thumb/libc.a(libc_a-strncpy.o)
 .ARM.attributes
                0x00000618       0x2a /opt/devkitpro/devkitARM/bin/../lib/gcc/arm-none-eabi/13.1.0/../../../../arm-none-eabi/lib/thumb/libc.a(libc_a-findfp.o)
 .ARM.attributes
                0x00000642       0x2a /opt/devkitpro/devkitARM/bin/../lib/gcc/arm-none-eabi/13.1.0/../../../../arm-none-eabi/lib/thumb/libc.a(libc_a-strtol.o)
 .ARM.attributes
                0x0000066c       0x2a /opt/devkitpro/devkitARM/bin/../lib/gcc/arm-none-eabi/13.1.0/../../../../arm-none-eabi/lib/thumb/libc.a(libc_a-realloc.o)
 .ARM.attributes
                0x00000696       0x2a /opt/devkitpro/devkitARM/bin/../lib/gcc/arm-none-eabi/13.1.0/../../../../arm-none-eabi/lib/thumb/libc.a(libc_a-strtoul.o)
 .ARM.attributes
                0x000006c0       0x2a /opt/devkitpro/devkitARM/bin/../lib/gcc/arm-none-eabi/13.1.0/../../../../arm-none-eabi/lib/thumb/libc.a(libc_a-locale.o)
 .ARM.attributes
                0x000006ea       0x1a /opt/devkitpro/devkitARM/bin/../lib/gcc/arm-none-eabi/13.1.0/../../../../arm-none-eabi/lib/thumb/libc.a(libc_a-strcmp.o)
 .ARM.attributes
                0x00000704       0x2a /opt/devkitpro/devkitARM/bin/../lib/gcc/arm-none-eabi/13.1.0/../../../../arm-none-eabi/lib/thumb/libc.a(libc_a-strcpy.o)
 .ARM.attributes
                0x0000072e       0x2a /opt/devkitpro/devkitARM/bin/../lib/gcc/arm-none-eabi/13.1.0/../../../../arm-none-eabi/lib/thumb/libc.a(libc_a-wctomb_r.o)
 .ARM.attributes
                0x00000758       0x2a /opt/devkitpro/devkitARM/bin/../lib/gcc/arm-none-eabi/13.1.0/../../../../arm-none-eabi/lib/thumb/libc.a(libc_a-memcpy-stub.o)
 .ARM.attributes
                0x00000782       0x2a /opt/devkitpro/devkitARM/bin/../lib/gcc/arm-none-eabi/13.1.0/../../../../arm-none-eabi/lib/thumb/libc.a(libc_a-impure.o)
 .ARM.attributes
                0x000007ac       0x2a /opt/devkitpro/devkitARM/bin/../lib/gcc/arm-none-eabi/13.1.0/../../../../arm-none-eabi/lib/thumb/libc.a(libc_a-init.o)
 .ARM.attributes
                0x000007d6       0x2a /opt/devkitpro/devkitARM/bin/../lib/gcc/arm-none-eabi/13.1.0/../../../../arm-none-eabi/lib/thumb/libc.a(libc_a-errno.o)
 .ARM.attributes
                0x00000800       0x2a /opt/devkitpro/devkitARM/bin/../lib/gcc/arm-none-eabi/13.1.0/../../../../arm-none-eabi/lib/thumb/libc.a(libc_a-strtoll.o)
 .ARM.attributes
                0x0000082a       0x2a /opt/devkitpro/devkitARM/bin/../lib/gcc/arm-none-eabi/13.1.0/../../../../arm-none-eabi/lib/thumb/libc.a(libc_a-strtoull.o)
 .ARM.attributes
                0x00000854       0x2a /opt/devkitpro/devkitARM/bin/../lib/gcc/arm-none-eabi/13.1.0/../../../../arm-none-eabi/lib/thumb/libc.a(libc_a-iswspace.o)
 .ARM.attributes
                0x0000087e       0x2a /opt/devkitpro/devkitARM/bin/../lib/gcc/arm-none-eabi/13.1.0/../../../../arm-none-eabi/lib/thumb/libc.a(libc_a-mbrtowc.o)
 .ARM.attributes
                0x000008a8       0x2a /opt/devkitpro/devkitARM/bin/../lib/gcc/arm-none-eabi/13.1.0/../../../../arm-none-eabi/lib/thumb/libc.a(libc_a-makebuf.o)
 .ARM.attributes
                0x000008d2       0x2a /opt/devkitpro/devkitARM/bin/../lib/gcc/arm-none-eabi/13.1.0/../../../../arm-none-eabi/lib/thumb/libc.a(libc_a-iswspace_l.o)
 .ARM.attributes
                0x000008fc       0x2a /opt/devkitpro/devkitARM/bin/../lib/gcc/arm-none-eabi/13.1.0/../../../../arm-none-eabi/lib/thumb/libc.a(libc_a-ctype_.o)
 .ARM.attributes
                0x00000926       0x2a /opt/devkitpro/devkitARM/bin/../lib/gcc/arm-none-eabi/13.1.0/../../../../arm-none-eabi/lib/thumb/libc.a(libc_a-sccl.o)
 .ARM.attributes
                0x00000950       0x2a /opt/devkitpro/devkitARM/bin/../lib/gcc/arm-none-eabi/13.1.0/../../../../arm-none-eabi/lib/thumb/libc.a(libc_a-ungetc.o)
 .ARM.attributes
                0x0000097a       0x2a /opt/devkitpro/devkitARM/bin/../lib/gcc/arm-none-eabi/13.1.0/../../../../arm-none-eabi/lib/thumb/libc.a(libc_a-stdio.o)
 .ARM.attributes
                0x000009a4       0x2a /opt/devkitpro/devkitARM/bin/../lib/gcc/arm-none-eabi/13.1.0/../../../../arm-none-eabi/lib/thumb/libc.a(libc_a-categories.o)
 .ARM.attributes
                0x000009ce       0x2a /opt/devkitpro/devkitARM/bin/../lib/gcc/arm-none-eabi/13.1.0/../../../../arm-none-eabi/lib/thumb/libc.a(libc_a-vfiprintf.o)
 .ARM.attributes
                0x000009f8       0x2a /opt/devkitpro/devkitARM/bin/../lib/gcc/arm-none-eabi/13.1.0/../../../../arm-none-eabi/lib/thumb/libc.a(libc_a-svfiprintf.o)
 .ARM.attributes
                0x00000a22       0x2a /opt/devkitpro/devkitARM/bin/../lib/gcc/arm-none-eabi/13.1.0/../../../../arm-none-eabi/lib/thumb/libc.a(libc_a-strcat.o)
 .ARM.attributes
                0x00000a4c       0x2a /opt/devkitpro/devkitARM/bin/../lib/gcc/arm-none-eabi/13.1.0/../../../../arm-none-eabi/lib/thumb/libc.a(libc_a-wsetup.o)
 .ARM.attributes
                0x00000a76       0x2a /opt/devkitpro/devkitARM/bin/../lib/gcc/arm-none-eabi/13.1.0/../../../../arm-none-eabi/lib/thumb/libc.a(libc_a-strchr.o)
 .ARM.attributes
                0x00000aa0       0x2a /opt/devkitpro/devkitARM/bin/../lib/gcc/arm-none-eabi/13.1.0/../../../../arm-none-eabi/lib/thumb/libc.a(libc_a-fclose.o)
 .ARM.attributes
                0x00000aca       0x2a /opt/devkitpro/devkitARM/bin/../lib/gcc/arm-none-eabi/13.1.0/../../../../arm-none-eabi/lib/thumb/libc.a(libc_a-memmove.o)
 .ARM.attributes
                0x00000af4       0x2a /opt/devkitpro/devkitARM/bin/../lib/gcc/arm-none-eabi/13.1.0/../../../../arm-none-eabi/lib/thumb/libc.a(libc_a-getenv_r.o)
 .ARM.attributes
                0x00000b1e       0x2a /opt/devkitpro/devkitARM/bin/../lib/gcc/arm-none-eabi/13.1.0/../../../../arm-none-eabi/lib/thumb/libc.a(libc_a-strlcpy.o)
 .ARM.attributes
                0x00000b48       0x2a /opt/devkitpro/devkitARM/bin/../lib/gcc/arm-none-eabi/13.1.0/../../../../arm-none-eabi/lib/thumb/libc.a(libc_a-strcasecmp.o)
 .ARM.attributes
                0x00000b72       0x2a /opt/devkitpro/devkitARM/bin/../lib/gcc/arm-none-eabi/13.1.0/../../../../arm-none-eabi/lib/thumb/libc.a(libc_a-strncasecmp.o)
 .ARM.attributes
                0x00000b9c       0x2a /opt/devkitpro/devkitARM/bin/../lib/gcc/arm-none-eabi/13.1.0/../../../../arm-none-eabi/lib/thumb/libc.a(libc_a-fvwrite.o)
 .ARM.attributes
                0x00000bc6       0x2a /opt/devkitpro/devkitARM/bin/../lib/gcc/arm-none-eabi/13.1.0/../../../../arm-none-eabi/lib/thumb/libc.a(libc_a-strncmp.o)
 .ARM.attributes
                0x00000bf0       0x2a /opt/devkitpro/devkitARM/bin/../lib/gcc/arm-none-eabi/13.1.0/../../../../arm-none-eabi/lib/thumb/libc.a(libc_a-reallocr.o)
 .ARM.attributes
                0x00000c1a       0x2a /opt/devkitpro/devkitARM/bin/../lib/gcc/arm-none-eabi/13.1.0/../../../../arm-none-eabi/lib/thumb/libc.a(libc_a-mbtowc_r.o)
 .ARM.attributes
                0x00000c44       0x2a /opt/devkitpro/devkitARM/bin/../lib/gcc/arm-none-eabi/13.1.0/../../../../arm-none-eabi/lib/thumb/libc.a(libc_a-localeconv.o)
 .ARM.attributes
                0x00000c6e       0x2a /opt/devkitpro/devkitARM/bin/../lib/gcc/arm-none-eabi/13.1.0/../../../../arm-none-eabi/lib/thumb/libc.a(libc_a-memchr-stub.o)
 .ARM.attributes
                0x00000c98       0x2a /opt/devkitpro/devkitARM/bin/../lib/gcc/arm-none-eabi/13.1.0/../../../../arm-none-eabi/lib/thumb/libc.a(libc_a-wcrtomb.o)
 .ARM.attributes
                0x00000cc2       0x2a /opt/devkitpro/devkitARM/bin/../lib/gcc/arm-none-eabi/13.1.0/../../../../arm-none-eabi/lib/thumb/libc.a(libc_a-wcsrtombs.o)
 .ARM.attributes
                0x00000cec       0x2a /opt/devkitpro/devkitARM/bin/../lib/gcc/arm-none-eabi/13.1.0/../../../../arm-none-eabi/lib/thumb/libc.a(libc_a-environ.o)
 .ARM.attributes
                0x00000d16       0x2a /opt/devkitpro/devkitARM/bin/../lib/gcc/arm-none-eabi/13.1.0/../../../../arm-none-eabi/lib/thumb/libc.a(libc_a-envlock.o)
 .ARM.attributes
                0x00000d40       0x2a /opt/devkitpro/devkitARM/bin/../lib/gcc/arm-none-eabi/13.1.0/../../../../arm-none-eabi/lib/thumb/libc.a(libc_a-wcsnrtombs.o)
 .ARM.attributes
                0x00000d6a       0x2a /opt/devkitpro/devkitARM/bin/../lib/gcc/arm-none-eabi/13.1.0/../../../../arm-none-eabi/lib/thumb/libsysbase.a(libsysbase_libsysbase_a-fstat.o)
 .ARM.attributes
                0x00000d94       0x2a /opt/devkitpro/devkitARM/bin/../lib/gcc/arm-none-eabi/13.1.0/../../../../arm-none-eabi/lib/thumb/libsysbase.a(libsysbase_libsysbase_a-getreent.o)
 .ARM.attributes
                0x00000dbe       0x2a /opt/devkitpro/devkitARM/bin/../lib/gcc/arm-none-eabi/13.1.0/../../../../arm-none-eabi/lib/thumb/libsysbase.a(libsysbase_libsysbase_a-handle_manager.o)
 .ARM.attributes
                0x00000de8       0x2a /opt/devkitpro/devkitARM/bin/../lib/gcc/arm-none-eabi/13.1.0/../../../../arm-none-eabi/lib/thumb/libsysbase.a(libsysbase_libsysbase_a-iosupport.o)
 .ARM.attributes
                0x00000e12       0x2a /opt/devkitpro/devkitARM/bin/../lib/gcc/arm-none-eabi/13.1.0/../../../../arm-none-eabi/lib/thumb/libsysbase.a(libsysbase_libsysbase_a-isatty.o)
 .ARM.attributes
                0x00000e3c       0x2a /opt/devkitpro/devkitARM/bin/../lib/gcc/arm-none-eabi/13.1.0/../../../../arm-none-eabi/lib/thumb/libsysbase.a(libsysbase_libsysbase_a-lseek.o)
 .ARM.attributes
                0x00000e66       0x2a /opt/devkitpro/devkitARM/bin/../lib/gcc/arm-none-eabi/13.1.0/../../../../arm-none-eabi/lib/thumb/libsysbase.a(libsysbase_libsysbase_a-malloc_vars.o)
 .ARM.attributes
                0x00000e90       0x2a /opt/devkitpro/devkitARM/bin/../lib/gcc/arm-none-eabi/13.1.0/../../../../arm-none-eabi/lib/thumb/libsysbase.a(libsysbase_libsysbase_a-read.o)
 .ARM.attributes
                0x00000eba       0x2a /opt/devkitpro/devkitARM/bin/../lib/gcc/arm-none-eabi/13.1.0/../../../../arm-none-eabi/lib/thumb/libsysbase.a(libsysbase_libsysbase_a-sbrk.o)
 .ARM.attributes
                0x00000ee4       0x2a /opt/devkitpro/devkitARM/bin/../lib/gcc/arm-none-eabi/13.1.0/../../../../arm-none-eabi/lib/thumb/libsysbase.a(libsysbase_libsysbase_a-syscall_support.o)
 .ARM.attributes
                0x00000f0e       0x2a /opt/devkitpro/devkitARM/bin/../lib/gcc/arm-none-eabi/13.1.0/../../../../arm-none-eabi/lib/thumb/libsysbase.a(libsysbase_libsysbase_a-write.o)
 .ARM.attributes
                0x00000f38       0x2a /opt/devkitpro/devkitARM/bin/../lib/gcc/arm-none-eabi/13.1.0/../../../../arm-none-eabi/lib/thumb/libsysbase.a(libsysbase_libsysbase_a-clocks.o)
 .ARM.attributes
                0x00000f62       0x1c /opt/devkitpro/devkitARM/bin/../lib/gcc/arm-none-eabi/13.1.0/thumb/libgcc.a(_thumb1_case_uqi.o)
 .ARM.attributes
                0x00000f7e       0x1c /opt/devkitpro/devkitARM/bin/../lib/gcc/arm-none-eabi/13.1.0/thumb/libgcc.a(_thumb1_case_uhi.o)
 .ARM.attributes
                0x00000f9a       0x1c /opt/devkitpro/devkitARM/bin/../lib/gcc/arm-none-eabi/13.1.0/thumb/libgcc.a(_udivsi3.o)
 .ARM.attributes
                0x00000fb6       0x1c /opt/devkitpro/devkitARM/bin/../lib/gcc/arm-none-eabi/13.1.0/thumb/libgcc.a(_aeabi_uldivmod.o)
 .ARM.attributes
                0x00000fd2       0x2a /opt/devkitpro/devkitARM/bin/../lib/gcc/arm-none-eabi/13.1.0/thumb/libgcc.a(_muldi3.o)
 .ARM.attributes
                0x00000ffc       0x2a /opt/devkitpro/devkitARM/bin/../lib/gcc/arm-none-eabi/13.1.0/thumb/libgcc.a(_udivmoddi4.o)
 .ARM.attributes
                0x00001026       0x1c /opt/devkitpro/devkitARM/bin/../lib/gcc/arm-none-eabi/13.1.0/thumb/libgcc.a(_clzdi2.o)
 .ARM.attributes
                0x00001042       0x1c /opt/devkitpro/devkitARM/bin/../lib/gcc/arm-none-eabi/13.1.0/thumb/libgcc.a(_clzsi2.o)
 .ARM.attributes
                0x0000105e       0x2a /opt/devkitpro/devkitARM/bin/../lib/gcc/arm-none-eabi/13.1.0/thumb/crtend.o
 .ARM.attributes
                0x00001088       0x1c /opt/devkitpro/devkitARM/bin/../lib/gcc/arm-none-eabi/13.1.0/thumb/crtn.o

/DISCARD/
 *(.note.GNU-stack)
LOAD /opt/devkitpro/devkitARM/bin/../lib/gcc/arm-none-eabi/13.1.0/../../../../arm-none-eabi/lib/thumb/gba_crt0.o
LOAD /opt/devkitpro/devkitARM/bin/../lib/gcc/arm-none-eabi/13.1.0/thumb/crti.o
LOAD /opt/devkitpro/devkitARM/bin/../lib/gcc/arm-none-eabi/13.1.0/thumb/crtbegin.o
LOAD bigmap.o
LOAD link.o
LOAD kakariko.o
LOAD link_gfx.o
LOAD /home/okizame/dev/gba_study/tonc/code/lab/bigmap/../../tonclib/lib/libtonc.a
START GROUP
LOAD /opt/devkitpro/devkitARM/bin/../lib/gcc/arm-none-eabi/13.1.0/thumb/libgcc.a
LOAD /opt/devkitpro/devkitARM/bin/../lib/gcc/arm-none-eabi/13.1.0/../../../../arm-none-eabi/lib/thumb/libc.a
LOAD /opt/devkitpro/devkitARM/bin/../lib/gcc/arm-none-eabi/13.1.0/../../../../arm-none-eabi/lib/thumb/libsysbase.a
END GROUP
LOAD /opt/devkitpro/devkitARM/bin/../lib/gcc/arm-none-eabi/13.1.0/thumb/crtend.o
LOAD /opt/devkitpro/devkitARM/bin/../lib/gcc/arm-none-eabi/13.1.0/thumb/crtn.o
OUTPUT(/home/okizame/dev/gba_study/tonc/code/lab/bigmap/bigmap.elf elf32-littlearm)
LOAD linker stubs
