Archive member included to satisfy reference by file (symbol)

/home/okizame/dev/gba/tonc/code/adv/m7_demo/../../tonclib/lib/libtonc.a(tonc_input.o)
                              m7_demo.o (key_poll)
/home/okizame/dev/gba/tonc/code/adv/m7_demo/../../tonclib/lib/libtonc.a(tonc_irq.o)
                              m7_demo.o (irq_init)
/home/okizame/dev/gba/tonc/code/adv/m7_demo/../../tonclib/lib/libtonc.a(chr4c_drawg_b4cts.o)
                              m7_demo.o (chr4c_drawg_b4cts)
/home/okizame/dev/gba/tonc/code/adv/m7_demo/../../tonclib/lib/libtonc.a(tte_init_chr4c.o)
                              m7_demo.o (tte_init_chr4c)
/home/okizame/dev/gba/tonc/code/adv/m7_demo/../../tonclib/lib/libtonc.a(tte_iohook.o)
                              m7_demo.o (tte_init_con)
/home/okizame/dev/gba/tonc/code/adv/m7_demo/../../tonclib/lib/libtonc.a(tte_main.o)
                              /home/okizame/dev/gba/tonc/code/adv/m7_demo/../../tonclib/lib/libtonc.a(tte_init_chr4c.o) (tte_init_base)
/home/okizame/dev/gba/tonc/code/adv/m7_demo/../../tonclib/lib/libtonc.a(div_lut.o)
                              m7_isrs.iwram.o (div_lut)
/home/okizame/dev/gba/tonc/code/adv/m7_demo/../../tonclib/lib/libtonc.a(sin_lut.o)
                              m7_demo.o (sin_lut)
/home/okizame/dev/gba/tonc/code/adv/m7_demo/../../tonclib/lib/libtonc.a(tonc_bios.o)
                              m7_demo.o (VBlankIntrWait)
/home/okizame/dev/gba/tonc/code/adv/m7_demo/../../tonclib/lib/libtonc.a(tonc_bios_ex.o)
                              /home/okizame/dev/gba/tonc/code/adv/m7_demo/../../tonclib/lib/libtonc.a(tte_main.o) (VBlankIntrDelay)
/home/okizame/dev/gba/tonc/code/adv/m7_demo/../../tonclib/lib/libtonc.a(tonc_isr_master.o)
                              /home/okizame/dev/gba/tonc/code/adv/m7_demo/../../tonclib/lib/libtonc.a(tonc_irq.o) (isr_master)
/home/okizame/dev/gba/tonc/code/adv/m7_demo/../../tonclib/lib/libtonc.a(tonc_memcpy.o)
                              m7_demo.o (memcpy16)
/home/okizame/dev/gba/tonc/code/adv/m7_demo/../../tonclib/lib/libtonc.a(tonc_memset.o)
                              m7_demo.o (memset32)
/home/okizame/dev/gba/tonc/code/adv/m7_demo/../../tonclib/lib/libtonc.a(tonc_nocash.o)
                              /home/okizame/dev/gba/tonc/code/adv/m7_demo/../../tonclib/lib/libtonc.a(tte_iohook.o) (nocash_message)
/home/okizame/dev/gba/tonc/code/adv/m7_demo/../../tonclib/lib/libtonc.a(sys8.o)
                              /home/okizame/dev/gba/tonc/code/adv/m7_demo/../../tonclib/lib/libtonc.a(tte_main.o) (sys8Font)
/home/okizame/dev/gba/tonc/code/adv/m7_demo/../../tonclib/lib/libtonc.a(verdana9.o)
                              /home/okizame/dev/gba/tonc/code/adv/m7_demo/../../tonclib/lib/libtonc.a(tte_init_chr4c.o) (verdana9Font)
/home/okizame/dev/gba/tonc/code/adv/m7_demo/../../tonclib/lib/libtonc.a(verdana9_b4.o)
                              m7_demo.o (verdana9_b4Font)
/home/okizame/dev/gba/tonc/code/adv/m7_demo/../../tonclib/lib/libtonc.a(tonc_schr4c.o)
                              /home/okizame/dev/gba/tonc/code/adv/m7_demo/../../tonclib/lib/libtonc.a(tte_init_chr4c.o) (schr4c_rect)
/home/okizame/dev/gba/tonc/code/adv/m7_demo/../../tonclib/lib/libtonc.a(tonc_surface.o)
                              /home/okizame/dev/gba/tonc/code/adv/m7_demo/../../tonclib/lib/libtonc.a(tte_init_chr4c.o) (srf_init)
/home/okizame/dev/gba/tonc/code/adv/m7_demo/../../tonclib/lib/libtonc.a(chr4c_drawg_b1cts.o)
                              /home/okizame/dev/gba/tonc/code/adv/m7_demo/../../tonclib/lib/libtonc.a(tte_init_chr4c.o) (chr4c_drawg_b1cts)
/home/okizame/dev/gba/tonc/code/adv/m7_demo/libgfx.a(nums.o)
                              m7_demo.o (numsTiles)
/opt/devkitpro/devkitARM/bin/../lib/gcc/arm-none-eabi/13.1.0/thumb/libgcc.a(_divsi3.o)
                              /home/okizame/dev/gba/tonc/code/adv/m7_demo/../../tonclib/lib/libtonc.a(tte_iohook.o) (__aeabi_idiv)
/opt/devkitpro/devkitARM/bin/../lib/gcc/arm-none-eabi/13.1.0/thumb/libgcc.a(_dvmd_tls.o)
                              /opt/devkitpro/devkitARM/bin/../lib/gcc/arm-none-eabi/13.1.0/thumb/libgcc.a(_divsi3.o) (__aeabi_idiv0)
/opt/devkitpro/devkitARM/bin/../lib/gcc/arm-none-eabi/13.1.0/../../../../arm-none-eabi/lib/thumb/libc.a(libc_a-siscanf.o)
                              /home/okizame/dev/gba/tonc/code/adv/m7_demo/../../tonclib/lib/libtonc.a(tte_iohook.o) (siscanf)
/opt/devkitpro/devkitARM/bin/../lib/gcc/arm-none-eabi/13.1.0/../../../../arm-none-eabi/lib/thumb/libc.a(libc_a-setvbuf.o)
                              /home/okizame/dev/gba/tonc/code/adv/m7_demo/../../tonclib/lib/libtonc.a(tte_iohook.o) (setvbuf)
/opt/devkitpro/devkitARM/bin/../lib/gcc/arm-none-eabi/13.1.0/../../../../arm-none-eabi/lib/thumb/libc.a(libc_a-svfiscanf.o)
                              /opt/devkitpro/devkitARM/bin/../lib/gcc/arm-none-eabi/13.1.0/../../../../arm-none-eabi/lib/thumb/libc.a(libc_a-siscanf.o) (__ssvfiscanf_r)
[...]
Memory Configuration

Name             Origin             Length             Attributes
rom              0x08000000         0x02000000
iwram            0x03000000         0x00008000
ewram            0x02000000         0x00040000
*default*        0x00000000         0xffffffff

Linker script and memory map

                0x08000000                        __text_start = ORIGIN (rom)
                0x02040000                        __eheap_end = (ORIGIN (ewram) + LENGTH (ewram))
                0x03000000                        __iwram_start = ORIGIN (iwram)
                0x03008000                        __iwram_top = (ORIGIN (iwram) + LENGTH (iwram))
                0x03007fa0                        __sp_irq = (__iwram_top - 0x60)
                0x03007f00                        __sp_usr = (__sp_irq - 0xa0)
                0x03007ff8                        __irq_flags = 0x3007ff8
                0x08000000                        . = __text_start

.crt0           0x08000000      0x210
 *(.crt0)
 .crt0          0x08000000      0x210 /opt/devkitpro/devkitARM/bin/../lib/gcc/arm-none-eabi/13.1.0/../../../../arm-none-eabi/lib/thumb/gba_crt0.o
                0x08000000                _start
                0x080000c4                __boot_method
                0x080000c5                __slave_number
                0x080000e0                start_vector
                0x08000210                        . = ALIGN (0x4)

.init           0x08000210        0xc
 *(SORT_NONE(.init))
 .init          0x08000210        0x4 /opt/devkitpro/devkitARM/bin/../lib/gcc/arm-none-eabi/13.1.0/thumb/crti.o
                0x08000210                _init
 .init          0x08000214        0x8 /opt/devkitpro/devkitARM/bin/../lib/gcc/arm-none-eabi/13.1.0/thumb/crtn.o

.plt            0x0800021c        0x0
 *(.plt)
                0x0800021c                        . = ALIGN (0x4)

.text           0x08000220     0x8ff0
 *(EXCLUDE_FILE(*.iwram*) .text*)
 .text.__do_global_dtors_aux
                0x08000220       0x2c /opt/devkitpro/devkitARM/bin/../lib/gcc/arm-none-eabi/13.1.0/thumb/crtbegin.o
 .text.frame_dummy
                0x0800024c       0x24 /opt/devkitpro/devkitARM/bin/../lib/gcc/arm-none-eabi/13.1.0/thumb/crtbegin.o
 .text          0x08000270      0x1e4 m7_demo.o
                0x08000270                init_main
                0x080002ec                set_mode7_type
                0x08000330                input_main
 .text.startup  0x08000454       0x78 m7_demo.o
                0x08000454                main
 .text          0x080004cc       0xac /home/okizame/dev/gba/tonc/code/adv/m7_demo/../../tonclib/lib/libtonc.a(tonc_input.o)
                0x080004cc                key_poll
                0x08000524                key_wait_till_hit
                0x08000548                key_repeat
                0x08000554                key_repeat_mask
                0x08000564                key_repeat_limits
 .text          0x08000578      0x35c /home/okizame/dev/gba/tonc/code/adv/m7_demo/../../tonclib/lib/libtonc.a(tonc_irq.o)
                0x08000578                irq_init
                0x080005bc                irq_set_master
                0x080005ec                irq_set
                0x08000718                irq_add
                0x08000790                irq_delete
                0x08000848                irq_enable
                0x08000890                irq_disable
 .text          0x080008d4      0x120 /home/okizame/dev/gba/tonc/code/adv/m7_demo/../../tonclib/lib/libtonc.a(chr4c_drawg_b4cts.o)
                0x080008d4                chr4c_drawg_b4cts
 .text          0x080009f4       0xfc /home/okizame/dev/gba/tonc/code/adv/m7_demo/../../tonclib/lib/libtonc.a(tte_init_chr4c.o)
                0x080009f4                chr4c_erase
                0x08000a20                tte_init_chr4c
 .text          0x08000af0      0x34c /home/okizame/dev/gba/tonc/code/adv/m7_demo/../../tonclib/lib/libtonc.a(tte_iohook.o)
                0x08000af0                tte_con_nocash
                0x08000b58                tte_init_con
                0x08000ba0                tte_cmd_vt100
                0x08000d00                tte_con_write
 .text          0x08000e3c      0x9e0 /home/okizame/dev/gba/tonc/code/adv/m7_demo/../../tonclib/lib/libtonc.a(tte_main.o)
                0x08000e3c                dummy_drawg
                0x08000e40                dummy_erase
                0x08000e44                tte_set_context
                0x08000e60                tte_set_color_attr
                0x08000e70                tte_set_color_attrs
                0x08000e8c                tte_set_color
                0x08000eb0                tte_set_colors
                0x08000eec                tte_init_base
                0x08000f80                utf8_decode_char
                0x08001030                tte_cmd_skip
                0x08001044                tte_cmd_next
                0x08001080                tte_putc
                0x080010d0                tte_erase_rect
                0x080010ec                tte_erase_screen
                0x08001110                tte_erase_line
                0x08001138                tte_cmd_default
                0x080015f4                tte_write
                0x080016e0                tte_write_ex
                0x08001710                tte_get_text_size
                0x080017fc                tte_set_margins
 .text          0x0800181c       0x8c /home/okizame/dev/gba/tonc/code/adv/m7_demo/../../tonclib/lib/libtonc.a(tonc_bios.o)
                0x0800181c                SoftReset
                0x08001820                RegisterRamReset
                0x08001824                Halt
                0x08001828                Stop
                0x0800182c                IntrWait
                0x08001830                VBlankIntrWait
                0x08001834                Div
                0x08001838                DivArm
                0x0800183c                Sqrt
                0x08001840                ArcTan
                0x08001844                ArcTan2
                0x08001848                CpuSet
                0x0800184c                CpuFastSet
                0x08001850                BiosCheckSum
                0x08001854                BgAffineSet
                0x08001858                ObjAffineSet
                0x0800185c                BitUnPack
                0x08001860                LZ77UnCompWram
                0x08001864                LZ77UnCompVram
                0x08001868                HuffUnComp
                0x0800186c                RLUnCompWram
                0x08001870                RLUnCompVram
                0x08001874                Diff8bitUnFilterWram
                0x08001878                Diff8bitUnFilterVram
                0x0800187c                Diff16bitUnFilter
                0x08001880                SoundBias
                0x08001884                SoundDriverInit
                0x08001888                SoundDriverMode
                0x0800188c                SoundDriverMain
                0x08001890                SoundDriverVSync
                0x08001894                SoundChannelClear
                0x08001898                MidiKey2Freq
                0x0800189c                MultiBoot
                0x080018a0                SoundDriverVSyncOff
                0x080018a4                SoundDriverVSyncOn
 .text          0x080018a8       0x54 /home/okizame/dev/gba/tonc/code/adv/m7_demo/../../tonclib/lib/libtonc.a(tonc_bios_ex.o)
                0x080018a8                VBlankIntrDelay
                0x080018b8                DivSafe
                0x080018cc                Mod
                0x080018d4                DivAbs
                0x080018dc                DivArmMod
                0x080018e4                DivArmAbs
                0x080018ec                CpuFastFill
 .text          0x080018fc       0x44 /home/okizame/dev/gba/tonc/code/adv/m7_demo/../../tonclib/lib/libtonc.a(tonc_memcpy.o)
                0x080018fc                memcpy16
 .text          0x08001940      0x9ec /home/okizame/dev/gba/tonc/code/adv/m7_demo/../../tonclib/lib/libtonc.a(tonc_schr4c.o)
                0x08001940                schr4c_get_pixel
                0x08001964                schr4c_plot
                0x08001994                schr4c_hline
                0x08001a54                schr4c_vline
                0x08001a9c                schr4c_line
                0x08001c18                schr4c_blit
                0x08001f5c                schr4c_frame
                0x08001fec                schr4c_rect
                0x08002110                schr4c_prep_map
                0x08002164                schr4c_get_ptr
                0x08002174                schr4c_floodfill_internal
                0x080022f4                schr4c_floodfill
 .text          0x0800232c      0x138 /home/okizame/dev/gba/tonc/code/adv/m7_demo/../../tonclib/lib/libtonc.a(tonc_surface.o)
                0x0800232c                srf_init
                0x080023e4                srf_pal_copy
                0x08002404                srf_get_ptr
 .text          0x08002464      0x120 /home/okizame/dev/gba/tonc/code/adv/m7_demo/../../tonclib/lib/libtonc.a(chr4c_drawg_b1cts.o)
                0x08002464                chr4c_drawg_b1cts
 .text          0x08002584      0x150 /opt/devkitpro/devkitARM/bin/../lib/gcc/arm-none-eabi/13.1.0/thumb/libgcc.a(_divsi3.o)
                0x08002584                __aeabi_idiv
                0x08002584                __divsi3
                0x080026b4                __aeabi_idivmod
 .text          0x080026d4        0x4 /opt/devkitpro/devkitARM/bin/../lib/gcc/arm-none-eabi/13.1.0/thumb/libgcc.a(_dvmd_tls.o)
                0x080026d4                __aeabi_ldiv0
                0x080026d4                __aeabi_idiv0
 .text.siscanf  0x080026d8       0x4c /opt/devkitpro/devkitARM/bin/../lib/gcc/arm-none-eabi/13.1.0/../../../../arm-none-eabi/lib/thumb/libc.a(libc_a-siscanf.o)
                0x080026d8                siscanf
 .text.setvbuf  0x08002724      0x1a4 /opt/devkitpro/devkitARM/bin/../lib/gcc/arm-none-eabi/13.1.0/../../../../arm-none-eabi/lib/thumb/libc.a(libc_a-setvbuf.o)
                0x08002724                setvbuf
 .text.get_arg  0x080028c8       0x3e /opt/devkitpro/devkitARM/bin/../lib/gcc/arm-none-eabi/13.1.0/../../../../arm-none-eabi/lib/thumb/libc.a(libc_a-svfiscanf.o)
 .text._sungetc_r
                0x08002906       0x7e /opt/devkitpro/devkitARM/bin/../lib/gcc/arm-none-eabi/13.1.0/../../../../arm-none-eabi/lib/thumb/libc.a(libc_a-svfiscanf.o)
                0x08002906                _sungetc_r
 .text.__ssrefill_r
                0x08002984       0x42 /opt/devkitpro/devkitARM/bin/../lib/gcc/arm-none-eabi/13.1.0/../../../../arm-none-eabi/lib/thumb/libc.a(libc_a-svfiscanf.o)
                0x08002984                __ssrefill_r
 .text._sfread_r
                0x080029c6       0x88 /opt/devkitpro/devkitARM/bin/../lib/gcc/arm-none-eabi/13.1.0/../../../../arm-none-eabi/lib/thumb/libc.a(libc_a-svfiscanf.o)
                0x080029c6                _sfread_r
 *fill*         0x08002a4e        0x2 ff
 .text.__ssvfiscanf_r
                0x08002a50     0x1ac4 /opt/devkitpro/devkitARM/bin/../lib/gcc/arm-none-eabi/13.1.0/../../../../arm-none-eabi/lib/thumb/libc.a(libc_a-svfiscanf.o)
                0x08002a50                __ssvfiscanf_r
 .text._malloc_trim_r
                0x08004514       0xac /opt/devkitpro/devkitARM/bin/../lib/gcc/arm-none-eabi/13.1.0/../../../../arm-none-eabi/lib/thumb/libc.a(libc_a-freer.o)
                0x08004514                _malloc_trim_r
 .text._free_r  0x080045c0      0x1d8 /opt/devkitpro/devkitARM/bin/../lib/gcc/arm-none-eabi/13.1.0/../../../../arm-none-eabi/lib/thumb/libc.a(libc_a-freer.o)
                0x080045c0                _free_r
 .text.iprintf  0x08004798       0x24 /opt/devkitpro/devkitARM/bin/../lib/gcc/arm-none-eabi/13.1.0/../../../../arm-none-eabi/lib/thumb/libc.a(libc_a-iprintf.o)
                0x08004798                iprintf
 .text.malloc   0x080047bc       0x14 /opt/devkitpro/devkitARM/bin/../lib/gcc/arm-none-eabi/13.1.0/../../../../arm-none-eabi/lib/thumb/libc.a(libc_a-malloc.o)
                0x080047bc                malloc
 .text.free     0x080047d0       0x14 /opt/devkitpro/devkitARM/bin/../lib/gcc/arm-none-eabi/13.1.0/../../../../arm-none-eabi/lib/thumb/libc.a(libc_a-malloc.o)
                0x080047d0                free
 .text._malloc_r
                0x080047e4      0x558 /opt/devkitpro/devkitARM/bin/../lib/gcc/arm-none-eabi/13.1.0/../../../../arm-none-eabi/lib/thumb/libc.a(libc_a-mallocr.o)
                0x080047e4                _malloc_r
 .text.memset   0x08004d3c       0xb0 /opt/devkitpro/devkitARM/bin/../lib/gcc/arm-none-eabi/13.1.0/../../../../arm-none-eabi/lib/thumb/libc.a(libc_a-memset.o)
                0x08004d3c                memset
 .text.__malloc_lock
                0x08004dec       0x14 /opt/devkitpro/devkitARM/bin/../lib/gcc/arm-none-eabi/13.1.0/../../../../arm-none-eabi/lib/thumb/libc.a(libc_a-mlock.o)
                0x08004dec                __malloc_lock
 .text.__malloc_unlock
                0x08004e00       0x14 /opt/devkitpro/devkitARM/bin/../lib/gcc/arm-none-eabi/13.1.0/../../../../arm-none-eabi/lib/thumb/libc.a(libc_a-mlock.o)
                0x08004e00                __malloc_unlock
 .text.strlen   0x08004e14       0x60 /opt/devkitpro/devkitARM/bin/../lib/gcc/arm-none-eabi/13.1.0/../../../../arm-none-eabi/lib/thumb/libc.a(libc_a-strlen.o)
                0x08004e14                strlen
 .text.__sflush_r
                0x08004e74      0x188 /opt/devkitpro/devkitARM/bin/../lib/gcc/arm-none-eabi/13.1.0/../../../../arm-none-eabi/lib/thumb/libc.a(libc_a-fflush.o)
                0x08004e74                __sflush_r
 .text._fflush_r
                0x08004ffc       0x70 /opt/devkitpro/devkitARM/bin/../lib/gcc/arm-none-eabi/13.1.0/../../../../arm-none-eabi/lib/thumb/libc.a(libc_a-fflush.o)
                0x08004ffc                _fflush_r
 .text._fwalk_sglue
                0x0800506c       0x4c /opt/devkitpro/devkitARM/bin/../lib/gcc/arm-none-eabi/13.1.0/../../../../arm-none-eabi/lib/thumb/libc.a(libc_a-fwalk.o)
                0x0800506c                _fwalk_sglue
 .text.strncpy  0x080050b8       0x68 /opt/devkitpro/devkitARM/bin/../lib/gcc/arm-none-eabi/13.1.0/../../../../arm-none-eabi/lib/thumb/libc.a(libc_a-strncpy.o)
                0x080050b8                strncpy
 .text.stdio_exit_handler
                0x08005120       0x20 /opt/devkitpro/devkitARM/bin/../lib/gcc/arm-none-eabi/13.1.0/../../../../arm-none-eabi/lib/thumb/libc.a(libc_a-findfp.o)
 .text.cleanup_stdio
                0x08005140       0x40 /opt/devkitpro/devkitARM/bin/../lib/gcc/arm-none-eabi/13.1.0/../../../../arm-none-eabi/lib/thumb/libc.a(libc_a-findfp.o)
 .text.global_stdio_init.part.0
                0x08005180      0x128 /opt/devkitpro/devkitARM/bin/../lib/gcc/arm-none-eabi/13.1.0/../../../../arm-none-eabi/lib/thumb/libc.a(libc_a-findfp.o)
 .text.__sinit  0x080052a8       0x3c /opt/devkitpro/devkitARM/bin/../lib/gcc/arm-none-eabi/13.1.0/../../../../arm-none-eabi/lib/thumb/libc.a(libc_a-findfp.o)
                0x080052a8                __sinit
 .text.__sfp_lock_acquire
                0x080052e4       0x14 /opt/devkitpro/devkitARM/bin/../lib/gcc/arm-none-eabi/13.1.0/../../../../arm-none-eabi/lib/thumb/libc.a(libc_a-findfp.o)
                0x080052e4                __sfp_lock_acquire
 .text.__sfp_lock_release
                0x080052f8       0x14 /opt/devkitpro/devkitARM/bin/../lib/gcc/arm-none-eabi/13.1.0/../../../../arm-none-eabi/lib/thumb/libc.a(libc_a-findfp.o)
                0x080052f8                __sfp_lock_release
 .text._strtol_l.part.0
                0x0800530c      0x13c /opt/devkitpro/devkitARM/bin/../lib/gcc/arm-none-eabi/13.1.0/../../../../arm-none-eabi/lib/thumb/libc.a(libc_a-strtol.o)
 .text._strtol_r
                0x08005448       0x34 /opt/devkitpro/devkitARM/bin/../lib/gcc/arm-none-eabi/13.1.0/../../../../arm-none-eabi/lib/thumb/libc.a(libc_a-strtol.o)
                0x08005448                _strtol_r
 .text.strtol   0x0800547c       0x38 /opt/devkitpro/devkitARM/bin/../lib/gcc/arm-none-eabi/13.1.0/../../../../arm-none-eabi/lib/thumb/libc.a(libc_a-strtol.o)
                0x0800547c                strtol
 .text.realloc  0x080054b4       0x18 /opt/devkitpro/devkitARM/bin/../lib/gcc/arm-none-eabi/13.1.0/../../../../arm-none-eabi/lib/thumb/libc.a(libc_a-realloc.o)
                0x080054b4                realloc
 .text._strtoul_l.isra.0
                0x080054cc      0x144 /opt/devkitpro/devkitARM/bin/../lib/gcc/arm-none-eabi/13.1.0/../../../../arm-none-eabi/lib/thumb/libc.a(libc_a-strtoul.o)
 .text._strtoul_r
                0x08005610       0x20 /opt/devkitpro/devkitARM/bin/../lib/gcc/arm-none-eabi/13.1.0/../../../../arm-none-eabi/lib/thumb/libc.a(libc_a-strtoul.o)
                0x08005610                _strtoul_r
 .text.__locale_mb_cur_max
                0x08005630       0x20 /opt/devkitpro/devkitARM/bin/../lib/gcc/arm-none-eabi/13.1.0/../../../../arm-none-eabi/lib/thumb/libc.a(libc_a-locale.o)
                0x08005630                __locale_mb_cur_max
 .text.__utf8_wctomb
                0x08005650       0xb4 /opt/devkitpro/devkitARM/bin/../lib/gcc/arm-none-eabi/13.1.0/../../../../arm-none-eabi/lib/thumb/libc.a(libc_a-wctomb_r.o)
                0x08005650                __utf8_wctomb
 .text.memcpy   0x08005704       0x90 /opt/devkitpro/devkitARM/bin/../lib/gcc/arm-none-eabi/13.1.0/../../../../arm-none-eabi/lib/thumb/libc.a(libc_a-memcpy-stub.o)
                0x08005704                memcpy
 .text.__libc_init_array
                0x08005794       0x54 /opt/devkitpro/devkitARM/bin/../lib/gcc/arm-none-eabi/13.1.0/../../../../arm-none-eabi/lib/thumb/libc.a(libc_a-init.o)
                0x08005794                __libc_init_array
 .text.__errno  0x080057e8        0xc /opt/devkitpro/devkitARM/bin/../lib/gcc/arm-none-eabi/13.1.0/../../../../arm-none-eabi/lib/thumb/libc.a(libc_a-errno.o)
                0x080057e8                __errno
 .text._strtoll_l.isra.0
                0x080057f4      0x19c /opt/devkitpro/devkitARM/bin/../lib/gcc/arm-none-eabi/13.1.0/../../../../arm-none-eabi/lib/thumb/libc.a(libc_a-strtoll.o)
 .text._strtoll_r
                0x08005990       0x20 /opt/devkitpro/devkitARM/bin/../lib/gcc/arm-none-eabi/13.1.0/../../../../arm-none-eabi/lib/thumb/libc.a(libc_a-strtoll.o)
                0x08005990                _strtoll_r
 .text._strtoull_l.isra.0
                0x080059b0      0x1c4 /opt/devkitpro/devkitARM/bin/../lib/gcc/arm-none-eabi/13.1.0/../../../../arm-none-eabi/lib/thumb/libc.a(libc_a-strtoull.o)
 .text._strtoull_r
                0x08005b74       0x20 /opt/devkitpro/devkitARM/bin/../lib/gcc/arm-none-eabi/13.1.0/../../../../arm-none-eabi/lib/thumb/libc.a(libc_a-strtoull.o)
                0x08005b74                _strtoull_r
 .text.iswspace
                0x08005b94       0x10 /opt/devkitpro/devkitARM/bin/../lib/gcc/arm-none-eabi/13.1.0/../../../../arm-none-eabi/lib/thumb/libc.a(libc_a-iswspace.o)
                0x08005b94                iswspace
 .text._mbrtowc_r
                0x08005ba4       0x90 /opt/devkitpro/devkitARM/bin/../lib/gcc/arm-none-eabi/13.1.0/../../../../arm-none-eabi/lib/thumb/libc.a(libc_a-mbrtowc.o)
                0x08005ba4                _mbrtowc_r
 .text.__smakebuf_r
                0x08005c34       0xe8 /opt/devkitpro/devkitARM/bin/../lib/gcc/arm-none-eabi/13.1.0/../../../../arm-none-eabi/lib/thumb/libc.a(libc_a-makebuf.o)
                0x08005c34                __smakebuf_r
 .text.__swhatbuf_r
                0x08005d1c       0x5c /opt/devkitpro/devkitARM/bin/../lib/gcc/arm-none-eabi/13.1.0/../../../../arm-none-eabi/lib/thumb/libc.a(libc_a-makebuf.o)
                0x08005d1c                __swhatbuf_r
 .text.iswspace_l
                0x08005d78       0x28 /opt/devkitpro/devkitARM/bin/../lib/gcc/arm-none-eabi/13.1.0/../../../../arm-none-eabi/lib/thumb/libc.a(libc_a-iswspace_l.o)
                0x08005d78                iswspace_l
 .text.__sccl   0x08005da0       0xa0 /opt/devkitpro/devkitARM/bin/../lib/gcc/arm-none-eabi/13.1.0/../../../../arm-none-eabi/lib/thumb/libc.a(libc_a-sccl.o)
                0x08005da0                __sccl
 .text.__submore
                0x08005e40       0x88 /opt/devkitpro/devkitARM/bin/../lib/gcc/arm-none-eabi/13.1.0/../../../../arm-none-eabi/lib/thumb/libc.a(libc_a-ungetc.o)
                0x08005e40                __submore
 .text.__sread  0x08005ec8       0x34 /opt/devkitpro/devkitARM/bin/../lib/gcc/arm-none-eabi/13.1.0/../../../../arm-none-eabi/lib/thumb/libc.a(libc_a-stdio.o)
                0x08005ec8                __sread
 .text.__seofread
                0x08005efc        0x4 /opt/devkitpro/devkitARM/bin/../lib/gcc/arm-none-eabi/13.1.0/../../../../arm-none-eabi/lib/thumb/libc.a(libc_a-stdio.o)
                0x08005efc                __seofread
 .text.__swrite
                0x08005f00       0x4c /opt/devkitpro/devkitARM/bin/../lib/gcc/arm-none-eabi/13.1.0/../../../../arm-none-eabi/lib/thumb/libc.a(libc_a-stdio.o)
                0x08005f00                __swrite
 .text.__sseek  0x08005f4c       0x44 /opt/devkitpro/devkitARM/bin/../lib/gcc/arm-none-eabi/13.1.0/../../../../arm-none-eabi/lib/thumb/libc.a(libc_a-stdio.o)
                0x08005f4c                __sseek
 .text.__sclose
                0x08005f90       0x10 /opt/devkitpro/devkitARM/bin/../lib/gcc/arm-none-eabi/13.1.0/../../../../arm-none-eabi/lib/thumb/libc.a(libc_a-stdio.o)
                0x08005f90                __sclose
 .text.category
                0x08005fa0       0x58 /opt/devkitpro/devkitARM/bin/../lib/gcc/arm-none-eabi/13.1.0/../../../../arm-none-eabi/lib/thumb/libc.a(libc_a-categories.o)
                0x08005fa0                category
 .text.get_arg  0x08005ff8      0x434 /opt/devkitpro/devkitARM/bin/../lib/gcc/arm-none-eabi/13.1.0/../../../../arm-none-eabi/lib/thumb/libc.a(libc_a-vfiprintf.o)
 .text.__sprint_r
                0x0800642c       0x24 /opt/devkitpro/devkitARM/bin/../lib/gcc/arm-none-eabi/13.1.0/../../../../arm-none-eabi/lib/thumb/libc.a(libc_a-vfiprintf.o)
                0x0800642c                __sprint_r
 .text._vfiprintf_r
                0x08006450     0x17cc /opt/devkitpro/devkitARM/bin/../lib/gcc/arm-none-eabi/13.1.0/../../../../arm-none-eabi/lib/thumb/libc.a(libc_a-vfiprintf.o)
                0x08006450                _vfiprintf_r
 .text.__sbprintf
                0x08007c1c       0x7c /opt/devkitpro/devkitARM/bin/../lib/gcc/arm-none-eabi/13.1.0/../../../../arm-none-eabi/lib/thumb/libc.a(libc_a-vfiprintf.o)
 .text.__swsetup_r
                0x08007c98       0xcc /opt/devkitpro/devkitARM/bin/../lib/gcc/arm-none-eabi/13.1.0/../../../../arm-none-eabi/lib/thumb/libc.a(libc_a-wsetup.o)
                0x08007c98                __swsetup_r
 .text._fclose_r
                0x08007d64       0xd8 /opt/devkitpro/devkitARM/bin/../lib/gcc/arm-none-eabi/13.1.0/../../../../arm-none-eabi/lib/thumb/libc.a(libc_a-fclose.o)
                0x08007d64                _fclose_r
 .text.memmove  0x08007e3c       0xbc /opt/devkitpro/devkitARM/bin/../lib/gcc/arm-none-eabi/13.1.0/../../../../arm-none-eabi/lib/thumb/libc.a(libc_a-memmove.o)
                0x08007e3c                memmove
 .text.__sfvwrite_r
                0x08007ef8      0x330 /opt/devkitpro/devkitARM/bin/../lib/gcc/arm-none-eabi/13.1.0/../../../../arm-none-eabi/lib/thumb/libc.a(libc_a-fvwrite.o)
                0x08007ef8                __sfvwrite_r
 .text._realloc_r
                0x08008228      0x384 /opt/devkitpro/devkitARM/bin/../lib/gcc/arm-none-eabi/13.1.0/../../../../arm-none-eabi/lib/thumb/libc.a(libc_a-reallocr.o)
                0x08008228                _realloc_r
 .text.__utf8_mbtowc
                0x080085ac      0x27c /opt/devkitpro/devkitARM/bin/../lib/gcc/arm-none-eabi/13.1.0/../../../../arm-none-eabi/lib/thumb/libc.a(libc_a-mbtowc_r.o)
                0x080085ac                __utf8_mbtowc
 .text._localeconv_r
                0x08008828       0x1c /opt/devkitpro/devkitARM/bin/../lib/gcc/arm-none-eabi/13.1.0/../../../../arm-none-eabi/lib/thumb/libc.a(libc_a-localeconv.o)
                0x08008828                _localeconv_r
 .text.memchr   0x08008844       0x78 /opt/devkitpro/devkitARM/bin/../lib/gcc/arm-none-eabi/13.1.0/../../../../arm-none-eabi/lib/thumb/libc.a(libc_a-memchr-stub.o)
                0x08008844                memchr
 .text._wcrtomb_r
                0x080088bc       0x84 /opt/devkitpro/devkitARM/bin/../lib/gcc/arm-none-eabi/13.1.0/../../../../arm-none-eabi/lib/thumb/libc.a(libc_a-wcrtomb.o)
                0x080088bc                _wcrtomb_r
 .text._wcsrtombs_r
                0x08008940       0x1c /opt/devkitpro/devkitARM/bin/../lib/gcc/arm-none-eabi/13.1.0/../../../../arm-none-eabi/lib/thumb/libc.a(libc_a-wcsrtombs.o)
                0x08008940                _wcsrtombs_r
 .text._wcsnrtombs_l
                0x0800895c      0x11c /opt/devkitpro/devkitARM/bin/../lib/gcc/arm-none-eabi/13.1.0/../../../../arm-none-eabi/lib/thumb/libc.a(libc_a-wcsnrtombs.o)
                0x0800895c                _wcsnrtombs_l
 .text._wcsnrtombs_r
                0x08008a78       0x40 /opt/devkitpro/devkitARM/bin/../lib/gcc/arm-none-eabi/13.1.0/../../../../arm-none-eabi/lib/thumb/libc.a(libc_a-wcsnrtombs.o)
                0x08008a78                _wcsnrtombs_r
 .text._fstat_r
                0x08008ab8       0x4c /opt/devkitpro/devkitARM/bin/../lib/gcc/arm-none-eabi/13.1.0/../../../../arm-none-eabi/lib/thumb/libsysbase.a(libsysbase_libsysbase_a-fstat.o)
                0x08008ab8                _fstat_r
 .text.__getreent
                0x08008b04       0x20 /opt/devkitpro/devkitARM/bin/../lib/gcc/arm-none-eabi/13.1.0/../../../../arm-none-eabi/lib/thumb/libsysbase.a(libsysbase_libsysbase_a-getreent.o)
                0x08008b04                __getreent
 .text.__get_handle
                0x08008b24       0x34 /opt/devkitpro/devkitARM/bin/../lib/gcc/arm-none-eabi/13.1.0/../../../../arm-none-eabi/lib/thumb/libsysbase.a(libsysbase_libsysbase_a-handle_manager.o)
                0x08008b24                __get_handle
 .text._close_r
                0x08008b58       0xb8 /opt/devkitpro/devkitARM/bin/../lib/gcc/arm-none-eabi/13.1.0/../../../../arm-none-eabi/lib/thumb/libsysbase.a(libsysbase_libsysbase_a-handle_manager.o)
                0x08008b58                _close_r
 .text.null_write
                0x08008c10        0x4 /opt/devkitpro/devkitARM/bin/../lib/gcc/arm-none-eabi/13.1.0/../../../../arm-none-eabi/lib/thumb/libsysbase.a(libsysbase_libsysbase_a-iosupport.o)
 .text._isatty_r
                0x08008c14        0x4 /opt/devkitpro/devkitARM/bin/../lib/gcc/arm-none-eabi/13.1.0/../../../../arm-none-eabi/lib/thumb/libsysbase.a(libsysbase_libsysbase_a-isatty.o)
                0x08008c14                _isatty_r
 .text._lseek_r
                0x08008c18       0x5c /opt/devkitpro/devkitARM/bin/../lib/gcc/arm-none-eabi/13.1.0/../../../../arm-none-eabi/lib/thumb/libsysbase.a(libsysbase_libsysbase_a-lseek.o)
                0x08008c18                _lseek_r
 .text._read_r  0x08008c74       0x50 /opt/devkitpro/devkitARM/bin/../lib/gcc/arm-none-eabi/13.1.0/../../../../arm-none-eabi/lib/thumb/libsysbase.a(libsysbase_libsysbase_a-read.o)
                0x08008c74                _read_r
 .text._sbrk_r  0x08008cc4       0x54 /opt/devkitpro/devkitARM/bin/../lib/gcc/arm-none-eabi/13.1.0/../../../../arm-none-eabi/lib/thumb/libsysbase.a(libsysbase_libsysbase_a-sbrk.o)
                0x08008cc4                _sbrk_r
 .text.__libc_lock_acquire
                0x08008d18       0x18 /opt/devkitpro/devkitARM/bin/../lib/gcc/arm-none-eabi/13.1.0/../../../../arm-none-eabi/lib/thumb/libsysbase.a(libsysbase_libsysbase_a-syscall_support.o)
                0x08008d18                __libc_lock_acquire
 .text.__libc_lock_release
                0x08008d30       0x18 /opt/devkitpro/devkitARM/bin/../lib/gcc/arm-none-eabi/13.1.0/../../../../arm-none-eabi/lib/thumb/libsysbase.a(libsysbase_libsysbase_a-syscall_support.o)
                0x08008d30                __libc_lock_release
 .text.__libc_lock_acquire_recursive
                0x08008d48       0x18 /opt/devkitpro/devkitARM/bin/../lib/gcc/arm-none-eabi/13.1.0/../../../../arm-none-eabi/lib/thumb/libsysbase.a(libsysbase_libsysbase_a-syscall_support.o)
                0x08008d48                __libc_lock_acquire_recursive
 .text.__libc_lock_release_recursive
                0x08008d60       0x18 /opt/devkitpro/devkitARM/bin/../lib/gcc/arm-none-eabi/13.1.0/../../../../arm-none-eabi/lib/thumb/libsysbase.a(libsysbase_libsysbase_a-syscall_support.o)
                0x08008d60                __libc_lock_release_recursive
 .text._write_r
                0x08008d78       0x50 /opt/devkitpro/devkitARM/bin/../lib/gcc/arm-none-eabi/13.1.0/../../../../arm-none-eabi/lib/thumb/libsysbase.a(libsysbase_libsysbase_a-write.o)
                0x08008d78                _write_r
 .text          0x08008dc8       0x14 /opt/devkitpro/devkitARM/bin/../lib/gcc/arm-none-eabi/13.1.0/thumb/libgcc.a(_thumb1_case_uqi.o)
                0x08008dc8                __gnu_thumb1_case_uqi
 .text          0x08008ddc       0x14 /opt/devkitpro/devkitARM/bin/../lib/gcc/arm-none-eabi/13.1.0/thumb/libgcc.a(_thumb1_case_uhi.o)
                0x08008ddc                __gnu_thumb1_case_uhi
 .text          0x08008df0      0x11c /opt/devkitpro/devkitARM/bin/../lib/gcc/arm-none-eabi/13.1.0/thumb/libgcc.a(_udivsi3.o)
                0x08008df0                __udivsi3
                0x08008df0                __aeabi_uidiv
                0x08008eec                __aeabi_uidivmod
 .text          0x08008f0c       0x3c /opt/devkitpro/devkitARM/bin/../lib/gcc/arm-none-eabi/13.1.0/thumb/libgcc.a(_aeabi_uldivmod.o)
                0x08008f0c                __aeabi_uldivmod
 .text.__muldi3
                0x08008f48       0x64 /opt/devkitpro/devkitARM/bin/../lib/gcc/arm-none-eabi/13.1.0/thumb/libgcc.a(_muldi3.o)
                0x08008f48                __aeabi_lmul
                0x08008f48                __muldi3
 .text.__udivmoddi4
                0x08008fac      0x19c /opt/devkitpro/devkitARM/bin/../lib/gcc/arm-none-eabi/13.1.0/thumb/libgcc.a(_udivmoddi4.o)
                0x08008fac                __udivmoddi4
 .text          0x08009148       0x28 /opt/devkitpro/devkitARM/bin/../lib/gcc/arm-none-eabi/13.1.0/thumb/libgcc.a(_clzdi2.o)
                0x08009148                __clzdi2
 .text          0x08009170       0x48 /opt/devkitpro/devkitARM/bin/../lib/gcc/arm-none-eabi/13.1.0/thumb/libgcc.a(_clzsi2.o)
                0x08009170                __clzsi2
 .text.__stub   0x080091b8       0x4c linker stubs
 *(.gnu.linkonce.t.*)
 *(.text.*personality*)
 *(.gnu.warning)
 *(.glue_7t)
 .glue_7t       0x08009210        0x0 linker stubs
 *(.glue_7)
 .glue_7        0x08009210        0x0 linker stubs
 *(.vfp11_veneer)
 .vfp11_veneer  0x08009210        0x0 linker stubs
                0x08009210                        . = ALIGN (0x4)
                0x08009210                        __text_end = .

.v4_bx          0x08009210        0x0
 .v4_bx         0x08009210        0x0 linker stubs

.iplt           0x08009210        0x0
 .iplt          0x08009210        0x0 /opt/devkitpro/devkitARM/bin/../lib/gcc/arm-none-eabi/13.1.0/../../../../arm-none-eabi/lib/thumb/gba_crt0.o

.fini           0x08009210        0xc
 *(.fini)
 .fini          0x08009210        0x4 /opt/devkitpro/devkitARM/bin/../lib/gcc/arm-none-eabi/13.1.0/thumb/crti.o
                0x08009210                _fini
 .fini          0x08009214        0x8 /opt/devkitpro/devkitARM/bin/../lib/gcc/arm-none-eabi/13.1.0/thumb/crtn.o
                0x0800921c                        . = ALIGN (0x4)

.rodata         0x0800921c     0x94f8
 *(.rodata)
 .rodata        0x0800921c       0x18 m7_demo.o
                0x08009228                strings
 .rodata        0x08009234       0x38 /home/okizame/dev/gba/tonc/code/adv/m7_demo/../../tonclib/lib/libtonc.a(tonc_irq.o)
 .rodata        0x0800926c      0x19c /home/okizame/dev/gba/tonc/code/adv/m7_demo/../../tonclib/lib/libtonc.a(tte_iohook.o)
                0x08009340                tte_dotab_stdout
                0x080093a4                tte_dotab_nocash
 .rodata        0x08009408      0x1f0 /home/okizame/dev/gba/tonc/code/adv/m7_demo/../../tonclib/lib/libtonc.a(tte_main.o)
 .rodata        0x080095f8      0x404 /home/okizame/dev/gba/tonc/code/adv/m7_demo/../../tonclib/lib/libtonc.a(div_lut.o)
                0x080095f8                div_lut
 .rodata        0x080099fc      0x404 /home/okizame/dev/gba/tonc/code/adv/m7_demo/../../tonclib/lib/libtonc.a(sin_lut.o)
                0x080099fc                sin_lut
 .rodata        0x08009e00      0x318 /home/okizame/dev/gba/tonc/code/adv/m7_demo/../../tonclib/lib/libtonc.a(sys8.o)
                0x08009e00                sys8Font
                0x08009e18                sys8Glyphs
 .rodata        0x0800a118      0xef8 /home/okizame/dev/gba/tonc/code/adv/m7_demo/../../tonclib/lib/libtonc.a(verdana9.o)
                0x0800a118                verdana9Font
                0x0800a130                verdana9Glyphs
                0x0800af30                verdana9Widths
 .rodata        0x0800b010     0x38f8 /home/okizame/dev/gba/tonc/code/adv/m7_demo/../../tonclib/lib/libtonc.a(verdana9_b4.o)
                0x0800b010                verdana9_b4Font
                0x0800b028                verdana9_b4Glyphs
                0x0800e828                verdana9_b4Widths
 .rodata        0x0800e908       0x1c /home/okizame/dev/gba/tonc/code/adv/m7_demo/../../tonclib/lib/libtonc.a(tonc_surface.o)
 .rodata        0x0800e924      0x440 /home/okizame/dev/gba/tonc/code/adv/m7_demo/libgfx.a(nums.o)
                0x0800e924                numsTiles
                0x0800ed24                numsPal
 *all.rodata*(*)
 *(.roda)
 *(.rodata.*)
 .rodata.str1.4
                0x0800ed64       0x2e m7_demo.o
 *fill*         0x0800ed92        0x2 ff
 .rodata.str1.4
                0x0800ed94       0x3b /home/okizame/dev/gba/tonc/code/adv/m7_demo/../../tonclib/lib/libtonc.a(tte_iohook.o)
                                 0x3c (size before relaxing)
 *fill*         0x0800edcf        0x1 ff
 .rodata.basefix.0
                0x0800edd0       0x22 /opt/devkitpro/devkitARM/bin/../lib/gcc/arm-none-eabi/13.1.0/../../../../arm-none-eabi/lib/thumb/libc.a(libc_a-svfiscanf.o)
 *fill*         0x0800edf2        0x2 ff
 .rodata.str1.4
                0x0800edf4       0x48 /opt/devkitpro/devkitARM/bin/../lib/gcc/arm-none-eabi/13.1.0/../../../../arm-none-eabi/lib/thumb/libc.a(libc_a-locale.o)
                                 0x4c (size before relaxing)
 .rodata._mbrtowc_r.str1.4
                0x0800ee3c        0x1 /opt/devkitpro/devkitARM/bin/../lib/gcc/arm-none-eabi/13.1.0/../../../../arm-none-eabi/lib/thumb/libc.a(libc_a-mbrtowc.o)
 .rodata._ctype_
                0x0800ee3c      0x101 /opt/devkitpro/devkitARM/bin/../lib/gcc/arm-none-eabi/13.1.0/../../../../arm-none-eabi/lib/thumb/libc.a(libc_a-ctype_.o)
                0x0800ee3c                _ctype_
 *fill*         0x0800ef3d        0x3 ff
 .rodata.categories
                0x0800ef40     0x3528 /opt/devkitpro/devkitARM/bin/../lib/gcc/arm-none-eabi/13.1.0/../../../../arm-none-eabi/lib/thumb/libc.a(libc_a-categories.o)
 .rodata._vfiprintf_r.str1.1
                0x08012468       0x29 /opt/devkitpro/devkitARM/bin/../lib/gcc/arm-none-eabi/13.1.0/../../../../arm-none-eabi/lib/thumb/libc.a(libc_a-vfiprintf.o)
 *fill*         0x08012491        0x3 ff
 .rodata.zeroes.0
                0x08012494       0x10 /opt/devkitpro/devkitARM/bin/../lib/gcc/arm-none-eabi/13.1.0/../../../../arm-none-eabi/lib/thumb/libc.a(libc_a-vfiprintf.o)
 .rodata.blanks.1
                0x080124a4       0x10 /opt/devkitpro/devkitARM/bin/../lib/gcc/arm-none-eabi/13.1.0/../../../../arm-none-eabi/lib/thumb/libc.a(libc_a-vfiprintf.o)
 .rodata.__action_table
                0x080124b4       0x6c /opt/devkitpro/devkitARM/bin/../lib/gcc/arm-none-eabi/13.1.0/../../../../arm-none-eabi/lib/thumb/libc.a(libc_a-svfiprintf.o)
                0x080124b4                __action_table
 .rodata.__state_table
                0x08012520       0x6c /opt/devkitpro/devkitARM/bin/../lib/gcc/arm-none-eabi/13.1.0/../../../../arm-none-eabi/lib/thumb/libc.a(libc_a-svfiprintf.o)
                0x08012520                __state_table
 .rodata.__chclass
                0x0801258c      0x100 /opt/devkitpro/devkitARM/bin/../lib/gcc/arm-none-eabi/13.1.0/../../../../arm-none-eabi/lib/thumb/libc.a(libc_a-svfiprintf.o)
                0x0801258c                __chclass
 .rodata.AddDevice.str1.4
                0x0801268c        0x8 /opt/devkitpro/devkitARM/bin/../lib/gcc/arm-none-eabi/13.1.0/../../../../arm-none-eabi/lib/thumb/libsysbase.a(libsysbase_libsysbase_a-iosupport.o)
 .rodata.dotab_stdnull
                0x08012694       0x80 /opt/devkitpro/devkitARM/bin/../lib/gcc/arm-none-eabi/13.1.0/../../../../arm-none-eabi/lib/thumb/libsysbase.a(libsysbase_libsysbase_a-iosupport.o)
                0x08012694                dotab_stdnull
 *(.gnu.linkonce.r*)
                0x08012714                        . = ALIGN (0x4)

.ARM.extab
 *(.ARM.extab* .gnu.linkonce.armextab.*)
                0x08012714                        __exidx_start = .

.ARM.exidx
 *(.ARM.exidx* .gnu.linkonce.armexidx.*)
                0x08012714                        __exidx_end = .

.ctors          0x08012714        0x0
 *crtbegin.o(.ctors)
 *(EXCLUDE_FILE(*crtend.o) .ctors)
 *(SORT_BY_NAME(.ctors.*))
 *(.ctors)
                0x08012714                        . = ALIGN (0x4)

.dtors          0x08012714        0x0
 *crtbegin.o(.dtors)
 *(EXCLUDE_FILE(*crtend.o) .dtors)
 *(SORT_BY_NAME(.dtors.*))
 *(.dtors)
                0x08012714                        . = ALIGN (0x4)

.eh_frame       0x08012714        0x4
 *(.eh_frame)
 .eh_frame      0x08012714        0x0 /opt/devkitpro/devkitARM/bin/../lib/gcc/arm-none-eabi/13.1.0/thumb/crtbegin.o
 .eh_frame      0x08012714        0x4 /opt/devkitpro/devkitARM/bin/../lib/gcc/arm-none-eabi/13.1.0/thumb/crtend.o
                0x08012718                        . = ALIGN (0x4)

.gcc_except_table
                0x08012718        0x0
 *(.gcc_except_table)
                0x08012718                        . = ALIGN (0x4)
                0x08012718                        __iwram_lma = .

.iwram          0x03000000      0x354 load address 0x08012718
                0x03000000                        __iwram_start__ = ABSOLUTE (.)
 *(.iwram .iwram*)
 .iwram         0x03000000      0x22c m7_isrs.iwram.o
                0x03000000                m7_hbl_a
                0x030000c0                m7_hbl_b
                0x03000180                m7_hbl_c
 .iwram         0x0300022c       0xa4 /home/okizame/dev/gba/tonc/code/adv/m7_demo/../../tonclib/lib/libtonc.a(tonc_isr_master.o)
                0x0300022c                isr_master
 .iwram         0x030002d0       0x38 /home/okizame/dev/gba/tonc/code/adv/m7_demo/../../tonclib/lib/libtonc.a(tonc_memcpy.o)
                0x030002d0                memcpy32
 .iwram         0x03000308       0x4c /home/okizame/dev/gba/tonc/code/adv/m7_demo/../../tonclib/lib/libtonc.a(tonc_memset.o)
                0x03000308                memset32
 *iwram.*(.text* .data*)
                0x03000354                        . = ALIGN (0x4)
                0x03000354                        __iwram_end__ = ABSOLUTE (.)
                0x08012a6c                        __data_lma = (__iwram_lma + SIZEOF (.iwram))

.bss            0x03000354      0x2c8
                0x03000354                        __bss_start = ABSOLUTE (.)
                0x03000354                        __bss_start__ = ABSOLUTE (.)
 *(.dynbss)
 *(.gnu.linkonce.b*)
 *(.bss*)
 .bss.completed.1
                0x03000354        0x1 /opt/devkitpro/devkitARM/bin/../lib/gcc/arm-none-eabi/13.1.0/thumb/crtbegin.o
 *fill*         0x03000355        0x3 
 .bss.object.0  0x03000358       0x18 /opt/devkitpro/devkitARM/bin/../lib/gcc/arm-none-eabi/13.1.0/thumb/crtbegin.o
 .bss           0x03000370       0x16 m7_demo.o
                0x03000370                cam_pos
                0x0300037c                g_state
                0x03000380                g_sinf
                0x03000384                cam_phi
 .bss           0x03000386        0x4 /home/okizame/dev/gba/tonc/code/adv/m7_demo/../../tonclib/lib/libtonc.a(tonc_input.o)
                0x03000386                __key_curr
                0x03000388                __key_prev
 *fill*         0x0300038a        0x2 
 .bss           0x0300038c        0x4 /home/okizame/dev/gba/tonc/code/adv/m7_demo/../../tonclib/lib/libtonc.a(tte_iohook.o)
 .bss.__malloc_current_mallinfo
                0x03000390       0x28 /opt/devkitpro/devkitARM/bin/../lib/gcc/arm-none-eabi/13.1.0/../../../../arm-none-eabi/lib/thumb/libc.a(libc_a-mallocr.o)
                0x03000390                __malloc_current_mallinfo
 .bss.__malloc_max_total_mem
                0x030003b8        0x4 /opt/devkitpro/devkitARM/bin/../lib/gcc/arm-none-eabi/13.1.0/../../../../arm-none-eabi/lib/thumb/libc.a(libc_a-mallocr.o)
                0x030003b8                __malloc_max_total_mem
 .bss.__malloc_max_sbrked_mem
                0x030003bc        0x4 /opt/devkitpro/devkitARM/bin/../lib/gcc/arm-none-eabi/13.1.0/../../../../arm-none-eabi/lib/thumb/libc.a(libc_a-mallocr.o)
                0x030003bc                __malloc_max_sbrked_mem
 .bss.__malloc_top_pad
                0x030003c0        0x4 /opt/devkitpro/devkitARM/bin/../lib/gcc/arm-none-eabi/13.1.0/../../../../arm-none-eabi/lib/thumb/libc.a(libc_a-mallocr.o)
                0x030003c0                __malloc_top_pad
 .bss.__malloc_recursive_mutex
                0x030003c4        0xc /opt/devkitpro/devkitARM/bin/../lib/gcc/arm-none-eabi/13.1.0/../../../../arm-none-eabi/lib/thumb/libc.a(libc_a-mlock.o)
 .bss.__sfp_recursive_mutex
                0x030003d0        0xc /opt/devkitpro/devkitARM/bin/../lib/gcc/arm-none-eabi/13.1.0/../../../../arm-none-eabi/lib/thumb/libc.a(libc_a-findfp.o)
 *fill*         0x030003dc        0x4 
 .bss.__sf      0x030003e0      0x168 /opt/devkitpro/devkitARM/bin/../lib/gcc/arm-none-eabi/13.1.0/../../../../arm-none-eabi/lib/thumb/libc.a(libc_a-findfp.o)
                0x030003e0                __sf
 .bss.__stdio_exit_handler
                0x03000548        0x4 /opt/devkitpro/devkitARM/bin/../lib/gcc/arm-none-eabi/13.1.0/../../../../arm-none-eabi/lib/thumb/libc.a(libc_a-findfp.o)
                0x03000548                __stdio_exit_handler
 .bss.__hndl_lock
                0x0300054c        0x4 /opt/devkitpro/devkitARM/bin/../lib/gcc/arm-none-eabi/13.1.0/../../../../arm-none-eabi/lib/thumb/libsysbase.a(libsysbase_libsysbase_a-handle_manager.o)
 .bss.fake_heap_start
                0x03000550        0x4 /opt/devkitpro/devkitARM/bin/../lib/gcc/arm-none-eabi/13.1.0/../../../../arm-none-eabi/lib/thumb/libsysbase.a(libsysbase_libsysbase_a-malloc_vars.o)
                0x03000550                fake_heap_start
 .bss.fake_heap_end
                0x03000554        0x4 /opt/devkitpro/devkitARM/bin/../lib/gcc/arm-none-eabi/13.1.0/../../../../arm-none-eabi/lib/thumb/libsysbase.a(libsysbase_libsysbase_a-malloc_vars.o)
                0x03000554                fake_heap_end
 .bss.heap_start.0
                0x03000558        0x4 /opt/devkitpro/devkitARM/bin/../lib/gcc/arm-none-eabi/13.1.0/../../../../arm-none-eabi/lib/thumb/libsysbase.a(libsysbase_libsysbase_a-sbrk.o)
 *(COMMON)
 COMMON         0x0300055c       0x78 /home/okizame/dev/gba/tonc/code/adv/m7_demo/../../tonclib/lib/libtonc.a(tonc_irq.o)
                0x0300055c                __isr_table
 COMMON         0x030005d4       0x48 /home/okizame/dev/gba/tonc/code/adv/m7_demo/../../tonclib/lib/libtonc.a(tte_main.o)
                0x030005d4                __tte_main_context
                0x0300061c                        . = ALIGN (0x4)
                0x0300061c                        __bss_end__ = ABSOLUTE (.)

.data           0x0300061c     0x177c load address 0x08012a6c
                0x0300061c                        __data_start__ = ABSOLUTE (.)
 *(.data*)
 .data          0x0300061c       0x10 m7_demo.o
                0x0300061c                m7_isrs
                0x03000628                g_cosf
 .data          0x0300062c        0x8 /home/okizame/dev/gba/tonc/code/adv/m7_demo/../../tonclib/lib/libtonc.a(tonc_input.o)
                0x0300062c                __key_rpt
 .data          0x03000634        0x4 /home/okizame/dev/gba/tonc/code/adv/m7_demo/../../tonclib/lib/libtonc.a(tte_main.o)
                0x03000634                gp_tte_context
 .data.__malloc_sbrk_base
                0x03000638        0x4 /opt/devkitpro/devkitARM/bin/../lib/gcc/arm-none-eabi/13.1.0/../../../../arm-none-eabi/lib/thumb/libc.a(libc_a-mallocr.o)
                0x03000638                __malloc_sbrk_base
 .data.__malloc_trim_threshold
                0x0300063c        0x4 /opt/devkitpro/devkitARM/bin/../lib/gcc/arm-none-eabi/13.1.0/../../../../arm-none-eabi/lib/thumb/libc.a(libc_a-mallocr.o)
                0x0300063c                __malloc_trim_threshold
 .data.__malloc_av_
                0x03000640      0x408 /opt/devkitpro/devkitARM/bin/../lib/gcc/arm-none-eabi/13.1.0/../../../../arm-none-eabi/lib/thumb/libc.a(libc_a-mallocr.o)
                0x03000640                __malloc_av_
 .data.__sglue  0x03000a48        0xc /opt/devkitpro/devkitARM/bin/../lib/gcc/arm-none-eabi/13.1.0/../../../../arm-none-eabi/lib/thumb/libc.a(libc_a-findfp.o)
                0x03000a48                __sglue
 .data.__global_locale
                0x03000a54      0x16c /opt/devkitpro/devkitARM/bin/../lib/gcc/arm-none-eabi/13.1.0/../../../../arm-none-eabi/lib/thumb/libc.a(libc_a-locale.o)
                0x03000a54                __global_locale
 .data._impure_ptr
                0x03000bc0        0x4 /opt/devkitpro/devkitARM/bin/../lib/gcc/arm-none-eabi/13.1.0/../../../../arm-none-eabi/lib/thumb/libc.a(libc_a-impure.o)
                0x03000bc0                _impure_ptr
 *fill*         0x03000bc4        0x4 ff
 .data._impure_data
                0x03000bc8      0x120 /opt/devkitpro/devkitARM/bin/../lib/gcc/arm-none-eabi/13.1.0/../../../../arm-none-eabi/lib/thumb/libc.a(libc_a-impure.o)
                0x03000bc8                _impure_data
 .data.handles  0x03000ce8     0x1000 /opt/devkitpro/devkitARM/bin/../lib/gcc/arm-none-eabi/13.1.0/../../../../arm-none-eabi/lib/thumb/libsysbase.a(libsysbase_libsysbase_a-handle_manager.o)
 .data.__stderr_handle
                0x03001ce8        0xc /opt/devkitpro/devkitARM/bin/../lib/gcc/arm-none-eabi/13.1.0/../../../../arm-none-eabi/lib/thumb/libsysbase.a(libsysbase_libsysbase_a-handle_manager.o)
 .data.__stdout_handle
                0x03001cf4        0xc /opt/devkitpro/devkitARM/bin/../lib/gcc/arm-none-eabi/13.1.0/../../../../arm-none-eabi/lib/thumb/libsysbase.a(libsysbase_libsysbase_a-handle_manager.o)
 .data.__stdin_handle
                0x03001d00        0xc /opt/devkitpro/devkitARM/bin/../lib/gcc/arm-none-eabi/13.1.0/../../../../arm-none-eabi/lib/thumb/libsysbase.a(libsysbase_libsysbase_a-handle_manager.o)
 .data.devoptab_list
                0x03001d0c       0x8c /opt/devkitpro/devkitARM/bin/../lib/gcc/arm-none-eabi/13.1.0/../../../../arm-none-eabi/lib/thumb/libsysbase.a(libsysbase_libsysbase_a-iosupport.o)
                0x03001d0c                devoptab_list
 *(.gnu.linkonce.d*)
                0x03001d98                        . = ALIGN (0x4)
                0x080141e8                        __preinit_lma = (__data_lma + SIZEOF (.data))

.igot.plt       0x03001d98        0x0 load address 0x080141e8
 .igot.plt      0x03001d98        0x0 /opt/devkitpro/devkitARM/bin/../lib/gcc/arm-none-eabi/13.1.0/../../../../arm-none-eabi/lib/thumb/gba_crt0.o

.preinit_array  0x03001d98        0x0 load address 0x080141e8
                0x03001d98                        __preinit_array_start = ABSOLUTE (.)
 *(.preinit_array)
                0x03001d98                        __preinit_array_end = ABSOLUTE (.)
                0x080141e8                        __init_lma = (__preinit_lma + SIZEOF (.preinit_array))

.init_array     0x03001d98        0x4 load address 0x080141e8
                0x03001d98                        __init_array_start = ABSOLUTE (.)
 *(SORT_BY_NAME(.init_array.*))
 *(.init_array)
 .init_array    0x03001d98        0x4 /opt/devkitpro/devkitARM/bin/../lib/gcc/arm-none-eabi/13.1.0/thumb/crtbegin.o
                0x03001d9c                        __init_array_end = ABSOLUTE (.)
                0x080141ec                        __fini_lma = (__init_lma + SIZEOF (.init_array))

.fini_array     0x03001d9c        0x4 load address 0x080141ec
                0x03001d9c                        __fini_array_start = ABSOLUTE (.)
 *(SORT_BY_NAME(.fini_array.*))
 *(.fini_array)
 .fini_array    0x03001d9c        0x4 /opt/devkitpro/devkitARM/bin/../lib/gcc/arm-none-eabi/13.1.0/thumb/crtbegin.o
                0x03001da0                        __fini_array_end = ABSOLUTE (.)
                0x080141f0                        __jcr_lma = (__fini_lma + SIZEOF (.fini_array))

.jcr
 *(.jcr)
                0x03001da0                        __data_end__ = ABSOLUTE (.)
                0x080141f0                        __iwram_overlay_lma = (__jcr_lma + SIZEOF (.jcr))
                0x03001da0                        __iwram_overlay_start = .

.iwram0         0x03001da0        0x0 load address 0x080141f0
 *(.iwram0)
                0x03001da0                        . = ALIGN (0x4)
                0x080141f0                        PROVIDE (__load_start_iwram0 = LOADADDR (.iwram0))
                0x080141f0                        PROVIDE (__load_stop_iwram0 = (LOADADDR (.iwram0) + SIZEOF (.iwram0)))

.iwram1         0x03001da0        0x0
 *(.iwram1)
                0x03001da0                        . = ALIGN (0x4)
                [!provide]                        PROVIDE (__load_start_iwram1 = LOADADDR (.iwram1))
                [!provide]                        PROVIDE (__load_stop_iwram1 = (LOADADDR (.iwram1) + SIZEOF (.iwram1)))

.iwram2         0x03001da0        0x0
 *(.iwram2)
                0x03001da0                        . = ALIGN (0x4)
                [!provide]                        PROVIDE (__load_start_iwram2 = LOADADDR (.iwram2))
                [!provide]                        PROVIDE (__load_stop_iwram2 = (LOADADDR (.iwram2) + SIZEOF (.iwram2)))

.iwram3         0x03001da0        0x0
 *(.iwram3)
                0x03001da0                        . = ALIGN (0x4)
                [!provide]                        PROVIDE (__load_start_iwram3 = LOADADDR (.iwram3))
                [!provide]                        PROVIDE (__load_stop_iwram3 = (LOADADDR (.iwram3) + SIZEOF (.iwram3)))

.iwram4         0x03001da0        0x0
 *(.iwram4)
                0x03001da0                        . = ALIGN (0x4)
                [!provide]                        PROVIDE (__load_start_iwram4 = LOADADDR (.iwram4))
                [!provide]                        PROVIDE (__load_stop_iwram4 = (LOADADDR (.iwram4) + SIZEOF (.iwram4)))

.iwram5         0x03001da0        0x0
 *(.iwram5)
                0x03001da0                        . = ALIGN (0x4)
                [!provide]                        PROVIDE (__load_start_iwram5 = LOADADDR (.iwram5))
                [!provide]                        PROVIDE (__load_stop_iwram5 = (LOADADDR (.iwram5) + SIZEOF (.iwram5)))

.iwram6         0x03001da0        0x0
 *(.iwram6)
                0x03001da0                        . = ALIGN (0x4)
                [!provide]                        PROVIDE (__load_start_iwram6 = LOADADDR (.iwram6))
                [!provide]                        PROVIDE (__load_stop_iwram6 = (LOADADDR (.iwram6) + SIZEOF (.iwram6)))

.iwram7         0x03001da0        0x0
 *(.iwram7)
                0x03001da0                        . = ALIGN (0x4)
                [!provide]                        PROVIDE (__load_start_iwram7 = LOADADDR (.iwram7))
                [!provide]                        PROVIDE (__load_stop_iwram7 = (LOADADDR (.iwram7) + SIZEOF (.iwram7)))

.iwram8         0x03001da0        0x0
 *(.iwram8)
                0x03001da0                        . = ALIGN (0x4)
                [!provide]                        PROVIDE (__load_start_iwram8 = LOADADDR (.iwram8))
                [!provide]                        PROVIDE (__load_stop_iwram8 = (LOADADDR (.iwram8) + SIZEOF (.iwram8)))

.iwram9         0x03001da0        0x0
 *(.iwram9)
                0x03001da0                        . = ALIGN (0x4)
                [!provide]                        PROVIDE (__load_start_iwram9 = LOADADDR (.iwram9))
                [!provide]                        PROVIDE (__load_stop_iwram9 = (LOADADDR (.iwram9) + SIZEOF (.iwram9)))
                0x03001da0                        __iwram_overlay_end = .
                0x080141f0                        __ewram_lma = (__iwram_overlay_lma + (__iwram_overlay_end - __iwram_overlay_start))
                0x03001da0                        __iheap_start = .
                0x02000000                        __ewram_start = ORIGIN (ewram)

.ewram          0x02000000       0x5c load address 0x080141f0
 *(.ewram*)
 .ewram         0x02000000       0x5c /home/okizame/dev/gba/tonc/code/adv/m7_demo/../../tonclib/lib/libtonc.a(tonc_nocash.o)
                0x02000000                nocash_message
                0x02000008                nocash_buffer
                0x0200005c                        . = ALIGN (0x4)
                0x0200005c                        __ewram_end = ABSOLUTE (.)
                0x0801424c                        __pad_lma = (__ewram_lma + SIZEOF (.ewram))

.sbss           0x0200005c        0x0
                0x0200005c                        __sbss_start__ = ABSOLUTE (.)
 *(.sbss*)
                0x0200005c                        . = ALIGN (0x4)
                0x0200005c                        __sbss_end__ = ABSOLUTE (.)
                0x0200005c                        __end__ = ABSOLUTE (.)
                0x0200005c                        __eheap_start = ABSOLUTE (.)

.pad            0x0200005c        0x8 load address 0x0801424c
                0x0200005c        0x4 LONG 0x52416b64
                0x02000060        0x4 LONG 0x4d
                0x02000064                        . = ALIGN (0x4)
                0x08014254                        __rom_end__ = (__pad_lma + SIZEOF (.pad))

.rel.dyn        0x02000064        0x0 load address 0x08014254
 .rel.iplt      0x02000064        0x0 /opt/devkitpro/devkitARM/bin/../lib/gcc/arm-none-eabi/13.1.0/../../../../arm-none-eabi/lib/thumb/gba_crt0.o

.stab
 *(.stab)

.stabstr
 *(.stabstr)

.stab.excl
 *(.stab.excl)

.stab.exclstr
 *(.stab.exclstr)

.stab.index
 *(.stab.index)

.stab.indexstr
 *(.stab.indexstr)

.comment        0x00000000       0x45
 *(.comment)
 .comment       0x00000000       0x23 /opt/devkitpro/devkitARM/bin/../lib/gcc/arm-none-eabi/13.1.0/thumb/crtbegin.o
                                 0x24 (size before relaxing)
 .comment       0x00000023       0x24 m7_demo.o
 .comment       0x00000023       0x24 m7_isrs.iwram.o
 .comment       0x00000023       0x22 /home/okizame/dev/gba/tonc/code/adv/m7_demo/../../tonclib/lib/libtonc.a(tonc_input.o)
                                 0x23 (size before relaxing)
 .comment       0x00000045       0x23 /home/okizame/dev/gba/tonc/code/adv/m7_demo/../../tonclib/lib/libtonc.a(tonc_irq.o)
 .comment       0x00000045       0x23 /home/okizame/dev/gba/tonc/code/adv/m7_demo/../../tonclib/lib/libtonc.a(chr4c_drawg_b4cts.o)
 .comment       0x00000045       0x23 /home/okizame/dev/gba/tonc/code/adv/m7_demo/../../tonclib/lib/libtonc.a(tte_init_chr4c.o)
 .comment       0x00000045       0x23 /home/okizame/dev/gba/tonc/code/adv/m7_demo/../../tonclib/lib/libtonc.a(tte_iohook.o)
 .comment       0x00000045       0x23 /home/okizame/dev/gba/tonc/code/adv/m7_demo/../../tonclib/lib/libtonc.a(tte_main.o)
 .comment       0x00000045       0x23 /home/okizame/dev/gba/tonc/code/adv/m7_demo/../../tonclib/lib/libtonc.a(tonc_schr4c.o)
 .comment       0x00000045       0x23 /home/okizame/dev/gba/tonc/code/adv/m7_demo/../../tonclib/lib/libtonc.a(tonc_surface.o)
 .comment       0x00000045       0x23 /home/okizame/dev/gba/tonc/code/adv/m7_demo/../../tonclib/lib/libtonc.a(chr4c_drawg_b1cts.o)
 .comment       0x00000045       0x24 /opt/devkitpro/devkitARM/bin/../lib/gcc/arm-none-eabi/13.1.0/../../../../arm-none-eabi/lib/thumb/libc.a(libc_a-siscanf.o)
 .comment       0x00000045       0x24 /opt/devkitpro/devkitARM/bin/../lib/gcc/arm-none-eabi/13.1.0/../../../../arm-none-eabi/lib/thumb/libc.a(libc_a-setvbuf.o)
 .comment       0x00000045       0x24 /opt/devkitpro/devkitARM/bin/../lib/gcc/arm-none-eabi/13.1.0/../../../../arm-none-eabi/lib/thumb/libc.a(libc_a-svfiscanf.o)
 .comment       0x00000045       0x24 /opt/devkitpro/devkitARM/bin/../lib/gcc/arm-none-eabi/13.1.0/../../../../arm-none-eabi/lib/thumb/libc.a(libc_a-freer.o)
 .comment       0x00000045       0x24 /opt/devkitpro/devkitARM/bin/../lib/gcc/arm-none-eabi/13.1.0/../../../../arm-none-eabi/lib/thumb/libc.a(libc_a-iprintf.o)
 .comment       0x00000045       0x24 /opt/devkitpro/devkitARM/bin/../lib/gcc/arm-none-eabi/13.1.0/../../../../arm-none-eabi/lib/thumb/libc.a(libc_a-malloc.o)
 .comment       0x00000045       0x24 /opt/devkitpro/devkitARM/bin/../lib/gcc/arm-none-eabi/13.1.0/../../../../arm-none-eabi/lib/thumb/libc.a(libc_a-mallocr.o)
 .comment       0x00000045       0x24 /opt/devkitpro/devkitARM/bin/../lib/gcc/arm-none-eabi/13.1.0/../../../../arm-none-eabi/lib/thumb/libc.a(libc_a-memset.o)
 .comment       0x00000045       0x24 /opt/devkitpro/devkitARM/bin/../lib/gcc/arm-none-eabi/13.1.0/../../../../arm-none-eabi/lib/thumb/libc.a(libc_a-mlock.o)
 .comment       0x00000045       0x24 /opt/devkitpro/devkitARM/bin/../lib/gcc/arm-none-eabi/13.1.0/../../../../arm-none-eabi/lib/thumb/libc.a(libc_a-strlen.o)
 .comment       0x00000045       0x24 /opt/devkitpro/devkitARM/bin/../lib/gcc/arm-none-eabi/13.1.0/../../../../arm-none-eabi/lib/thumb/libc.a(libc_a-fflush.o)
 .comment       0x00000045       0x24 /opt/devkitpro/devkitARM/bin/../lib/gcc/arm-none-eabi/13.1.0/../../../../arm-none-eabi/lib/thumb/libc.a(libc_a-fwalk.o)
 .comment       0x00000045       0x24 /opt/devkitpro/devkitARM/bin/../lib/gcc/arm-none-eabi/13.1.0/../../../../arm-none-eabi/lib/thumb/libc.a(libc_a-strncpy.o)
 .comment       0x00000045       0x24 /opt/devkitpro/devkitARM/bin/../lib/gcc/arm-none-eabi/13.1.0/../../../../arm-none-eabi/lib/thumb/libc.a(libc_a-findfp.o)
 .comment       0x00000045       0x24 /opt/devkitpro/devkitARM/bin/../lib/gcc/arm-none-eabi/13.1.0/../../../../arm-none-eabi/lib/thumb/libc.a(libc_a-strtol.o)
 .comment       0x00000045       0x24 /opt/devkitpro/devkitARM/bin/../lib/gcc/arm-none-eabi/13.1.0/../../../../arm-none-eabi/lib/thumb/libc.a(libc_a-realloc.o)
 .comment       0x00000045       0x24 /opt/devkitpro/devkitARM/bin/../lib/gcc/arm-none-eabi/13.1.0/../../../../arm-none-eabi/lib/thumb/libc.a(libc_a-strtoul.o)
 .comment       0x00000045       0x24 /opt/devkitpro/devkitARM/bin/../lib/gcc/arm-none-eabi/13.1.0/../../../../arm-none-eabi/lib/thumb/libc.a(libc_a-locale.o)
 .comment       0x00000045       0x24 /opt/devkitpro/devkitARM/bin/../lib/gcc/arm-none-eabi/13.1.0/../../../../arm-none-eabi/lib/thumb/libc.a(libc_a-wctomb_r.o)
 .comment       0x00000045       0x24 /opt/devkitpro/devkitARM/bin/../lib/gcc/arm-none-eabi/13.1.0/../../../../arm-none-eabi/lib/thumb/libc.a(libc_a-memcpy-stub.o)
 .comment       0x00000045       0x24 /opt/devkitpro/devkitARM/bin/../lib/gcc/arm-none-eabi/13.1.0/../../../../arm-none-eabi/lib/thumb/libc.a(libc_a-impure.o)
 .comment       0x00000045       0x24 /opt/devkitpro/devkitARM/bin/../lib/gcc/arm-none-eabi/13.1.0/../../../../arm-none-eabi/lib/thumb/libc.a(libc_a-init.o)
 .comment       0x00000045       0x24 /opt/devkitpro/devkitARM/bin/../lib/gcc/arm-none-eabi/13.1.0/../../../../arm-none-eabi/lib/thumb/libc.a(libc_a-errno.o)
 .comment       0x00000045       0x24 /opt/devkitpro/devkitARM/bin/../lib/gcc/arm-none-eabi/13.1.0/../../../../arm-none-eabi/lib/thumb/libc.a(libc_a-strtoll.o)
 .comment       0x00000045       0x24 /opt/devkitpro/devkitARM/bin/../lib/gcc/arm-none-eabi/13.1.0/../../../../arm-none-eabi/lib/thumb/libc.a(libc_a-strtoull.o)
 .comment       0x00000045       0x24 /opt/devkitpro/devkitARM/bin/../lib/gcc/arm-none-eabi/13.1.0/../../../../arm-none-eabi/lib/thumb/libc.a(libc_a-iswspace.o)
 .comment       0x00000045       0x24 /opt/devkitpro/devkitARM/bin/../lib/gcc/arm-none-eabi/13.1.0/../../../../arm-none-eabi/lib/thumb/libc.a(libc_a-mbrtowc.o)
 .comment       0x00000045       0x24 /opt/devkitpro/devkitARM/bin/../lib/gcc/arm-none-eabi/13.1.0/../../../../arm-none-eabi/lib/thumb/libc.a(libc_a-makebuf.o)
 .comment       0x00000045       0x24 /opt/devkitpro/devkitARM/bin/../lib/gcc/arm-none-eabi/13.1.0/../../../../arm-none-eabi/lib/thumb/libc.a(libc_a-iswspace_l.o)
 .comment       0x00000045       0x24 /opt/devkitpro/devkitARM/bin/../lib/gcc/arm-none-eabi/13.1.0/../../../../arm-none-eabi/lib/thumb/libc.a(libc_a-ctype_.o)
 .comment       0x00000045       0x24 /opt/devkitpro/devkitARM/bin/../lib/gcc/arm-none-eabi/13.1.0/../../../../arm-none-eabi/lib/thumb/libc.a(libc_a-sccl.o)
 .comment       0x00000045       0x24 /opt/devkitpro/devkitARM/bin/../lib/gcc/arm-none-eabi/13.1.0/../../../../arm-none-eabi/lib/thumb/libc.a(libc_a-ungetc.o)
 .comment       0x00000045       0x24 /opt/devkitpro/devkitARM/bin/../lib/gcc/arm-none-eabi/13.1.0/../../../../arm-none-eabi/lib/thumb/libc.a(libc_a-stdio.o)
 .comment       0x00000045       0x24 /opt/devkitpro/devkitARM/bin/../lib/gcc/arm-none-eabi/13.1.0/../../../../arm-none-eabi/lib/thumb/libc.a(libc_a-categories.o)
 .comment       0x00000045       0x24 /opt/devkitpro/devkitARM/bin/../lib/gcc/arm-none-eabi/13.1.0/../../../../arm-none-eabi/lib/thumb/libc.a(libc_a-vfiprintf.o)
 .comment       0x00000045       0x24 /opt/devkitpro/devkitARM/bin/../lib/gcc/arm-none-eabi/13.1.0/../../../../arm-none-eabi/lib/thumb/libc.a(libc_a-svfiprintf.o)
 .comment       0x00000045       0x24 /opt/devkitpro/devkitARM/bin/../lib/gcc/arm-none-eabi/13.1.0/../../../../arm-none-eabi/lib/thumb/libc.a(libc_a-wsetup.o)
 .comment       0x00000045       0x24 /opt/devkitpro/devkitARM/bin/../lib/gcc/arm-none-eabi/13.1.0/../../../../arm-none-eabi/lib/thumb/libc.a(libc_a-fclose.o)
 .comment       0x00000045       0x24 /opt/devkitpro/devkitARM/bin/../lib/gcc/arm-none-eabi/13.1.0/../../../../arm-none-eabi/lib/thumb/libc.a(libc_a-memmove.o)
 .comment       0x00000045       0x24 /opt/devkitpro/devkitARM/bin/../lib/gcc/arm-none-eabi/13.1.0/../../../../arm-none-eabi/lib/thumb/libc.a(libc_a-fvwrite.o)
 .comment       0x00000045       0x24 /opt/devkitpro/devkitARM/bin/../lib/gcc/arm-none-eabi/13.1.0/../../../../arm-none-eabi/lib/thumb/libc.a(libc_a-reallocr.o)
 .comment       0x00000045       0x24 /opt/devkitpro/devkitARM/bin/../lib/gcc/arm-none-eabi/13.1.0/../../../../arm-none-eabi/lib/thumb/libc.a(libc_a-mbtowc_r.o)
 .comment       0x00000045       0x24 /opt/devkitpro/devkitARM/bin/../lib/gcc/arm-none-eabi/13.1.0/../../../../arm-none-eabi/lib/thumb/libc.a(libc_a-localeconv.o)
 .comment       0x00000045       0x24 /opt/devkitpro/devkitARM/bin/../lib/gcc/arm-none-eabi/13.1.0/../../../../arm-none-eabi/lib/thumb/libc.a(libc_a-memchr-stub.o)
 .comment       0x00000045       0x24 /opt/devkitpro/devkitARM/bin/../lib/gcc/arm-none-eabi/13.1.0/../../../../arm-none-eabi/lib/thumb/libc.a(libc_a-wcrtomb.o)
 .comment       0x00000045       0x24 /opt/devkitpro/devkitARM/bin/../lib/gcc/arm-none-eabi/13.1.0/../../../../arm-none-eabi/lib/thumb/libc.a(libc_a-wcsrtombs.o)
 .comment       0x00000045       0x24 /opt/devkitpro/devkitARM/bin/../lib/gcc/arm-none-eabi/13.1.0/../../../../arm-none-eabi/lib/thumb/libc.a(libc_a-wcsnrtombs.o)
 .comment       0x00000045       0x24 /opt/devkitpro/devkitARM/bin/../lib/gcc/arm-none-eabi/13.1.0/../../../../arm-none-eabi/lib/thumb/libsysbase.a(libsysbase_libsysbase_a-fstat.o)
 .comment       0x00000045       0x24 /opt/devkitpro/devkitARM/bin/../lib/gcc/arm-none-eabi/13.1.0/../../../../arm-none-eabi/lib/thumb/libsysbase.a(libsysbase_libsysbase_a-getreent.o)
 .comment       0x00000045       0x24 /opt/devkitpro/devkitARM/bin/../lib/gcc/arm-none-eabi/13.1.0/../../../../arm-none-eabi/lib/thumb/libsysbase.a(libsysbase_libsysbase_a-handle_manager.o)
 .comment       0x00000045       0x24 /opt/devkitpro/devkitARM/bin/../lib/gcc/arm-none-eabi/13.1.0/../../../../arm-none-eabi/lib/thumb/libsysbase.a(libsysbase_libsysbase_a-iosupport.o)
 .comment       0x00000045       0x24 /opt/devkitpro/devkitARM/bin/../lib/gcc/arm-none-eabi/13.1.0/../../../../arm-none-eabi/lib/thumb/libsysbase.a(libsysbase_libsysbase_a-isatty.o)
 .comment       0x00000045       0x24 /opt/devkitpro/devkitARM/bin/../lib/gcc/arm-none-eabi/13.1.0/../../../../arm-none-eabi/lib/thumb/libsysbase.a(libsysbase_libsysbase_a-lseek.o)
 .comment       0x00000045       0x24 /opt/devkitpro/devkitARM/bin/../lib/gcc/arm-none-eabi/13.1.0/../../../../arm-none-eabi/lib/thumb/libsysbase.a(libsysbase_libsysbase_a-malloc_vars.o)
 .comment       0x00000045       0x24 /opt/devkitpro/devkitARM/bin/../lib/gcc/arm-none-eabi/13.1.0/../../../../arm-none-eabi/lib/thumb/libsysbase.a(libsysbase_libsysbase_a-read.o)
 .comment       0x00000045       0x24 /opt/devkitpro/devkitARM/bin/../lib/gcc/arm-none-eabi/13.1.0/../../../../arm-none-eabi/lib/thumb/libsysbase.a(libsysbase_libsysbase_a-sbrk.o)
 .comment       0x00000045       0x24 /opt/devkitpro/devkitARM/bin/../lib/gcc/arm-none-eabi/13.1.0/../../../../arm-none-eabi/lib/thumb/libsysbase.a(libsysbase_libsysbase_a-syscall_support.o)
 .comment       0x00000045       0x24 /opt/devkitpro/devkitARM/bin/../lib/gcc/arm-none-eabi/13.1.0/../../../../arm-none-eabi/lib/thumb/libsysbase.a(libsysbase_libsysbase_a-write.o)
 .comment       0x00000045       0x24 /opt/devkitpro/devkitARM/bin/../lib/gcc/arm-none-eabi/13.1.0/thumb/libgcc.a(_muldi3.o)
 .comment       0x00000045       0x24 /opt/devkitpro/devkitARM/bin/../lib/gcc/arm-none-eabi/13.1.0/thumb/libgcc.a(_udivmoddi4.o)
 .comment       0x00000045       0x24 /opt/devkitpro/devkitARM/bin/../lib/gcc/arm-none-eabi/13.1.0/thumb/crtend.o

.debug
 *(.debug)

.line
 *(.line)

.debug_srcinfo
 *(.debug_srcinfo)

.debug_sfnames
 *(.debug_sfnames)

.debug_aranges
 *(.debug_aranges)

.debug_pubnames
 *(.debug_pubnames)

.debug_info
 *(.debug_info)

.debug_abbrev
 *(.debug_abbrev)

.debug_line
 *(.debug_line)

.debug_frame
 *(.debug_frame)

.debug_str
 *(.debug_str)

.debug_loc
 *(.debug_loc)

.debug_macinfo
 *(.debug_macinfo)

.debug_weaknames
 *(.debug_weaknames)

.debug_funcnames
 *(.debug_funcnames)

.debug_typenames
 *(.debug_typenames)

.debug_varnames
 *(.debug_varnames)

.stack          0x00080000        0x0
                0x00080000                        _stack = .
 *(.stack)

.note.gnu.arm.ident
 *(.note.gnu.arm.ident)

.ARM.attributes
                0x00000000       0x2e
 *(.ARM.attributes)
 .ARM.attributes
                0x00000000       0x20 /opt/devkitpro/devkitARM/bin/../lib/gcc/arm-none-eabi/13.1.0/../../../../arm-none-eabi/lib/thumb/gba_crt0.o
 .ARM.attributes
                0x00000020       0x1c /opt/devkitpro/devkitARM/bin/../lib/gcc/arm-none-eabi/13.1.0/thumb/crti.o
 .ARM.attributes
                0x0000003c       0x2a /opt/devkitpro/devkitARM/bin/../lib/gcc/arm-none-eabi/13.1.0/thumb/crtbegin.o
 .ARM.attributes
                0x00000066       0x26 m7_demo.o
 .ARM.attributes
                0x0000008c       0x26 m7_isrs.iwram.o
 .ARM.attributes
                0x000000b2       0x32 /home/okizame/dev/gba/tonc/code/adv/m7_demo/../../tonclib/lib/libtonc.a(tonc_input.o)
 .ARM.attributes
                0x000000e4       0x32 /home/okizame/dev/gba/tonc/code/adv/m7_demo/../../tonclib/lib/libtonc.a(tonc_irq.o)
 .ARM.attributes
                0x00000116       0x32 /home/okizame/dev/gba/tonc/code/adv/m7_demo/../../tonclib/lib/libtonc.a(chr4c_drawg_b4cts.o)
 .ARM.attributes
                0x00000148       0x32 /home/okizame/dev/gba/tonc/code/adv/m7_demo/../../tonclib/lib/libtonc.a(tte_init_chr4c.o)
 .ARM.attributes
                0x0000017a       0x32 /home/okizame/dev/gba/tonc/code/adv/m7_demo/../../tonclib/lib/libtonc.a(tte_iohook.o)
 .ARM.attributes
                0x000001ac       0x32 /home/okizame/dev/gba/tonc/code/adv/m7_demo/../../tonclib/lib/libtonc.a(tte_main.o)
 .ARM.attributes
                0x000001de       0x16 /home/okizame/dev/gba/tonc/code/adv/m7_demo/../../tonclib/lib/libtonc.a(div_lut.o)
 .ARM.attributes
                0x000001f4       0x16 /home/okizame/dev/gba/tonc/code/adv/m7_demo/../../tonclib/lib/libtonc.a(sin_lut.o)
 .ARM.attributes
                0x0000020a       0x16 /home/okizame/dev/gba/tonc/code/adv/m7_demo/../../tonclib/lib/libtonc.a(tonc_bios.o)
 .ARM.attributes
                0x00000220       0x16 /home/okizame/dev/gba/tonc/code/adv/m7_demo/../../tonclib/lib/libtonc.a(tonc_bios_ex.o)
 .ARM.attributes
                0x00000236       0x18 /home/okizame/dev/gba/tonc/code/adv/m7_demo/../../tonclib/lib/libtonc.a(tonc_isr_master.o)
 .ARM.attributes
                0x0000024e       0x18 /home/okizame/dev/gba/tonc/code/adv/m7_demo/../../tonclib/lib/libtonc.a(tonc_memcpy.o)
 .ARM.attributes
                0x00000266       0x18 /home/okizame/dev/gba/tonc/code/adv/m7_demo/../../tonclib/lib/libtonc.a(tonc_memset.o)
 .ARM.attributes
                0x0000027e       0x16 /home/okizame/dev/gba/tonc/code/adv/m7_demo/../../tonclib/lib/libtonc.a(tonc_nocash.o)
 .ARM.attributes
                0x00000294       0x16 /home/okizame/dev/gba/tonc/code/adv/m7_demo/../../tonclib/lib/libtonc.a(sys8.o)
 .ARM.attributes
                0x000002aa       0x16 /home/okizame/dev/gba/tonc/code/adv/m7_demo/../../tonclib/lib/libtonc.a(verdana9.o)
 .ARM.attributes
                0x000002c0       0x16 /home/okizame/dev/gba/tonc/code/adv/m7_demo/../../tonclib/lib/libtonc.a(verdana9_b4.o)
 .ARM.attributes
                0x000002d6       0x32 /home/okizame/dev/gba/tonc/code/adv/m7_demo/../../tonclib/lib/libtonc.a(tonc_schr4c.o)
 .ARM.attributes
                0x00000308       0x32 /home/okizame/dev/gba/tonc/code/adv/m7_demo/../../tonclib/lib/libtonc.a(tonc_surface.o)
 .ARM.attributes
                0x0000033a       0x32 /home/okizame/dev/gba/tonc/code/adv/m7_demo/../../tonclib/lib/libtonc.a(chr4c_drawg_b1cts.o)
 .ARM.attributes
                0x0000036c       0x1a /home/okizame/dev/gba/tonc/code/adv/m7_demo/libgfx.a(nums.o)
 .ARM.attributes
                0x00000386       0x1c /opt/devkitpro/devkitARM/bin/../lib/gcc/arm-none-eabi/13.1.0/thumb/libgcc.a(_divsi3.o)
 .ARM.attributes
                0x000003a2       0x1c /opt/devkitpro/devkitARM/bin/../lib/gcc/arm-none-eabi/13.1.0/thumb/libgcc.a(_dvmd_tls.o)
 .ARM.attributes
                0x000003be       0x2a /opt/devkitpro/devkitARM/bin/../lib/gcc/arm-none-eabi/13.1.0/../../../../arm-none-eabi/lib/thumb/libc.a(libc_a-siscanf.o)
 .ARM.attributes
                0x000003e8       0x2a /opt/devkitpro/devkitARM/bin/../lib/gcc/arm-none-eabi/13.1.0/../../../../arm-none-eabi/lib/thumb/libc.a(libc_a-setvbuf.o)
 .ARM.attributes
                0x00000412       0x2a /opt/devkitpro/devkitARM/bin/../lib/gcc/arm-none-eabi/13.1.0/../../../../arm-none-eabi/lib/thumb/libc.a(libc_a-svfiscanf.o)
 .ARM.attributes
                0x0000043c       0x2a /opt/devkitpro/devkitARM/bin/../lib/gcc/arm-none-eabi/13.1.0/../../../../arm-none-eabi/lib/thumb/libc.a(libc_a-freer.o)
 .ARM.attributes
                0x00000466       0x2a /opt/devkitpro/devkitARM/bin/../lib/gcc/arm-none-eabi/13.1.0/../../../../arm-none-eabi/lib/thumb/libc.a(libc_a-iprintf.o)
 .ARM.attributes
                0x00000490       0x2a /opt/devkitpro/devkitARM/bin/../lib/gcc/arm-none-eabi/13.1.0/../../../../arm-none-eabi/lib/thumb/libc.a(libc_a-malloc.o)
 .ARM.attributes
                0x000004ba       0x2a /opt/devkitpro/devkitARM/bin/../lib/gcc/arm-none-eabi/13.1.0/../../../../arm-none-eabi/lib/thumb/libc.a(libc_a-mallocr.o)
 .ARM.attributes
                0x000004e4       0x2a /opt/devkitpro/devkitARM/bin/../lib/gcc/arm-none-eabi/13.1.0/../../../../arm-none-eabi/lib/thumb/libc.a(libc_a-memset.o)
 .ARM.attributes
                0x0000050e       0x2a /opt/devkitpro/devkitARM/bin/../lib/gcc/arm-none-eabi/13.1.0/../../../../arm-none-eabi/lib/thumb/libc.a(libc_a-mlock.o)
 .ARM.attributes
                0x00000538       0x2a /opt/devkitpro/devkitARM/bin/../lib/gcc/arm-none-eabi/13.1.0/../../../../arm-none-eabi/lib/thumb/libc.a(libc_a-strlen.o)
 .ARM.attributes
                0x00000562       0x2a /opt/devkitpro/devkitARM/bin/../lib/gcc/arm-none-eabi/13.1.0/../../../../arm-none-eabi/lib/thumb/libc.a(libc_a-fflush.o)
 .ARM.attributes
                0x0000058c       0x2a /opt/devkitpro/devkitARM/bin/../lib/gcc/arm-none-eabi/13.1.0/../../../../arm-none-eabi/lib/thumb/libc.a(libc_a-fwalk.o)
 .ARM.attributes
                0x000005b6       0x2a /opt/devkitpro/devkitARM/bin/../lib/gcc/arm-none-eabi/13.1.0/../../../../arm-none-eabi/lib/thumb/libc.a(libc_a-strncpy.o)
 .ARM.attributes
                0x000005e0       0x2a /opt/devkitpro/devkitARM/bin/../lib/gcc/arm-none-eabi/13.1.0/../../../../arm-none-eabi/lib/thumb/libc.a(libc_a-findfp.o)
 .ARM.attributes
                0x0000060a       0x2a /opt/devkitpro/devkitARM/bin/../lib/gcc/arm-none-eabi/13.1.0/../../../../arm-none-eabi/lib/thumb/libc.a(libc_a-strtol.o)
 .ARM.attributes
                0x00000634       0x2a /opt/devkitpro/devkitARM/bin/../lib/gcc/arm-none-eabi/13.1.0/../../../../arm-none-eabi/lib/thumb/libc.a(libc_a-realloc.o)
 .ARM.attributes
                0x0000065e       0x2a /opt/devkitpro/devkitARM/bin/../lib/gcc/arm-none-eabi/13.1.0/../../../../arm-none-eabi/lib/thumb/libc.a(libc_a-strtoul.o)
 .ARM.attributes
                0x00000688       0x2a /opt/devkitpro/devkitARM/bin/../lib/gcc/arm-none-eabi/13.1.0/../../../../arm-none-eabi/lib/thumb/libc.a(libc_a-locale.o)
 .ARM.attributes
                0x000006b2       0x1a /opt/devkitpro/devkitARM/bin/../lib/gcc/arm-none-eabi/13.1.0/../../../../arm-none-eabi/lib/thumb/libc.a(libc_a-strcmp.o)
 .ARM.attributes
                0x000006cc       0x2a /opt/devkitpro/devkitARM/bin/../lib/gcc/arm-none-eabi/13.1.0/../../../../arm-none-eabi/lib/thumb/libc.a(libc_a-strcpy.o)
 .ARM.attributes
                0x000006f6       0x2a /opt/devkitpro/devkitARM/bin/../lib/gcc/arm-none-eabi/13.1.0/../../../../arm-none-eabi/lib/thumb/libc.a(libc_a-wctomb_r.o)
 .ARM.attributes
                0x00000720       0x2a /opt/devkitpro/devkitARM/bin/../lib/gcc/arm-none-eabi/13.1.0/../../../../arm-none-eabi/lib/thumb/libc.a(libc_a-memcpy-stub.o)
 .ARM.attributes
                0x0000074a       0x2a /opt/devkitpro/devkitARM/bin/../lib/gcc/arm-none-eabi/13.1.0/../../../../arm-none-eabi/lib/thumb/libc.a(libc_a-impure.o)
 .ARM.attributes
                0x00000774       0x2a /opt/devkitpro/devkitARM/bin/../lib/gcc/arm-none-eabi/13.1.0/../../../../arm-none-eabi/lib/thumb/libc.a(libc_a-init.o)
 .ARM.attributes
                0x0000079e       0x2a /opt/devkitpro/devkitARM/bin/../lib/gcc/arm-none-eabi/13.1.0/../../../../arm-none-eabi/lib/thumb/libc.a(libc_a-errno.o)
 .ARM.attributes
                0x000007c8       0x2a /opt/devkitpro/devkitARM/bin/../lib/gcc/arm-none-eabi/13.1.0/../../../../arm-none-eabi/lib/thumb/libc.a(libc_a-strtoll.o)
 .ARM.attributes
                0x000007f2       0x2a /opt/devkitpro/devkitARM/bin/../lib/gcc/arm-none-eabi/13.1.0/../../../../arm-none-eabi/lib/thumb/libc.a(libc_a-strtoull.o)
 .ARM.attributes
                0x0000081c       0x2a /opt/devkitpro/devkitARM/bin/../lib/gcc/arm-none-eabi/13.1.0/../../../../arm-none-eabi/lib/thumb/libc.a(libc_a-iswspace.o)
 .ARM.attributes
                0x00000846       0x2a /opt/devkitpro/devkitARM/bin/../lib/gcc/arm-none-eabi/13.1.0/../../../../arm-none-eabi/lib/thumb/libc.a(libc_a-mbrtowc.o)
 .ARM.attributes
                0x00000870       0x2a /opt/devkitpro/devkitARM/bin/../lib/gcc/arm-none-eabi/13.1.0/../../../../arm-none-eabi/lib/thumb/libc.a(libc_a-makebuf.o)
 .ARM.attributes
                0x0000089a       0x2a /opt/devkitpro/devkitARM/bin/../lib/gcc/arm-none-eabi/13.1.0/../../../../arm-none-eabi/lib/thumb/libc.a(libc_a-iswspace_l.o)
 .ARM.attributes
                0x000008c4       0x2a /opt/devkitpro/devkitARM/bin/../lib/gcc/arm-none-eabi/13.1.0/../../../../arm-none-eabi/lib/thumb/libc.a(libc_a-ctype_.o)
 .ARM.attributes
                0x000008ee       0x2a /opt/devkitpro/devkitARM/bin/../lib/gcc/arm-none-eabi/13.1.0/../../../../arm-none-eabi/lib/thumb/libc.a(libc_a-sccl.o)
 .ARM.attributes
                0x00000918       0x2a /opt/devkitpro/devkitARM/bin/../lib/gcc/arm-none-eabi/13.1.0/../../../../arm-none-eabi/lib/thumb/libc.a(libc_a-ungetc.o)
 .ARM.attributes
                0x00000942       0x2a /opt/devkitpro/devkitARM/bin/../lib/gcc/arm-none-eabi/13.1.0/../../../../arm-none-eabi/lib/thumb/libc.a(libc_a-stdio.o)
 .ARM.attributes
                0x0000096c       0x2a /opt/devkitpro/devkitARM/bin/../lib/gcc/arm-none-eabi/13.1.0/../../../../arm-none-eabi/lib/thumb/libc.a(libc_a-categories.o)
 .ARM.attributes
                0x00000996       0x2a /opt/devkitpro/devkitARM/bin/../lib/gcc/arm-none-eabi/13.1.0/../../../../arm-none-eabi/lib/thumb/libc.a(libc_a-vfiprintf.o)
 .ARM.attributes
                0x000009c0       0x2a /opt/devkitpro/devkitARM/bin/../lib/gcc/arm-none-eabi/13.1.0/../../../../arm-none-eabi/lib/thumb/libc.a(libc_a-svfiprintf.o)
 .ARM.attributes
                0x000009ea       0x2a /opt/devkitpro/devkitARM/bin/../lib/gcc/arm-none-eabi/13.1.0/../../../../arm-none-eabi/lib/thumb/libc.a(libc_a-strcat.o)
 .ARM.attributes
                0x00000a14       0x2a /opt/devkitpro/devkitARM/bin/../lib/gcc/arm-none-eabi/13.1.0/../../../../arm-none-eabi/lib/thumb/libc.a(libc_a-wsetup.o)
 .ARM.attributes
                0x00000a3e       0x2a /opt/devkitpro/devkitARM/bin/../lib/gcc/arm-none-eabi/13.1.0/../../../../arm-none-eabi/lib/thumb/libc.a(libc_a-strchr.o)
 .ARM.attributes
                0x00000a68       0x2a /opt/devkitpro/devkitARM/bin/../lib/gcc/arm-none-eabi/13.1.0/../../../../arm-none-eabi/lib/thumb/libc.a(libc_a-fclose.o)
 .ARM.attributes
                0x00000a92       0x2a /opt/devkitpro/devkitARM/bin/../lib/gcc/arm-none-eabi/13.1.0/../../../../arm-none-eabi/lib/thumb/libc.a(libc_a-memmove.o)
 .ARM.attributes
                0x00000abc       0x2a /opt/devkitpro/devkitARM/bin/../lib/gcc/arm-none-eabi/13.1.0/../../../../arm-none-eabi/lib/thumb/libc.a(libc_a-getenv_r.o)
 .ARM.attributes
                0x00000ae6       0x2a /opt/devkitpro/devkitARM/bin/../lib/gcc/arm-none-eabi/13.1.0/../../../../arm-none-eabi/lib/thumb/libc.a(libc_a-strlcpy.o)
 .ARM.attributes
                0x00000b10       0x2a /opt/devkitpro/devkitARM/bin/../lib/gcc/arm-none-eabi/13.1.0/../../../../arm-none-eabi/lib/thumb/libc.a(libc_a-strcasecmp.o)
 .ARM.attributes
                0x00000b3a       0x2a /opt/devkitpro/devkitARM/bin/../lib/gcc/arm-none-eabi/13.1.0/../../../../arm-none-eabi/lib/thumb/libc.a(libc_a-strncasecmp.o)
 .ARM.attributes
                0x00000b64       0x2a /opt/devkitpro/devkitARM/bin/../lib/gcc/arm-none-eabi/13.1.0/../../../../arm-none-eabi/lib/thumb/libc.a(libc_a-fvwrite.o)
 .ARM.attributes
                0x00000b8e       0x2a /opt/devkitpro/devkitARM/bin/../lib/gcc/arm-none-eabi/13.1.0/../../../../arm-none-eabi/lib/thumb/libc.a(libc_a-strncmp.o)
 .ARM.attributes
                0x00000bb8       0x2a /opt/devkitpro/devkitARM/bin/../lib/gcc/arm-none-eabi/13.1.0/../../../../arm-none-eabi/lib/thumb/libc.a(libc_a-reallocr.o)
 .ARM.attributes
                0x00000be2       0x2a /opt/devkitpro/devkitARM/bin/../lib/gcc/arm-none-eabi/13.1.0/../../../../arm-none-eabi/lib/thumb/libc.a(libc_a-mbtowc_r.o)
 .ARM.attributes
                0x00000c0c       0x2a /opt/devkitpro/devkitARM/bin/../lib/gcc/arm-none-eabi/13.1.0/../../../../arm-none-eabi/lib/thumb/libc.a(libc_a-localeconv.o)
 .ARM.attributes
                0x00000c36       0x2a /opt/devkitpro/devkitARM/bin/../lib/gcc/arm-none-eabi/13.1.0/../../../../arm-none-eabi/lib/thumb/libc.a(libc_a-memchr-stub.o)
 .ARM.attributes
                0x00000c60       0x2a /opt/devkitpro/devkitARM/bin/../lib/gcc/arm-none-eabi/13.1.0/../../../../arm-none-eabi/lib/thumb/libc.a(libc_a-wcrtomb.o)
 .ARM.attributes
                0x00000c8a       0x2a /opt/devkitpro/devkitARM/bin/../lib/gcc/arm-none-eabi/13.1.0/../../../../arm-none-eabi/lib/thumb/libc.a(libc_a-wcsrtombs.o)
 .ARM.attributes
                0x00000cb4       0x2a /opt/devkitpro/devkitARM/bin/../lib/gcc/arm-none-eabi/13.1.0/../../../../arm-none-eabi/lib/thumb/libc.a(libc_a-environ.o)
 .ARM.attributes
                0x00000cde       0x2a /opt/devkitpro/devkitARM/bin/../lib/gcc/arm-none-eabi/13.1.0/../../../../arm-none-eabi/lib/thumb/libc.a(libc_a-envlock.o)
 .ARM.attributes
                0x00000d08       0x2a /opt/devkitpro/devkitARM/bin/../lib/gcc/arm-none-eabi/13.1.0/../../../../arm-none-eabi/lib/thumb/libc.a(libc_a-wcsnrtombs.o)
 .ARM.attributes
                0x00000d32       0x2a /opt/devkitpro/devkitARM/bin/../lib/gcc/arm-none-eabi/13.1.0/../../../../arm-none-eabi/lib/thumb/libsysbase.a(libsysbase_libsysbase_a-fstat.o)
 .ARM.attributes
                0x00000d5c       0x2a /opt/devkitpro/devkitARM/bin/../lib/gcc/arm-none-eabi/13.1.0/../../../../arm-none-eabi/lib/thumb/libsysbase.a(libsysbase_libsysbase_a-getreent.o)
 .ARM.attributes
                0x00000d86       0x2a /opt/devkitpro/devkitARM/bin/../lib/gcc/arm-none-eabi/13.1.0/../../../../arm-none-eabi/lib/thumb/libsysbase.a(libsysbase_libsysbase_a-handle_manager.o)
 .ARM.attributes
                0x00000db0       0x2a /opt/devkitpro/devkitARM/bin/../lib/gcc/arm-none-eabi/13.1.0/../../../../arm-none-eabi/lib/thumb/libsysbase.a(libsysbase_libsysbase_a-iosupport.o)
 .ARM.attributes
                0x00000dda       0x2a /opt/devkitpro/devkitARM/bin/../lib/gcc/arm-none-eabi/13.1.0/../../../../arm-none-eabi/lib/thumb/libsysbase.a(libsysbase_libsysbase_a-isatty.o)
 .ARM.attributes
                0x00000e04       0x2a /opt/devkitpro/devkitARM/bin/../lib/gcc/arm-none-eabi/13.1.0/../../../../arm-none-eabi/lib/thumb/libsysbase.a(libsysbase_libsysbase_a-lseek.o)
 .ARM.attributes
                0x00000e2e       0x2a /opt/devkitpro/devkitARM/bin/../lib/gcc/arm-none-eabi/13.1.0/../../../../arm-none-eabi/lib/thumb/libsysbase.a(libsysbase_libsysbase_a-malloc_vars.o)
 .ARM.attributes
                0x00000e58       0x2a /opt/devkitpro/devkitARM/bin/../lib/gcc/arm-none-eabi/13.1.0/../../../../arm-none-eabi/lib/thumb/libsysbase.a(libsysbase_libsysbase_a-read.o)
 .ARM.attributes
                0x00000e82       0x2a /opt/devkitpro/devkitARM/bin/../lib/gcc/arm-none-eabi/13.1.0/../../../../arm-none-eabi/lib/thumb/libsysbase.a(libsysbase_libsysbase_a-sbrk.o)
 .ARM.attributes
                0x00000eac       0x2a /opt/devkitpro/devkitARM/bin/../lib/gcc/arm-none-eabi/13.1.0/../../../../arm-none-eabi/lib/thumb/libsysbase.a(libsysbase_libsysbase_a-syscall_support.o)
 .ARM.attributes
                0x00000ed6       0x2a /opt/devkitpro/devkitARM/bin/../lib/gcc/arm-none-eabi/13.1.0/../../../../arm-none-eabi/lib/thumb/libsysbase.a(libsysbase_libsysbase_a-write.o)
 .ARM.attributes
                0x00000f00       0x2a /opt/devkitpro/devkitARM/bin/../lib/gcc/arm-none-eabi/13.1.0/../../../../arm-none-eabi/lib/thumb/libsysbase.a(libsysbase_libsysbase_a-clocks.o)
 .ARM.attributes
                0x00000f2a       0x1c /opt/devkitpro/devkitARM/bin/../lib/gcc/arm-none-eabi/13.1.0/thumb/libgcc.a(_thumb1_case_uqi.o)
 .ARM.attributes
                0x00000f46       0x1c /opt/devkitpro/devkitARM/bin/../lib/gcc/arm-none-eabi/13.1.0/thumb/libgcc.a(_thumb1_case_uhi.o)
 .ARM.attributes
                0x00000f62       0x1c /opt/devkitpro/devkitARM/bin/../lib/gcc/arm-none-eabi/13.1.0/thumb/libgcc.a(_udivsi3.o)
 .ARM.attributes
                0x00000f7e       0x1c /opt/devkitpro/devkitARM/bin/../lib/gcc/arm-none-eabi/13.1.0/thumb/libgcc.a(_aeabi_uldivmod.o)
 .ARM.attributes
                0x00000f9a       0x2a /opt/devkitpro/devkitARM/bin/../lib/gcc/arm-none-eabi/13.1.0/thumb/libgcc.a(_muldi3.o)
 .ARM.attributes
                0x00000fc4       0x2a /opt/devkitpro/devkitARM/bin/../lib/gcc/arm-none-eabi/13.1.0/thumb/libgcc.a(_udivmoddi4.o)
 .ARM.attributes
                0x00000fee       0x1c /opt/devkitpro/devkitARM/bin/../lib/gcc/arm-none-eabi/13.1.0/thumb/libgcc.a(_clzdi2.o)
 .ARM.attributes
                0x0000100a       0x1c /opt/devkitpro/devkitARM/bin/../lib/gcc/arm-none-eabi/13.1.0/thumb/libgcc.a(_clzsi2.o)
 .ARM.attributes
                0x00001026       0x2a /opt/devkitpro/devkitARM/bin/../lib/gcc/arm-none-eabi/13.1.0/thumb/crtend.o
 .ARM.attributes
                0x00001050       0x1c /opt/devkitpro/devkitARM/bin/../lib/gcc/arm-none-eabi/13.1.0/thumb/crtn.o

/DISCARD/
 *(.note.GNU-stack)
LOAD /opt/devkitpro/devkitARM/bin/../lib/gcc/arm-none-eabi/13.1.0/../../../../arm-none-eabi/lib/thumb/gba_crt0.o
LOAD /opt/devkitpro/devkitARM/bin/../lib/gcc/arm-none-eabi/13.1.0/thumb/crti.o
LOAD /opt/devkitpro/devkitARM/bin/../lib/gcc/arm-none-eabi/13.1.0/thumb/crtbegin.o
LOAD m7_demo.o
LOAD m7_isrs.iwram.o
LOAD /home/okizame/dev/gba/tonc/code/adv/m7_demo/../../tonclib/lib/libtonc.a
LOAD /home/okizame/dev/gba/tonc/code/adv/m7_demo/libgfx.a
START GROUP
LOAD /opt/devkitpro/devkitARM/bin/../lib/gcc/arm-none-eabi/13.1.0/thumb/libgcc.a
LOAD /opt/devkitpro/devkitARM/bin/../lib/gcc/arm-none-eabi/13.1.0/../../../../arm-none-eabi/lib/thumb/libc.a
LOAD /opt/devkitpro/devkitARM/bin/../lib/gcc/arm-none-eabi/13.1.0/../../../../arm-none-eabi/lib/thumb/libsysbase.a
END GROUP
LOAD /opt/devkitpro/devkitARM/bin/../lib/gcc/arm-none-eabi/13.1.0/thumb/crtend.o
LOAD /opt/devkitpro/devkitARM/bin/../lib/gcc/arm-none-eabi/13.1.0/thumb/crtn.o
OUTPUT(/home/okizame/dev/gba/tonc/code/adv/m7_demo/m7_demo.elf elf32-littlearm)
LOAD linker stubs
