Archive member included to satisfy reference by file (symbol)

../../tonclib/lib/libtonc.a(tte_init_se.o)
                              hello.o (tte_init_se)
../../tonclib/lib/libtonc.a(tte_main.o)
                              ../../tonclib/lib/libtonc.a(tte_init_se.o) (tte_init_base)
../../tonclib/lib/libtonc.a(tonc_bios.o)
                              ../../tonclib/lib/libtonc.a(tte_init_se.o) (BitUnPack)
../../tonclib/lib/libtonc.a(tonc_bios_ex.o)
                              ../../tonclib/lib/libtonc.a(tte_main.o) (VBlankIntrDelay)
../../tonclib/lib/libtonc.a(sys8.o)
                              hello.o (sys8Font)
../../tonclib/lib/libtonc.a(tonc_surface.o)
                              ../../tonclib/lib/libtonc.a(tte_init_se.o) (srf_init)
../../tonclib/lib/libtonc.a(se_drawg.o)
                              ../../tonclib/lib/libtonc.a(tte_init_se.o) (se_erase)
../../tonclib/lib/libtonc.a(tonc_memcpy.o)
                              ../../tonclib/lib/libtonc.a(tonc_surface.o) (memcpy16)
../../tonclib/lib/libtonc.a(tonc_sbmp16.o)
                              ../../tonclib/lib/libtonc.a(se_drawg.o) (sbmp16_rect)
../../tonclib/lib/libtonc.a(tonc_memset.o)
                              ../../tonclib/lib/libtonc.a(tonc_sbmp16.o) (memset16)
/opt/devkitpro/devkitARM/bin/../lib/gcc/arm-none-eabi/13.1.0/thumb/libgcc.a(_divsi3.o)
                              ../../tonclib/lib/libtonc.a(tte_main.o) (__aeabi_idiv)
/opt/devkitpro/devkitARM/bin/../lib/gcc/arm-none-eabi/13.1.0/thumb/libgcc.a(_dvmd_tls.o)
                              /opt/devkitpro/devkitARM/bin/../lib/gcc/arm-none-eabi/13.1.0/thumb/libgcc.a(_divsi3.o) (__aeabi_idiv0)
/opt/devkitpro/devkitARM/bin/../lib/gcc/arm-none-eabi/13.1.0/../../../../arm-none-eabi/lib/thumb/libc.a(libc_a-memset.o)
                              ../../tonclib/lib/libtonc.a(tte_main.o) (memset)
/opt/devkitpro/devkitARM/bin/../lib/gcc/arm-none-eabi/13.1.0/../../../../arm-none-eabi/lib/thumb/libc.a(libc_a-strtol.o)
                              ../../tonclib/lib/libtonc.a(tte_main.o) (strtol)
/opt/devkitpro/devkitARM/bin/../lib/gcc/arm-none-eabi/13.1.0/../../../../arm-none-eabi/lib/thumb/libc.a(libc_a-init.o)
                              /opt/devkitpro/devkitARM/bin/../lib/gcc/arm-none-eabi/13.1.0/../../../../arm-none-eabi/lib/thumb/gba_crt0.o (__libc_init_array)
/opt/devkitpro/devkitARM/bin/../lib/gcc/arm-none-eabi/13.1.0/../../../../arm-none-eabi/lib/thumb/libc.a(libc_a-errno.o)
                              /opt/devkitpro/devkitARM/bin/../lib/gcc/arm-none-eabi/13.1.0/../../../../arm-none-eabi/lib/thumb/libc.a(libc_a-strtol.o) (__errno)
/opt/devkitpro/devkitARM/bin/../lib/gcc/arm-none-eabi/13.1.0/../../../../arm-none-eabi/lib/thumb/libc.a(libc_a-ctype_.o)
                              /opt/devkitpro/devkitARM/bin/../lib/gcc/arm-none-eabi/13.1.0/../../../../arm-none-eabi/lib/thumb/libc.a(libc_a-strtol.o) (_ctype_)
/opt/devkitpro/devkitARM/bin/../lib/gcc/arm-none-eabi/13.1.0/../../../../arm-none-eabi/lib/thumb/libsysbase.a(libsysbase_libsysbase_a-getreent.o)
                              /opt/devkitpro/devkitARM/bin/../lib/gcc/arm-none-eabi/13.1.0/../../../../arm-none-eabi/lib/thumb/libc.a(libc_a-strtol.o) (__getreent)
/opt/devkitpro/devkitARM/bin/../lib/gcc/arm-none-eabi/13.1.0/../../../../arm-none-eabi/lib/thumb/libsysbase.a(libsysbase_libsysbase_a-malloc_vars.o)
                              /opt/devkitpro/devkitARM/bin/../lib/gcc/arm-none-eabi/13.1.0/../../../../arm-none-eabi/lib/thumb/gba_crt0.o (fake_heap_end)
/opt/devkitpro/devkitARM/bin/../lib/gcc/arm-none-eabi/13.1.0/thumb/libgcc.a(_udivsi3.o)
                              /opt/devkitpro/devkitARM/bin/../lib/gcc/arm-none-eabi/13.1.0/../../../../arm-none-eabi/lib/thumb/libc.a(libc_a-strtol.o) (__aeabi_uidivmod)
/opt/devkitpro/devkitARM/bin/../lib/gcc/arm-none-eabi/13.1.0/../../../../arm-none-eabi/lib/thumb/libc.a(libc_a-impure.o)
                              /opt/devkitpro/devkitARM/bin/../lib/gcc/arm-none-eabi/13.1.0/../../../../arm-none-eabi/lib/thumb/libsysbase.a(libsysbase_libsysbase_a-getreent.o) (_impure_ptr)
/opt/devkitpro/devkitARM/bin/../lib/gcc/arm-none-eabi/13.1.0/../../../../arm-none-eabi/lib/thumb/libc.a(libc_a-findfp.o)
                              /opt/devkitpro/devkitARM/bin/../lib/gcc/arm-none-eabi/13.1.0/../../../../arm-none-eabi/lib/thumb/libc.a(libc_a-impure.o) (__sf)
/opt/devkitpro/devkitARM/bin/../lib/gcc/arm-none-eabi/13.1.0/../../../../arm-none-eabi/lib/thumb/libc.a(libc_a-stdio.o)
                              /opt/devkitpro/devkitARM/bin/../lib/gcc/arm-none-eabi/13.1.0/../../../../arm-none-eabi/lib/thumb/libc.a(libc_a-findfp.o) (__sread)
/opt/devkitpro/devkitARM/bin/../lib/gcc/arm-none-eabi/13.1.0/../../../../arm-none-eabi/lib/thumb/libc.a(libc_a-fclose.o)
                              /opt/devkitpro/devkitARM/bin/../lib/gcc/arm-none-eabi/13.1.0/../../../../arm-none-eabi/lib/thumb/libc.a(libc_a-findfp.o) (_fclose_r)
/opt/devkitpro/devkitARM/bin/../lib/gcc/arm-none-eabi/13.1.0/../../../../arm-none-eabi/lib/thumb/libc.a(libc_a-mallocr.o)
                              /opt/devkitpro/devkitARM/bin/../lib/gcc/arm-none-eabi/13.1.0/../../../../arm-none-eabi/lib/thumb/libc.a(libc_a-findfp.o) (_malloc_r)
/opt/devkitpro/devkitARM/bin/../lib/gcc/arm-none-eabi/13.1.0/../../../../arm-none-eabi/lib/thumb/libc.a(libc_a-mlock.o)
                              /opt/devkitpro/devkitARM/bin/../lib/gcc/arm-none-eabi/13.1.0/../../../../arm-none-eabi/lib/thumb/libc.a(libc_a-mallocr.o) (__malloc_lock)
/opt/devkitpro/devkitARM/bin/../lib/gcc/arm-none-eabi/13.1.0/../../../../arm-none-eabi/lib/thumb/libc.a(libc_a-fflush.o)
                              /opt/devkitpro/devkitARM/bin/../lib/gcc/arm-none-eabi/13.1.0/../../../../arm-none-eabi/lib/thumb/libc.a(libc_a-fclose.o) (__sflush_r)
/opt/devkitpro/devkitARM/bin/../lib/gcc/arm-none-eabi/13.1.0/../../../../arm-none-eabi/lib/thumb/libc.a(libc_a-fwalk.o)
                              /opt/devkitpro/devkitARM/bin/../lib/gcc/arm-none-eabi/13.1.0/../../../../arm-none-eabi/lib/thumb/libc.a(libc_a-findfp.o) (_fwalk_sglue)
/opt/devkitpro/devkitARM/bin/../lib/gcc/arm-none-eabi/13.1.0/../../../../arm-none-eabi/lib/thumb/libc.a(libc_a-freer.o)
                              /opt/devkitpro/devkitARM/bin/../lib/gcc/arm-none-eabi/13.1.0/../../../../arm-none-eabi/lib/thumb/libc.a(libc_a-fclose.o) (_free_r)
/opt/devkitpro/devkitARM/bin/../lib/gcc/arm-none-eabi/13.1.0/../../../../arm-none-eabi/lib/thumb/libsysbase.a(libsysbase_libsysbase_a-handle_manager.o)
                              /opt/devkitpro/devkitARM/bin/../lib/gcc/arm-none-eabi/13.1.0/../../../../arm-none-eabi/lib/thumb/libc.a(libc_a-stdio.o) (_close_r)
/opt/devkitpro/devkitARM/bin/../lib/gcc/arm-none-eabi/13.1.0/../../../../arm-none-eabi/lib/thumb/libsysbase.a(libsysbase_libsysbase_a-iosupport.o)
                              /opt/devkitpro/devkitARM/bin/../lib/gcc/arm-none-eabi/13.1.0/../../../../arm-none-eabi/lib/thumb/libsysbase.a(libsysbase_libsysbase_a-handle_manager.o) (devoptab_list)
/opt/devkitpro/devkitARM/bin/../lib/gcc/arm-none-eabi/13.1.0/../../../../arm-none-eabi/lib/thumb/libsysbase.a(libsysbase_libsysbase_a-lseek.o)
                              /opt/devkitpro/devkitARM/bin/../lib/gcc/arm-none-eabi/13.1.0/../../../../arm-none-eabi/lib/thumb/libc.a(libc_a-stdio.o) (_lseek_r)
/opt/devkitpro/devkitARM/bin/../lib/gcc/arm-none-eabi/13.1.0/../../../../arm-none-eabi/lib/thumb/libsysbase.a(libsysbase_libsysbase_a-read.o)
                              /opt/devkitpro/devkitARM/bin/../lib/gcc/arm-none-eabi/13.1.0/../../../../arm-none-eabi/lib/thumb/libc.a(libc_a-stdio.o) (_read_r)
/opt/devkitpro/devkitARM/bin/../lib/gcc/arm-none-eabi/13.1.0/../../../../arm-none-eabi/lib/thumb/libsysbase.a(libsysbase_libsysbase_a-sbrk.o)
                              /opt/devkitpro/devkitARM/bin/../lib/gcc/arm-none-eabi/13.1.0/../../../../arm-none-eabi/lib/thumb/libc.a(libc_a-mallocr.o) (_sbrk_r)
/opt/devkitpro/devkitARM/bin/../lib/gcc/arm-none-eabi/13.1.0/../../../../arm-none-eabi/lib/thumb/libsysbase.a(libsysbase_libsysbase_a-syscall_support.o)
                              /opt/devkitpro/devkitARM/bin/../lib/gcc/arm-none-eabi/13.1.0/../../../../arm-none-eabi/lib/thumb/libsysbase.a(libsysbase_libsysbase_a-handle_manager.o) (__libc_lock_acquire)
/opt/devkitpro/devkitARM/bin/../lib/gcc/arm-none-eabi/13.1.0/../../../../arm-none-eabi/lib/thumb/libsysbase.a(libsysbase_libsysbase_a-write.o)
                              /opt/devkitpro/devkitARM/bin/../lib/gcc/arm-none-eabi/13.1.0/../../../../arm-none-eabi/lib/thumb/libc.a(libc_a-stdio.o) (_write_r)
/opt/devkitpro/devkitARM/bin/../lib/gcc/arm-none-eabi/13.1.0/../../../../arm-none-eabi/lib/thumb/libsysbase.a(libsysbase_libsysbase_a-clocks.o)
                              /opt/devkitpro/devkitARM/bin/../lib/gcc/arm-none-eabi/13.1.0/../../../../arm-none-eabi/lib/thumb/libsysbase.a(libsysbase_libsysbase_a-syscall_support.o) (clock_gettime)
/opt/devkitpro/devkitARM/bin/../lib/gcc/arm-none-eabi/13.1.0/thumb/libgcc.a(_muldi3.o)
                              /opt/devkitpro/devkitARM/bin/../lib/gcc/arm-none-eabi/13.1.0/../../../../arm-none-eabi/lib/thumb/libsysbase.a(libsysbase_libsysbase_a-syscall_support.o) (__aeabi_lmul)
/opt/devkitpro/devkitARM/bin/../lib/gcc/arm-none-eabi/13.1.0/../../../../arm-none-eabi/lib/thumb/libc.a(libc_a-strchr.o)
                              /opt/devkitpro/devkitARM/bin/../lib/gcc/arm-none-eabi/13.1.0/../../../../arm-none-eabi/lib/thumb/libsysbase.a(libsysbase_libsysbase_a-iosupport.o) (strchr)
/opt/devkitpro/devkitARM/bin/../lib/gcc/arm-none-eabi/13.1.0/../../../../arm-none-eabi/lib/thumb/libc.a(libc_a-malloc.o)
                              /opt/devkitpro/devkitARM/bin/../lib/gcc/arm-none-eabi/13.1.0/../../../../arm-none-eabi/lib/thumb/libsysbase.a(libsysbase_libsysbase_a-handle_manager.o) (malloc)
/opt/devkitpro/devkitARM/bin/../lib/gcc/arm-none-eabi/13.1.0/../../../../arm-none-eabi/lib/thumb/libc.a(libc_a-strlen.o)
                              /opt/devkitpro/devkitARM/bin/../lib/gcc/arm-none-eabi/13.1.0/../../../../arm-none-eabi/lib/thumb/libsysbase.a(libsysbase_libsysbase_a-iosupport.o) (strlen)
/opt/devkitpro/devkitARM/bin/../lib/gcc/arm-none-eabi/13.1.0/../../../../arm-none-eabi/lib/thumb/libc.a(libc_a-strncmp.o)
                              /opt/devkitpro/devkitARM/bin/../lib/gcc/arm-none-eabi/13.1.0/../../../../arm-none-eabi/lib/thumb/libsysbase.a(libsysbase_libsysbase_a-iosupport.o) (strncmp)
/opt/devkitpro/devkitARM/bin/../lib/gcc/arm-none-eabi/13.1.0/../../../../arm-none-eabi/lib/thumb/libc.a(libc_a-strcmp.o)
                              /opt/devkitpro/devkitARM/bin/../lib/gcc/arm-none-eabi/13.1.0/../../../../arm-none-eabi/lib/thumb/libsysbase.a(libsysbase_libsysbase_a-iosupport.o) (strcmp)

Allocating common symbols
Common symbol       size              file

__tte_main_context  0x48              ../../tonclib/lib/libtonc.a(tte_main.o)

Discarded input sections

 .text          0x00000000        0x0 /opt/devkitpro/devkitARM/bin/../lib/gcc/arm-none-eabi/13.1.0/../../../../arm-none-eabi/lib/thumb/gba_crt0.o
 .data          0x00000000        0x0 /opt/devkitpro/devkitARM/bin/../lib/gcc/arm-none-eabi/13.1.0/../../../../arm-none-eabi/lib/thumb/gba_crt0.o
 .bss           0x00000000        0x0 /opt/devkitpro/devkitARM/bin/../lib/gcc/arm-none-eabi/13.1.0/../../../../arm-none-eabi/lib/thumb/gba_crt0.o
 .text          0x00000000        0x0 /opt/devkitpro/devkitARM/bin/../lib/gcc/arm-none-eabi/13.1.0/thumb/crti.o
 .data          0x00000000        0x0 /opt/devkitpro/devkitARM/bin/../lib/gcc/arm-none-eabi/13.1.0/thumb/crti.o
 .bss           0x00000000        0x0 /opt/devkitpro/devkitARM/bin/../lib/gcc/arm-none-eabi/13.1.0/thumb/crti.o
 .text          0x00000000        0x0 /opt/devkitpro/devkitARM/bin/../lib/gcc/arm-none-eabi/13.1.0/thumb/crtbegin.o
 .data          0x00000000        0x0 /opt/devkitpro/devkitARM/bin/../lib/gcc/arm-none-eabi/13.1.0/thumb/crtbegin.o
 .bss           0x00000000        0x0 /opt/devkitpro/devkitARM/bin/../lib/gcc/arm-none-eabi/13.1.0/thumb/crtbegin.o
 .rodata.all_implied_fbits
                0x00000000       0x24 /opt/devkitpro/devkitARM/bin/../lib/gcc/arm-none-eabi/13.1.0/thumb/crtbegin.o
 .data.__dso_handle
                0x00000000        0x4 /opt/devkitpro/devkitARM/bin/../lib/gcc/arm-none-eabi/13.1.0/thumb/crtbegin.o
 .text          0x00000000        0x0 hello.o
 .data          0x00000000        0x0 hello.o
 .bss           0x00000000        0x0 hello.o
 .data          0x00000000        0x0 ../../tonclib/lib/libtonc.a(tte_init_se.o)
 .bss           0x00000000        0x0 ../../tonclib/lib/libtonc.a(tte_init_se.o)
 .bss           0x00000000        0x0 ../../tonclib/lib/libtonc.a(tte_main.o)
 .data          0x00000000        0x0 ../../tonclib/lib/libtonc.a(tonc_bios.o)
 .bss           0x00000000        0x0 ../../tonclib/lib/libtonc.a(tonc_bios.o)
 .data          0x00000000        0x0 ../../tonclib/lib/libtonc.a(tonc_bios_ex.o)
 .bss           0x00000000        0x0 ../../tonclib/lib/libtonc.a(tonc_bios_ex.o)
 .text          0x00000000        0x0 ../../tonclib/lib/libtonc.a(sys8.o)
 .data          0x00000000        0x0 ../../tonclib/lib/libtonc.a(sys8.o)
 .bss           0x00000000        0x0 ../../tonclib/lib/libtonc.a(sys8.o)
 .data          0x00000000        0x0 ../../tonclib/lib/libtonc.a(tonc_surface.o)
 .bss           0x00000000        0x0 ../../tonclib/lib/libtonc.a(tonc_surface.o)
 .data          0x00000000        0x0 ../../tonclib/lib/libtonc.a(se_drawg.o)
 .bss           0x00000000        0x0 ../../tonclib/lib/libtonc.a(se_drawg.o)
 .data          0x00000000        0x0 ../../tonclib/lib/libtonc.a(tonc_memcpy.o)
 .bss           0x00000000        0x0 ../../tonclib/lib/libtonc.a(tonc_memcpy.o)
 .data          0x00000000        0x0 ../../tonclib/lib/libtonc.a(tonc_sbmp16.o)
 .bss           0x00000000        0x0 ../../tonclib/lib/libtonc.a(tonc_sbmp16.o)
 .rodata        0x00000000       0x3c ../../tonclib/lib/libtonc.a(tonc_sbmp16.o)
 .ewram         0x00000000       0x14 ../../tonclib/lib/libtonc.a(tonc_sbmp16.o)
 .rodata.str1.4
                0x00000000        0x8 ../../tonclib/lib/libtonc.a(tonc_sbmp16.o)
 .data          0x00000000        0x0 ../../tonclib/lib/libtonc.a(tonc_memset.o)
 .bss           0x00000000        0x0 ../../tonclib/lib/libtonc.a(tonc_memset.o)
 .data          0x00000000        0x0 /opt/devkitpro/devkitARM/bin/../lib/gcc/arm-none-eabi/13.1.0/thumb/libgcc.a(_divsi3.o)
 .bss           0x00000000        0x0 /opt/devkitpro/devkitARM/bin/../lib/gcc/arm-none-eabi/13.1.0/thumb/libgcc.a(_divsi3.o)
 .data          0x00000000        0x0 /opt/devkitpro/devkitARM/bin/../lib/gcc/arm-none-eabi/13.1.0/thumb/libgcc.a(_dvmd_tls.o)
 .bss           0x00000000        0x0 /opt/devkitpro/devkitARM/bin/../lib/gcc/arm-none-eabi/13.1.0/thumb/libgcc.a(_dvmd_tls.o)
 .text          0x00000000        0x0 /opt/devkitpro/devkitARM/bin/../lib/gcc/arm-none-eabi/13.1.0/../../../../arm-none-eabi/lib/thumb/libc.a(libc_a-memset.o)
 .data          0x00000000        0x0 /opt/devkitpro/devkitARM/bin/../lib/gcc/arm-none-eabi/13.1.0/../../../../arm-none-eabi/lib/thumb/libc.a(libc_a-memset.o)
 .bss           0x00000000        0x0 /opt/devkitpro/devkitARM/bin/../lib/gcc/arm-none-eabi/13.1.0/../../../../arm-none-eabi/lib/thumb/libc.a(libc_a-memset.o)
 .text          0x00000000        0x0 /opt/devkitpro/devkitARM/bin/../lib/gcc/arm-none-eabi/13.1.0/../../../../arm-none-eabi/lib/thumb/libc.a(libc_a-strtol.o)
 .data          0x00000000        0x0 /opt/devkitpro/devkitARM/bin/../lib/gcc/arm-none-eabi/13.1.0/../../../../arm-none-eabi/lib/thumb/libc.a(libc_a-strtol.o)
 .bss           0x00000000        0x0 /opt/devkitpro/devkitARM/bin/../lib/gcc/arm-none-eabi/13.1.0/../../../../arm-none-eabi/lib/thumb/libc.a(libc_a-strtol.o)
 .text._strtol_r
                0x00000000       0x34 /opt/devkitpro/devkitARM/bin/../lib/gcc/arm-none-eabi/13.1.0/../../../../arm-none-eabi/lib/thumb/libc.a(libc_a-strtol.o)
 .text.strtol_l
                0x00000000       0x30 /opt/devkitpro/devkitARM/bin/../lib/gcc/arm-none-eabi/13.1.0/../../../../arm-none-eabi/lib/thumb/libc.a(libc_a-strtol.o)
 .text          0x00000000        0x0 /opt/devkitpro/devkitARM/bin/../lib/gcc/arm-none-eabi/13.1.0/../../../../arm-none-eabi/lib/thumb/libc.a(libc_a-init.o)
 .data          0x00000000        0x0 /opt/devkitpro/devkitARM/bin/../lib/gcc/arm-none-eabi/13.1.0/../../../../arm-none-eabi/lib/thumb/libc.a(libc_a-init.o)
 .bss           0x00000000        0x0 /opt/devkitpro/devkitARM/bin/../lib/gcc/arm-none-eabi/13.1.0/../../../../arm-none-eabi/lib/thumb/libc.a(libc_a-init.o)
 .text          0x00000000        0x0 /opt/devkitpro/devkitARM/bin/../lib/gcc/arm-none-eabi/13.1.0/../../../../arm-none-eabi/lib/thumb/libc.a(libc_a-errno.o)
 .data          0x00000000        0x0 /opt/devkitpro/devkitARM/bin/../lib/gcc/arm-none-eabi/13.1.0/../../../../arm-none-eabi/lib/thumb/libc.a(libc_a-errno.o)
 .bss           0x00000000        0x0 /opt/devkitpro/devkitARM/bin/../lib/gcc/arm-none-eabi/13.1.0/../../../../arm-none-eabi/lib/thumb/libc.a(libc_a-errno.o)
 .text          0x00000000        0x0 /opt/devkitpro/devkitARM/bin/../lib/gcc/arm-none-eabi/13.1.0/../../../../arm-none-eabi/lib/thumb/libc.a(libc_a-ctype_.o)
 .data          0x00000000        0x0 /opt/devkitpro/devkitARM/bin/../lib/gcc/arm-none-eabi/13.1.0/../../../../arm-none-eabi/lib/thumb/libc.a(libc_a-ctype_.o)
 .bss           0x00000000        0x0 /opt/devkitpro/devkitARM/bin/../lib/gcc/arm-none-eabi/13.1.0/../../../../arm-none-eabi/lib/thumb/libc.a(libc_a-ctype_.o)
 .text.__set_ctype
                0x00000000        0xc /opt/devkitpro/devkitARM/bin/../lib/gcc/arm-none-eabi/13.1.0/../../../../arm-none-eabi/lib/thumb/libc.a(libc_a-ctype_.o)
 .text          0x00000000        0x0 /opt/devkitpro/devkitARM/bin/../lib/gcc/arm-none-eabi/13.1.0/../../../../arm-none-eabi/lib/thumb/libsysbase.a(libsysbase_libsysbase_a-getreent.o)
 .data          0x00000000        0x0 /opt/devkitpro/devkitARM/bin/../lib/gcc/arm-none-eabi/13.1.0/../../../../arm-none-eabi/lib/thumb/libsysbase.a(libsysbase_libsysbase_a-getreent.o)
 .bss           0x00000000        0x0 /opt/devkitpro/devkitARM/bin/../lib/gcc/arm-none-eabi/13.1.0/../../../../arm-none-eabi/lib/thumb/libsysbase.a(libsysbase_libsysbase_a-getreent.o)
 .text          0x00000000        0x0 /opt/devkitpro/devkitARM/bin/../lib/gcc/arm-none-eabi/13.1.0/../../../../arm-none-eabi/lib/thumb/libsysbase.a(libsysbase_libsysbase_a-malloc_vars.o)
 .data          0x00000000        0x0 /opt/devkitpro/devkitARM/bin/../lib/gcc/arm-none-eabi/13.1.0/../../../../arm-none-eabi/lib/thumb/libsysbase.a(libsysbase_libsysbase_a-malloc_vars.o)
 .bss           0x00000000        0x0 /opt/devkitpro/devkitARM/bin/../lib/gcc/arm-none-eabi/13.1.0/../../../../arm-none-eabi/lib/thumb/libsysbase.a(libsysbase_libsysbase_a-malloc_vars.o)
 .bss.fake_heap_start
                0x00000000        0x4 /opt/devkitpro/devkitARM/bin/../lib/gcc/arm-none-eabi/13.1.0/../../../../arm-none-eabi/lib/thumb/libsysbase.a(libsysbase_libsysbase_a-malloc_vars.o)
 .data          0x00000000        0x0 /opt/devkitpro/devkitARM/bin/../lib/gcc/arm-none-eabi/13.1.0/thumb/libgcc.a(_udivsi3.o)
 .bss           0x00000000        0x0 /opt/devkitpro/devkitARM/bin/../lib/gcc/arm-none-eabi/13.1.0/thumb/libgcc.a(_udivsi3.o)
 .text          0x00000000        0x0 /opt/devkitpro/devkitARM/bin/../lib/gcc/arm-none-eabi/13.1.0/../../../../arm-none-eabi/lib/thumb/libc.a(libc_a-impure.o)
 .data          0x00000000        0x0 /opt/devkitpro/devkitARM/bin/../lib/gcc/arm-none-eabi/13.1.0/../../../../arm-none-eabi/lib/thumb/libc.a(libc_a-impure.o)
 .bss           0x00000000        0x0 /opt/devkitpro/devkitARM/bin/../lib/gcc/arm-none-eabi/13.1.0/../../../../arm-none-eabi/lib/thumb/libc.a(libc_a-impure.o)
 .text          0x00000000        0x0 /opt/devkitpro/devkitARM/bin/../lib/gcc/arm-none-eabi/13.1.0/../../../../arm-none-eabi/lib/thumb/libc.a(libc_a-findfp.o)
 .data          0x00000000        0x0 /opt/devkitpro/devkitARM/bin/../lib/gcc/arm-none-eabi/13.1.0/../../../../arm-none-eabi/lib/thumb/libc.a(libc_a-findfp.o)
 .bss           0x00000000        0x0 /opt/devkitpro/devkitARM/bin/../lib/gcc/arm-none-eabi/13.1.0/../../../../arm-none-eabi/lib/thumb/libc.a(libc_a-findfp.o)
 .text.stdio_exit_handler
                0x00000000       0x20 /opt/devkitpro/devkitARM/bin/../lib/gcc/arm-none-eabi/13.1.0/../../../../arm-none-eabi/lib/thumb/libc.a(libc_a-findfp.o)
 .text.cleanup_stdio
                0x00000000       0x40 /opt/devkitpro/devkitARM/bin/../lib/gcc/arm-none-eabi/13.1.0/../../../../arm-none-eabi/lib/thumb/libc.a(libc_a-findfp.o)
 .text.__fp_lock
                0x00000000       0x20 /opt/devkitpro/devkitARM/bin/../lib/gcc/arm-none-eabi/13.1.0/../../../../arm-none-eabi/lib/thumb/libc.a(libc_a-findfp.o)
 .text.__fp_unlock
                0x00000000       0x20 /opt/devkitpro/devkitARM/bin/../lib/gcc/arm-none-eabi/13.1.0/../../../../arm-none-eabi/lib/thumb/libc.a(libc_a-findfp.o)
 .text.global_stdio_init.part.0
                0x00000000      0x128 /opt/devkitpro/devkitARM/bin/../lib/gcc/arm-none-eabi/13.1.0/../../../../arm-none-eabi/lib/thumb/libc.a(libc_a-findfp.o)
 .text.__sfp    0x00000000       0xcc /opt/devkitpro/devkitARM/bin/../lib/gcc/arm-none-eabi/13.1.0/../../../../arm-none-eabi/lib/thumb/libc.a(libc_a-findfp.o)
 .text.__sinit  0x00000000       0x3c /opt/devkitpro/devkitARM/bin/../lib/gcc/arm-none-eabi/13.1.0/../../../../arm-none-eabi/lib/thumb/libc.a(libc_a-findfp.o)
 .text.__sfp_lock_acquire
                0x00000000       0x14 /opt/devkitpro/devkitARM/bin/../lib/gcc/arm-none-eabi/13.1.0/../../../../arm-none-eabi/lib/thumb/libc.a(libc_a-findfp.o)
 .text.__sfp_lock_release
                0x00000000       0x14 /opt/devkitpro/devkitARM/bin/../lib/gcc/arm-none-eabi/13.1.0/../../../../arm-none-eabi/lib/thumb/libc.a(libc_a-findfp.o)
 .text.__fp_lock_all
                0x00000000       0x24 /opt/devkitpro/devkitARM/bin/../lib/gcc/arm-none-eabi/13.1.0/../../../../arm-none-eabi/lib/thumb/libc.a(libc_a-findfp.o)
 .text.__fp_unlock_all
                0x00000000       0x24 /opt/devkitpro/devkitARM/bin/../lib/gcc/arm-none-eabi/13.1.0/../../../../arm-none-eabi/lib/thumb/libc.a(libc_a-findfp.o)
 .bss.__sfp_recursive_mutex
                0x00000000        0xc /opt/devkitpro/devkitARM/bin/../lib/gcc/arm-none-eabi/13.1.0/../../../../arm-none-eabi/lib/thumb/libc.a(libc_a-findfp.o)
 .data.__sglue  0x00000000        0xc /opt/devkitpro/devkitARM/bin/../lib/gcc/arm-none-eabi/13.1.0/../../../../arm-none-eabi/lib/thumb/libc.a(libc_a-findfp.o)
 .bss.__stdio_exit_handler
                0x00000000        0x4 /opt/devkitpro/devkitARM/bin/../lib/gcc/arm-none-eabi/13.1.0/../../../../arm-none-eabi/lib/thumb/libc.a(libc_a-findfp.o)
 .text          0x00000000        0x0 /opt/devkitpro/devkitARM/bin/../lib/gcc/arm-none-eabi/13.1.0/../../../../arm-none-eabi/lib/thumb/libc.a(libc_a-stdio.o)
 .data          0x00000000        0x0 /opt/devkitpro/devkitARM/bin/../lib/gcc/arm-none-eabi/13.1.0/../../../../arm-none-eabi/lib/thumb/libc.a(libc_a-stdio.o)
 .bss           0x00000000        0x0 /opt/devkitpro/devkitARM/bin/../lib/gcc/arm-none-eabi/13.1.0/../../../../arm-none-eabi/lib/thumb/libc.a(libc_a-stdio.o)
 .text.__sread  0x00000000       0x34 /opt/devkitpro/devkitARM/bin/../lib/gcc/arm-none-eabi/13.1.0/../../../../arm-none-eabi/lib/thumb/libc.a(libc_a-stdio.o)
 .text.__seofread
                0x00000000        0x4 /opt/devkitpro/devkitARM/bin/../lib/gcc/arm-none-eabi/13.1.0/../../../../arm-none-eabi/lib/thumb/libc.a(libc_a-stdio.o)
 .text.__swrite
                0x00000000       0x4c /opt/devkitpro/devkitARM/bin/../lib/gcc/arm-none-eabi/13.1.0/../../../../arm-none-eabi/lib/thumb/libc.a(libc_a-stdio.o)
 .text.__sseek  0x00000000       0x44 /opt/devkitpro/devkitARM/bin/../lib/gcc/arm-none-eabi/13.1.0/../../../../arm-none-eabi/lib/thumb/libc.a(libc_a-stdio.o)
 .text.__sclose
                0x00000000       0x10 /opt/devkitpro/devkitARM/bin/../lib/gcc/arm-none-eabi/13.1.0/../../../../arm-none-eabi/lib/thumb/libc.a(libc_a-stdio.o)
 .comment       0x00000000       0x24 /opt/devkitpro/devkitARM/bin/../lib/gcc/arm-none-eabi/13.1.0/../../../../arm-none-eabi/lib/thumb/libc.a(libc_a-stdio.o)
 .text          0x00000000        0x0 /opt/devkitpro/devkitARM/bin/../lib/gcc/arm-none-eabi/13.1.0/../../../../arm-none-eabi/lib/thumb/libc.a(libc_a-fclose.o)
 .data          0x00000000        0x0 /opt/devkitpro/devkitARM/bin/../lib/gcc/arm-none-eabi/13.1.0/../../../../arm-none-eabi/lib/thumb/libc.a(libc_a-fclose.o)
 .bss           0x00000000        0x0 /opt/devkitpro/devkitARM/bin/../lib/gcc/arm-none-eabi/13.1.0/../../../../arm-none-eabi/lib/thumb/libc.a(libc_a-fclose.o)
 .text._fclose_r
                0x00000000       0xd8 /opt/devkitpro/devkitARM/bin/../lib/gcc/arm-none-eabi/13.1.0/../../../../arm-none-eabi/lib/thumb/libc.a(libc_a-fclose.o)
 .text.fclose   0x00000000       0x14 /opt/devkitpro/devkitARM/bin/../lib/gcc/arm-none-eabi/13.1.0/../../../../arm-none-eabi/lib/thumb/libc.a(libc_a-fclose.o)
 .comment       0x00000000       0x24 /opt/devkitpro/devkitARM/bin/../lib/gcc/arm-none-eabi/13.1.0/../../../../arm-none-eabi/lib/thumb/libc.a(libc_a-fclose.o)
 .text          0x00000000        0x0 /opt/devkitpro/devkitARM/bin/../lib/gcc/arm-none-eabi/13.1.0/../../../../arm-none-eabi/lib/thumb/libc.a(libc_a-mallocr.o)
 .data          0x00000000        0x0 /opt/devkitpro/devkitARM/bin/../lib/gcc/arm-none-eabi/13.1.0/../../../../arm-none-eabi/lib/thumb/libc.a(libc_a-mallocr.o)
 .bss           0x00000000        0x0 /opt/devkitpro/devkitARM/bin/../lib/gcc/arm-none-eabi/13.1.0/../../../../arm-none-eabi/lib/thumb/libc.a(libc_a-mallocr.o)
 .text._malloc_r
                0x00000000      0x558 /opt/devkitpro/devkitARM/bin/../lib/gcc/arm-none-eabi/13.1.0/../../../../arm-none-eabi/lib/thumb/libc.a(libc_a-mallocr.o)
 .bss.__malloc_current_mallinfo
                0x00000000       0x28 /opt/devkitpro/devkitARM/bin/../lib/gcc/arm-none-eabi/13.1.0/../../../../arm-none-eabi/lib/thumb/libc.a(libc_a-mallocr.o)
 .bss.__malloc_max_total_mem
                0x00000000        0x4 /opt/devkitpro/devkitARM/bin/../lib/gcc/arm-none-eabi/13.1.0/../../../../arm-none-eabi/lib/thumb/libc.a(libc_a-mallocr.o)
 .bss.__malloc_max_sbrked_mem
                0x00000000        0x4 /opt/devkitpro/devkitARM/bin/../lib/gcc/arm-none-eabi/13.1.0/../../../../arm-none-eabi/lib/thumb/libc.a(libc_a-mallocr.o)
 .data.__malloc_sbrk_base
                0x00000000        0x4 /opt/devkitpro/devkitARM/bin/../lib/gcc/arm-none-eabi/13.1.0/../../../../arm-none-eabi/lib/thumb/libc.a(libc_a-mallocr.o)
 .bss.__malloc_top_pad
                0x00000000        0x4 /opt/devkitpro/devkitARM/bin/../lib/gcc/arm-none-eabi/13.1.0/../../../../arm-none-eabi/lib/thumb/libc.a(libc_a-mallocr.o)
 .data.__malloc_trim_threshold
                0x00000000        0x4 /opt/devkitpro/devkitARM/bin/../lib/gcc/arm-none-eabi/13.1.0/../../../../arm-none-eabi/lib/thumb/libc.a(libc_a-mallocr.o)
 .data.__malloc_av_
                0x00000000      0x408 /opt/devkitpro/devkitARM/bin/../lib/gcc/arm-none-eabi/13.1.0/../../../../arm-none-eabi/lib/thumb/libc.a(libc_a-mallocr.o)
 .comment       0x00000000       0x24 /opt/devkitpro/devkitARM/bin/../lib/gcc/arm-none-eabi/13.1.0/../../../../arm-none-eabi/lib/thumb/libc.a(libc_a-mallocr.o)
 .text          0x00000000        0x0 /opt/devkitpro/devkitARM/bin/../lib/gcc/arm-none-eabi/13.1.0/../../../../arm-none-eabi/lib/thumb/libc.a(libc_a-mlock.o)
 .data          0x00000000        0x0 /opt/devkitpro/devkitARM/bin/../lib/gcc/arm-none-eabi/13.1.0/../../../../arm-none-eabi/lib/thumb/libc.a(libc_a-mlock.o)
 .bss           0x00000000        0x0 /opt/devkitpro/devkitARM/bin/../lib/gcc/arm-none-eabi/13.1.0/../../../../arm-none-eabi/lib/thumb/libc.a(libc_a-mlock.o)
 .text.__malloc_lock
                0x00000000       0x14 /opt/devkitpro/devkitARM/bin/../lib/gcc/arm-none-eabi/13.1.0/../../../../arm-none-eabi/lib/thumb/libc.a(libc_a-mlock.o)
 .text.__malloc_unlock
                0x00000000       0x14 /opt/devkitpro/devkitARM/bin/../lib/gcc/arm-none-eabi/13.1.0/../../../../arm-none-eabi/lib/thumb/libc.a(libc_a-mlock.o)
 .bss.__malloc_recursive_mutex
                0x00000000        0xc /opt/devkitpro/devkitARM/bin/../lib/gcc/arm-none-eabi/13.1.0/../../../../arm-none-eabi/lib/thumb/libc.a(libc_a-mlock.o)
 .comment       0x00000000       0x24 /opt/devkitpro/devkitARM/bin/../lib/gcc/arm-none-eabi/13.1.0/../../../../arm-none-eabi/lib/thumb/libc.a(libc_a-mlock.o)
 .text          0x00000000        0x0 /opt/devkitpro/devkitARM/bin/../lib/gcc/arm-none-eabi/13.1.0/../../../../arm-none-eabi/lib/thumb/libc.a(libc_a-fflush.o)
 .data          0x00000000        0x0 /opt/devkitpro/devkitARM/bin/../lib/gcc/arm-none-eabi/13.1.0/../../../../arm-none-eabi/lib/thumb/libc.a(libc_a-fflush.o)
 .bss           0x00000000        0x0 /opt/devkitpro/devkitARM/bin/../lib/gcc/arm-none-eabi/13.1.0/../../../../arm-none-eabi/lib/thumb/libc.a(libc_a-fflush.o)
 .text.__sflush_r
                0x00000000      0x188 /opt/devkitpro/devkitARM/bin/../lib/gcc/arm-none-eabi/13.1.0/../../../../arm-none-eabi/lib/thumb/libc.a(libc_a-fflush.o)
 .text._fflush_r
                0x00000000       0x70 /opt/devkitpro/devkitARM/bin/../lib/gcc/arm-none-eabi/13.1.0/../../../../arm-none-eabi/lib/thumb/libc.a(libc_a-fflush.o)
 .text.fflush   0x00000000       0x30 /opt/devkitpro/devkitARM/bin/../lib/gcc/arm-none-eabi/13.1.0/../../../../arm-none-eabi/lib/thumb/libc.a(libc_a-fflush.o)
 .comment       0x00000000       0x24 /opt/devkitpro/devkitARM/bin/../lib/gcc/arm-none-eabi/13.1.0/../../../../arm-none-eabi/lib/thumb/libc.a(libc_a-fflush.o)
 .text          0x00000000        0x0 /opt/devkitpro/devkitARM/bin/../lib/gcc/arm-none-eabi/13.1.0/../../../../arm-none-eabi/lib/thumb/libc.a(libc_a-fwalk.o)
 .data          0x00000000        0x0 /opt/devkitpro/devkitARM/bin/../lib/gcc/arm-none-eabi/13.1.0/../../../../arm-none-eabi/lib/thumb/libc.a(libc_a-fwalk.o)
 .bss           0x00000000        0x0 /opt/devkitpro/devkitARM/bin/../lib/gcc/arm-none-eabi/13.1.0/../../../../arm-none-eabi/lib/thumb/libc.a(libc_a-fwalk.o)
 .text._fwalk_sglue
                0x00000000       0x4c /opt/devkitpro/devkitARM/bin/../lib/gcc/arm-none-eabi/13.1.0/../../../../arm-none-eabi/lib/thumb/libc.a(libc_a-fwalk.o)
 .comment       0x00000000       0x24 /opt/devkitpro/devkitARM/bin/../lib/gcc/arm-none-eabi/13.1.0/../../../../arm-none-eabi/lib/thumb/libc.a(libc_a-fwalk.o)
 .text          0x00000000        0x0 /opt/devkitpro/devkitARM/bin/../lib/gcc/arm-none-eabi/13.1.0/../../../../arm-none-eabi/lib/thumb/libc.a(libc_a-freer.o)
 .data          0x00000000        0x0 /opt/devkitpro/devkitARM/bin/../lib/gcc/arm-none-eabi/13.1.0/../../../../arm-none-eabi/lib/thumb/libc.a(libc_a-freer.o)
 .bss           0x00000000        0x0 /opt/devkitpro/devkitARM/bin/../lib/gcc/arm-none-eabi/13.1.0/../../../../arm-none-eabi/lib/thumb/libc.a(libc_a-freer.o)
 .text._malloc_trim_r
                0x00000000       0xac /opt/devkitpro/devkitARM/bin/../lib/gcc/arm-none-eabi/13.1.0/../../../../arm-none-eabi/lib/thumb/libc.a(libc_a-freer.o)
 .text._free_r  0x00000000      0x1d8 /opt/devkitpro/devkitARM/bin/../lib/gcc/arm-none-eabi/13.1.0/../../../../arm-none-eabi/lib/thumb/libc.a(libc_a-freer.o)
 .comment       0x00000000       0x24 /opt/devkitpro/devkitARM/bin/../lib/gcc/arm-none-eabi/13.1.0/../../../../arm-none-eabi/lib/thumb/libc.a(libc_a-freer.o)
 .text          0x00000000        0x0 /opt/devkitpro/devkitARM/bin/../lib/gcc/arm-none-eabi/13.1.0/../../../../arm-none-eabi/lib/thumb/libsysbase.a(libsysbase_libsysbase_a-handle_manager.o)
 .data          0x00000000        0x0 /opt/devkitpro/devkitARM/bin/../lib/gcc/arm-none-eabi/13.1.0/../../../../arm-none-eabi/lib/thumb/libsysbase.a(libsysbase_libsysbase_a-handle_manager.o)
 .bss           0x00000000        0x0 /opt/devkitpro/devkitARM/bin/../lib/gcc/arm-none-eabi/13.1.0/../../../../arm-none-eabi/lib/thumb/libsysbase.a(libsysbase_libsysbase_a-handle_manager.o)
 .text.__release_handle
                0x00000000       0x68 /opt/devkitpro/devkitARM/bin/../lib/gcc/arm-none-eabi/13.1.0/../../../../arm-none-eabi/lib/thumb/libsysbase.a(libsysbase_libsysbase_a-handle_manager.o)
 .text.__alloc_handle
                0x00000000       0x7c /opt/devkitpro/devkitARM/bin/../lib/gcc/arm-none-eabi/13.1.0/../../../../arm-none-eabi/lib/thumb/libsysbase.a(libsysbase_libsysbase_a-handle_manager.o)
 .text.__get_handle
                0x00000000       0x34 /opt/devkitpro/devkitARM/bin/../lib/gcc/arm-none-eabi/13.1.0/../../../../arm-none-eabi/lib/thumb/libsysbase.a(libsysbase_libsysbase_a-handle_manager.o)
 .text.dup      0x00000000       0x68 /opt/devkitpro/devkitARM/bin/../lib/gcc/arm-none-eabi/13.1.0/../../../../arm-none-eabi/lib/thumb/libsysbase.a(libsysbase_libsysbase_a-handle_manager.o)
 .text.dup2     0x00000000       0xd8 /opt/devkitpro/devkitARM/bin/../lib/gcc/arm-none-eabi/13.1.0/../../../../arm-none-eabi/lib/thumb/libsysbase.a(libsysbase_libsysbase_a-handle_manager.o)
 .text._close_r
                0x00000000       0xb8 /opt/devkitpro/devkitARM/bin/../lib/gcc/arm-none-eabi/13.1.0/../../../../arm-none-eabi/lib/thumb/libsysbase.a(libsysbase_libsysbase_a-handle_manager.o)
 .bss.__hndl_lock
                0x00000000        0x4 /opt/devkitpro/devkitARM/bin/../lib/gcc/arm-none-eabi/13.1.0/../../../../arm-none-eabi/lib/thumb/libsysbase.a(libsysbase_libsysbase_a-handle_manager.o)
 .data.handles  0x00000000     0x1000 /opt/devkitpro/devkitARM/bin/../lib/gcc/arm-none-eabi/13.1.0/../../../../arm-none-eabi/lib/thumb/libsysbase.a(libsysbase_libsysbase_a-handle_manager.o)
 .data.__stderr_handle
                0x00000000        0xc /opt/devkitpro/devkitARM/bin/../lib/gcc/arm-none-eabi/13.1.0/../../../../arm-none-eabi/lib/thumb/libsysbase.a(libsysbase_libsysbase_a-handle_manager.o)
 .data.__stdout_handle
                0x00000000        0xc /opt/devkitpro/devkitARM/bin/../lib/gcc/arm-none-eabi/13.1.0/../../../../arm-none-eabi/lib/thumb/libsysbase.a(libsysbase_libsysbase_a-handle_manager.o)
 .data.__stdin_handle
                0x00000000        0xc /opt/devkitpro/devkitARM/bin/../lib/gcc/arm-none-eabi/13.1.0/../../../../arm-none-eabi/lib/thumb/libsysbase.a(libsysbase_libsysbase_a-handle_manager.o)
 .comment       0x00000000       0x24 /opt/devkitpro/devkitARM/bin/../lib/gcc/arm-none-eabi/13.1.0/../../../../arm-none-eabi/lib/thumb/libsysbase.a(libsysbase_libsysbase_a-handle_manager.o)
 .text          0x00000000        0x0 /opt/devkitpro/devkitARM/bin/../lib/gcc/arm-none-eabi/13.1.0/../../../../arm-none-eabi/lib/thumb/libsysbase.a(libsysbase_libsysbase_a-iosupport.o)
 .data          0x00000000        0x0 /opt/devkitpro/devkitARM/bin/../lib/gcc/arm-none-eabi/13.1.0/../../../../arm-none-eabi/lib/thumb/libsysbase.a(libsysbase_libsysbase_a-iosupport.o)
 .bss           0x00000000        0x0 /opt/devkitpro/devkitARM/bin/../lib/gcc/arm-none-eabi/13.1.0/../../../../arm-none-eabi/lib/thumb/libsysbase.a(libsysbase_libsysbase_a-iosupport.o)
 .text.null_write
                0x00000000        0x4 /opt/devkitpro/devkitARM/bin/../lib/gcc/arm-none-eabi/13.1.0/../../../../arm-none-eabi/lib/thumb/libsysbase.a(libsysbase_libsysbase_a-iosupport.o)
 .text.setDefaultDevice
                0x00000000       0x10 /opt/devkitpro/devkitARM/bin/../lib/gcc/arm-none-eabi/13.1.0/../../../../arm-none-eabi/lib/thumb/libsysbase.a(libsysbase_libsysbase_a-iosupport.o)
 .text.FindDevice
                0x00000000       0x98 /opt/devkitpro/devkitARM/bin/../lib/gcc/arm-none-eabi/13.1.0/../../../../arm-none-eabi/lib/thumb/libsysbase.a(libsysbase_libsysbase_a-iosupport.o)
 .text.RemoveDevice
                0x00000000       0x24 /opt/devkitpro/devkitARM/bin/../lib/gcc/arm-none-eabi/13.1.0/../../../../arm-none-eabi/lib/thumb/libsysbase.a(libsysbase_libsysbase_a-iosupport.o)
 .rodata.AddDevice.str1.4
                0x00000000        0x8 /opt/devkitpro/devkitARM/bin/../lib/gcc/arm-none-eabi/13.1.0/../../../../arm-none-eabi/lib/thumb/libsysbase.a(libsysbase_libsysbase_a-iosupport.o)
 .text.AddDevice
                0x00000000       0x78 /opt/devkitpro/devkitARM/bin/../lib/gcc/arm-none-eabi/13.1.0/../../../../arm-none-eabi/lib/thumb/libsysbase.a(libsysbase_libsysbase_a-iosupport.o)
 .text.GetDeviceOpTab
                0x00000000       0x20 /opt/devkitpro/devkitARM/bin/../lib/gcc/arm-none-eabi/13.1.0/../../../../arm-none-eabi/lib/thumb/libsysbase.a(libsysbase_libsysbase_a-iosupport.o)
 .data.devoptab_list
                0x00000000       0x8c /opt/devkitpro/devkitARM/bin/../lib/gcc/arm-none-eabi/13.1.0/../../../../arm-none-eabi/lib/thumb/libsysbase.a(libsysbase_libsysbase_a-iosupport.o)
 .rodata.dotab_stdnull
                0x00000000       0x80 /opt/devkitpro/devkitARM/bin/../lib/gcc/arm-none-eabi/13.1.0/../../../../arm-none-eabi/lib/thumb/libsysbase.a(libsysbase_libsysbase_a-iosupport.o)
 .data.defaultDevice
                0x00000000        0x4 /opt/devkitpro/devkitARM/bin/../lib/gcc/arm-none-eabi/13.1.0/../../../../arm-none-eabi/lib/thumb/libsysbase.a(libsysbase_libsysbase_a-iosupport.o)
 .comment       0x00000000       0x24 /opt/devkitpro/devkitARM/bin/../lib/gcc/arm-none-eabi/13.1.0/../../../../arm-none-eabi/lib/thumb/libsysbase.a(libsysbase_libsysbase_a-iosupport.o)
 .text          0x00000000        0x0 /opt/devkitpro/devkitARM/bin/../lib/gcc/arm-none-eabi/13.1.0/../../../../arm-none-eabi/lib/thumb/libsysbase.a(libsysbase_libsysbase_a-lseek.o)
 .data          0x00000000        0x0 /opt/devkitpro/devkitARM/bin/../lib/gcc/arm-none-eabi/13.1.0/../../../../arm-none-eabi/lib/thumb/libsysbase.a(libsysbase_libsysbase_a-lseek.o)
 .bss           0x00000000        0x0 /opt/devkitpro/devkitARM/bin/../lib/gcc/arm-none-eabi/13.1.0/../../../../arm-none-eabi/lib/thumb/libsysbase.a(libsysbase_libsysbase_a-lseek.o)
 .text._lseek_r
                0x00000000       0x5c /opt/devkitpro/devkitARM/bin/../lib/gcc/arm-none-eabi/13.1.0/../../../../arm-none-eabi/lib/thumb/libsysbase.a(libsysbase_libsysbase_a-lseek.o)
 .comment       0x00000000       0x24 /opt/devkitpro/devkitARM/bin/../lib/gcc/arm-none-eabi/13.1.0/../../../../arm-none-eabi/lib/thumb/libsysbase.a(libsysbase_libsysbase_a-lseek.o)
 .text          0x00000000        0x0 /opt/devkitpro/devkitARM/bin/../lib/gcc/arm-none-eabi/13.1.0/../../../../arm-none-eabi/lib/thumb/libsysbase.a(libsysbase_libsysbase_a-read.o)
 .data          0x00000000        0x0 /opt/devkitpro/devkitARM/bin/../lib/gcc/arm-none-eabi/13.1.0/../../../../arm-none-eabi/lib/thumb/libsysbase.a(libsysbase_libsysbase_a-read.o)
 .bss           0x00000000        0x0 /opt/devkitpro/devkitARM/bin/../lib/gcc/arm-none-eabi/13.1.0/../../../../arm-none-eabi/lib/thumb/libsysbase.a(libsysbase_libsysbase_a-read.o)
 .text._read_r  0x00000000       0x50 /opt/devkitpro/devkitARM/bin/../lib/gcc/arm-none-eabi/13.1.0/../../../../arm-none-eabi/lib/thumb/libsysbase.a(libsysbase_libsysbase_a-read.o)
 .comment       0x00000000       0x24 /opt/devkitpro/devkitARM/bin/../lib/gcc/arm-none-eabi/13.1.0/../../../../arm-none-eabi/lib/thumb/libsysbase.a(libsysbase_libsysbase_a-read.o)
 .text          0x00000000        0x0 /opt/devkitpro/devkitARM/bin/../lib/gcc/arm-none-eabi/13.1.0/../../../../arm-none-eabi/lib/thumb/libsysbase.a(libsysbase_libsysbase_a-sbrk.o)
 .data          0x00000000        0x0 /opt/devkitpro/devkitARM/bin/../lib/gcc/arm-none-eabi/13.1.0/../../../../arm-none-eabi/lib/thumb/libsysbase.a(libsysbase_libsysbase_a-sbrk.o)
 .bss           0x00000000        0x0 /opt/devkitpro/devkitARM/bin/../lib/gcc/arm-none-eabi/13.1.0/../../../../arm-none-eabi/lib/thumb/libsysbase.a(libsysbase_libsysbase_a-sbrk.o)
 .text._sbrk_r  0x00000000       0x54 /opt/devkitpro/devkitARM/bin/../lib/gcc/arm-none-eabi/13.1.0/../../../../arm-none-eabi/lib/thumb/libsysbase.a(libsysbase_libsysbase_a-sbrk.o)
 .bss.heap_start.0
                0x00000000        0x4 /opt/devkitpro/devkitARM/bin/../lib/gcc/arm-none-eabi/13.1.0/../../../../arm-none-eabi/lib/thumb/libsysbase.a(libsysbase_libsysbase_a-sbrk.o)
 .comment       0x00000000       0x24 /opt/devkitpro/devkitARM/bin/../lib/gcc/arm-none-eabi/13.1.0/../../../../arm-none-eabi/lib/thumb/libsysbase.a(libsysbase_libsysbase_a-sbrk.o)
 .text          0x00000000        0x0 /opt/devkitpro/devkitARM/bin/../lib/gcc/arm-none-eabi/13.1.0/../../../../arm-none-eabi/lib/thumb/libsysbase.a(libsysbase_libsysbase_a-syscall_support.o)
 .data          0x00000000        0x0 /opt/devkitpro/devkitARM/bin/../lib/gcc/arm-none-eabi/13.1.0/../../../../arm-none-eabi/lib/thumb/libsysbase.a(libsysbase_libsysbase_a-syscall_support.o)
 .bss           0x00000000        0x0 /opt/devkitpro/devkitARM/bin/../lib/gcc/arm-none-eabi/13.1.0/../../../../arm-none-eabi/lib/thumb/libsysbase.a(libsysbase_libsysbase_a-syscall_support.o)
 .text.timespec2nsec
                0x00000000       0x24 /opt/devkitpro/devkitARM/bin/../lib/gcc/arm-none-eabi/13.1.0/../../../../arm-none-eabi/lib/thumb/libsysbase.a(libsysbase_libsysbase_a-syscall_support.o)
 .text.abstimespec2nsec
                0x00000000       0xc8 /opt/devkitpro/devkitARM/bin/../lib/gcc/arm-none-eabi/13.1.0/../../../../arm-none-eabi/lib/thumb/libsysbase.a(libsysbase_libsysbase_a-syscall_support.o)
 .text.__libc_lock_acquire
                0x00000000       0x18 /opt/devkitpro/devkitARM/bin/../lib/gcc/arm-none-eabi/13.1.0/../../../../arm-none-eabi/lib/thumb/libsysbase.a(libsysbase_libsysbase_a-syscall_support.o)
 .text.__libc_lock_try_acquire
                0x00000000       0x1c /opt/devkitpro/devkitARM/bin/../lib/gcc/arm-none-eabi/13.1.0/../../../../arm-none-eabi/lib/thumb/libsysbase.a(libsysbase_libsysbase_a-syscall_support.o)
 .text.__libc_lock_release
                0x00000000       0x18 /opt/devkitpro/devkitARM/bin/../lib/gcc/arm-none-eabi/13.1.0/../../../../arm-none-eabi/lib/thumb/libsysbase.a(libsysbase_libsysbase_a-syscall_support.o)
 .text.__libc_lock_acquire_recursive
                0x00000000       0x18 /opt/devkitpro/devkitARM/bin/../lib/gcc/arm-none-eabi/13.1.0/../../../../arm-none-eabi/lib/thumb/libsysbase.a(libsysbase_libsysbase_a-syscall_support.o)
 .text.__libc_lock_try_acquire_recursive
                0x00000000       0x1c /opt/devkitpro/devkitARM/bin/../lib/gcc/arm-none-eabi/13.1.0/../../../../arm-none-eabi/lib/thumb/libsysbase.a(libsysbase_libsysbase_a-syscall_support.o)
 .text.__libc_lock_release_recursive
                0x00000000       0x18 /opt/devkitpro/devkitARM/bin/../lib/gcc/arm-none-eabi/13.1.0/../../../../arm-none-eabi/lib/thumb/libsysbase.a(libsysbase_libsysbase_a-syscall_support.o)
 .text.__libc_cond_signal
                0x00000000       0x1c /opt/devkitpro/devkitARM/bin/../lib/gcc/arm-none-eabi/13.1.0/../../../../arm-none-eabi/lib/thumb/libsysbase.a(libsysbase_libsysbase_a-syscall_support.o)
 .text.__libc_cond_broadcast
                0x00000000       0x1c /opt/devkitpro/devkitARM/bin/../lib/gcc/arm-none-eabi/13.1.0/../../../../arm-none-eabi/lib/thumb/libsysbase.a(libsysbase_libsysbase_a-syscall_support.o)
 .text.__libc_cond_wait
                0x00000000       0x1c /opt/devkitpro/devkitARM/bin/../lib/gcc/arm-none-eabi/13.1.0/../../../../arm-none-eabi/lib/thumb/libsysbase.a(libsysbase_libsysbase_a-syscall_support.o)
 .text.__libc_cond_wait_recursive
                0x00000000       0x1c /opt/devkitpro/devkitARM/bin/../lib/gcc/arm-none-eabi/13.1.0/../../../../arm-none-eabi/lib/thumb/libsysbase.a(libsysbase_libsysbase_a-syscall_support.o)
 .comment       0x00000000       0x24 /opt/devkitpro/devkitARM/bin/../lib/gcc/arm-none-eabi/13.1.0/../../../../arm-none-eabi/lib/thumb/libsysbase.a(libsysbase_libsysbase_a-syscall_support.o)
 .text          0x00000000        0x0 /opt/devkitpro/devkitARM/bin/../lib/gcc/arm-none-eabi/13.1.0/../../../../arm-none-eabi/lib/thumb/libsysbase.a(libsysbase_libsysbase_a-write.o)
 .data          0x00000000        0x0 /opt/devkitpro/devkitARM/bin/../lib/gcc/arm-none-eabi/13.1.0/../../../../arm-none-eabi/lib/thumb/libsysbase.a(libsysbase_libsysbase_a-write.o)
 .bss           0x00000000        0x0 /opt/devkitpro/devkitARM/bin/../lib/gcc/arm-none-eabi/13.1.0/../../../../arm-none-eabi/lib/thumb/libsysbase.a(libsysbase_libsysbase_a-write.o)
 .text._write_r
                0x00000000       0x50 /opt/devkitpro/devkitARM/bin/../lib/gcc/arm-none-eabi/13.1.0/../../../../arm-none-eabi/lib/thumb/libsysbase.a(libsysbase_libsysbase_a-write.o)
 .comment       0x00000000       0x24 /opt/devkitpro/devkitARM/bin/../lib/gcc/arm-none-eabi/13.1.0/../../../../arm-none-eabi/lib/thumb/libsysbase.a(libsysbase_libsysbase_a-write.o)
 .text          0x00000000        0x0 /opt/devkitpro/devkitARM/bin/../lib/gcc/arm-none-eabi/13.1.0/../../../../arm-none-eabi/lib/thumb/libsysbase.a(libsysbase_libsysbase_a-clocks.o)
 .data          0x00000000        0x0 /opt/devkitpro/devkitARM/bin/../lib/gcc/arm-none-eabi/13.1.0/../../../../arm-none-eabi/lib/thumb/libsysbase.a(libsysbase_libsysbase_a-clocks.o)
 .bss           0x00000000        0x0 /opt/devkitpro/devkitARM/bin/../lib/gcc/arm-none-eabi/13.1.0/../../../../arm-none-eabi/lib/thumb/libsysbase.a(libsysbase_libsysbase_a-clocks.o)
 .text.clock_gettime
                0x00000000       0x24 /opt/devkitpro/devkitARM/bin/../lib/gcc/arm-none-eabi/13.1.0/../../../../arm-none-eabi/lib/thumb/libsysbase.a(libsysbase_libsysbase_a-clocks.o)
 .text.clock_settime
                0x00000000       0x24 /opt/devkitpro/devkitARM/bin/../lib/gcc/arm-none-eabi/13.1.0/../../../../arm-none-eabi/lib/thumb/libsysbase.a(libsysbase_libsysbase_a-clocks.o)
 .text.clock_getres
                0x00000000       0x24 /opt/devkitpro/devkitARM/bin/../lib/gcc/arm-none-eabi/13.1.0/../../../../arm-none-eabi/lib/thumb/libsysbase.a(libsysbase_libsysbase_a-clocks.o)
 .comment       0x00000000       0x24 /opt/devkitpro/devkitARM/bin/../lib/gcc/arm-none-eabi/13.1.0/../../../../arm-none-eabi/lib/thumb/libsysbase.a(libsysbase_libsysbase_a-clocks.o)
 .text          0x00000000        0x0 /opt/devkitpro/devkitARM/bin/../lib/gcc/arm-none-eabi/13.1.0/thumb/libgcc.a(_muldi3.o)
 .data          0x00000000        0x0 /opt/devkitpro/devkitARM/bin/../lib/gcc/arm-none-eabi/13.1.0/thumb/libgcc.a(_muldi3.o)
 .bss           0x00000000        0x0 /opt/devkitpro/devkitARM/bin/../lib/gcc/arm-none-eabi/13.1.0/thumb/libgcc.a(_muldi3.o)
 .text.__muldi3
                0x00000000       0x64 /opt/devkitpro/devkitARM/bin/../lib/gcc/arm-none-eabi/13.1.0/thumb/libgcc.a(_muldi3.o)
 .comment       0x00000000       0x24 /opt/devkitpro/devkitARM/bin/../lib/gcc/arm-none-eabi/13.1.0/thumb/libgcc.a(_muldi3.o)
 .text          0x00000000        0x0 /opt/devkitpro/devkitARM/bin/../lib/gcc/arm-none-eabi/13.1.0/../../../../arm-none-eabi/lib/thumb/libc.a(libc_a-strchr.o)
 .data          0x00000000        0x0 /opt/devkitpro/devkitARM/bin/../lib/gcc/arm-none-eabi/13.1.0/../../../../arm-none-eabi/lib/thumb/libc.a(libc_a-strchr.o)
 .bss           0x00000000        0x0 /opt/devkitpro/devkitARM/bin/../lib/gcc/arm-none-eabi/13.1.0/../../../../arm-none-eabi/lib/thumb/libc.a(libc_a-strchr.o)
 .text.strchr   0x00000000       0xc8 /opt/devkitpro/devkitARM/bin/../lib/gcc/arm-none-eabi/13.1.0/../../../../arm-none-eabi/lib/thumb/libc.a(libc_a-strchr.o)
 .comment       0x00000000       0x24 /opt/devkitpro/devkitARM/bin/../lib/gcc/arm-none-eabi/13.1.0/../../../../arm-none-eabi/lib/thumb/libc.a(libc_a-strchr.o)
 .text          0x00000000        0x0 /opt/devkitpro/devkitARM/bin/../lib/gcc/arm-none-eabi/13.1.0/../../../../arm-none-eabi/lib/thumb/libc.a(libc_a-malloc.o)
 .data          0x00000000        0x0 /opt/devkitpro/devkitARM/bin/../lib/gcc/arm-none-eabi/13.1.0/../../../../arm-none-eabi/lib/thumb/libc.a(libc_a-malloc.o)
 .bss           0x00000000        0x0 /opt/devkitpro/devkitARM/bin/../lib/gcc/arm-none-eabi/13.1.0/../../../../arm-none-eabi/lib/thumb/libc.a(libc_a-malloc.o)
 .text.malloc   0x00000000       0x14 /opt/devkitpro/devkitARM/bin/../lib/gcc/arm-none-eabi/13.1.0/../../../../arm-none-eabi/lib/thumb/libc.a(libc_a-malloc.o)
 .text.free     0x00000000       0x14 /opt/devkitpro/devkitARM/bin/../lib/gcc/arm-none-eabi/13.1.0/../../../../arm-none-eabi/lib/thumb/libc.a(libc_a-malloc.o)
 .comment       0x00000000       0x24 /opt/devkitpro/devkitARM/bin/../lib/gcc/arm-none-eabi/13.1.0/../../../../arm-none-eabi/lib/thumb/libc.a(libc_a-malloc.o)
 .text          0x00000000        0x0 /opt/devkitpro/devkitARM/bin/../lib/gcc/arm-none-eabi/13.1.0/../../../../arm-none-eabi/lib/thumb/libc.a(libc_a-strlen.o)
 .data          0x00000000        0x0 /opt/devkitpro/devkitARM/bin/../lib/gcc/arm-none-eabi/13.1.0/../../../../arm-none-eabi/lib/thumb/libc.a(libc_a-strlen.o)
 .bss           0x00000000        0x0 /opt/devkitpro/devkitARM/bin/../lib/gcc/arm-none-eabi/13.1.0/../../../../arm-none-eabi/lib/thumb/libc.a(libc_a-strlen.o)
 .text.strlen   0x00000000       0x60 /opt/devkitpro/devkitARM/bin/../lib/gcc/arm-none-eabi/13.1.0/../../../../arm-none-eabi/lib/thumb/libc.a(libc_a-strlen.o)
 .comment       0x00000000       0x24 /opt/devkitpro/devkitARM/bin/../lib/gcc/arm-none-eabi/13.1.0/../../../../arm-none-eabi/lib/thumb/libc.a(libc_a-strlen.o)
 .text          0x00000000        0x0 /opt/devkitpro/devkitARM/bin/../lib/gcc/arm-none-eabi/13.1.0/../../../../arm-none-eabi/lib/thumb/libc.a(libc_a-strncmp.o)
 .data          0x00000000        0x0 /opt/devkitpro/devkitARM/bin/../lib/gcc/arm-none-eabi/13.1.0/../../../../arm-none-eabi/lib/thumb/libc.a(libc_a-strncmp.o)
 .bss           0x00000000        0x0 /opt/devkitpro/devkitARM/bin/../lib/gcc/arm-none-eabi/13.1.0/../../../../arm-none-eabi/lib/thumb/libc.a(libc_a-strncmp.o)
 .text.strncmp  0x00000000       0x78 /opt/devkitpro/devkitARM/bin/../lib/gcc/arm-none-eabi/13.1.0/../../../../arm-none-eabi/lib/thumb/libc.a(libc_a-strncmp.o)
 .comment       0x00000000       0x24 /opt/devkitpro/devkitARM/bin/../lib/gcc/arm-none-eabi/13.1.0/../../../../arm-none-eabi/lib/thumb/libc.a(libc_a-strncmp.o)
 .text          0x00000000      0x224 /opt/devkitpro/devkitARM/bin/../lib/gcc/arm-none-eabi/13.1.0/../../../../arm-none-eabi/lib/thumb/libc.a(libc_a-strcmp.o)
 .data          0x00000000        0x0 /opt/devkitpro/devkitARM/bin/../lib/gcc/arm-none-eabi/13.1.0/../../../../arm-none-eabi/lib/thumb/libc.a(libc_a-strcmp.o)
 .bss           0x00000000        0x0 /opt/devkitpro/devkitARM/bin/../lib/gcc/arm-none-eabi/13.1.0/../../../../arm-none-eabi/lib/thumb/libc.a(libc_a-strcmp.o)
 .text          0x00000000        0x0 /opt/devkitpro/devkitARM/bin/../lib/gcc/arm-none-eabi/13.1.0/thumb/crtend.o
 .data          0x00000000        0x0 /opt/devkitpro/devkitARM/bin/../lib/gcc/arm-none-eabi/13.1.0/thumb/crtend.o
 .bss           0x00000000        0x0 /opt/devkitpro/devkitARM/bin/../lib/gcc/arm-none-eabi/13.1.0/thumb/crtend.o
 .rodata.all_implied_fbits
                0x00000000       0x24 /opt/devkitpro/devkitARM/bin/../lib/gcc/arm-none-eabi/13.1.0/thumb/crtend.o
 .text          0x00000000        0x0 /opt/devkitpro/devkitARM/bin/../lib/gcc/arm-none-eabi/13.1.0/thumb/crtn.o
 .data          0x00000000        0x0 /opt/devkitpro/devkitARM/bin/../lib/gcc/arm-none-eabi/13.1.0/thumb/crtn.o
 .bss           0x00000000        0x0 /opt/devkitpro/devkitARM/bin/../lib/gcc/arm-none-eabi/13.1.0/thumb/crtn.o

Memory Configuration

Name             Origin             Length             Attributes
rom              0x08000000         0x02000000
iwram            0x03000000         0x00008000
ewram            0x02000000         0x00040000
*default*        0x00000000         0xffffffff

Linker script and memory map

                0x08000000                        __text_start = ORIGIN (rom)
                0x02040000                        __eheap_end = (ORIGIN (ewram) + LENGTH (ewram))
                0x03000000                        __iwram_start = ORIGIN (iwram)
                0x03008000                        __iwram_top = (ORIGIN (iwram) + LENGTH (iwram))
                0x03007fa0                        __sp_irq = (__iwram_top - 0x60)
                0x03007f00                        __sp_usr = (__sp_irq - 0xa0)
                0x03007ff8                        __irq_flags = 0x3007ff8
                0x08000000                        . = __text_start

.crt0           0x08000000      0x210
 *(.crt0)
 .crt0          0x08000000      0x210 /opt/devkitpro/devkitARM/bin/../lib/gcc/arm-none-eabi/13.1.0/../../../../arm-none-eabi/lib/thumb/gba_crt0.o
                0x08000000                _start
                0x080000c4                __boot_method
                0x080000c5                __slave_number
                0x080000e0                start_vector
                0x08000210                        . = ALIGN (0x4)

.init           0x08000210        0xc
 *(SORT_NONE(.init))
 .init          0x08000210        0x4 /opt/devkitpro/devkitARM/bin/../lib/gcc/arm-none-eabi/13.1.0/thumb/crti.o
                0x08000210                _init
 .init          0x08000214        0x8 /opt/devkitpro/devkitARM/bin/../lib/gcc/arm-none-eabi/13.1.0/thumb/crtn.o

.plt            0x0800021c        0x0
 *(.plt)
                0x0800021c                        . = ALIGN (0x4)

.text           0x08000220     0x19f0
 *(EXCLUDE_FILE(*.iwram*) .text*)
 .text.__do_global_dtors_aux
                0x08000220       0x2c /opt/devkitpro/devkitARM/bin/../lib/gcc/arm-none-eabi/13.1.0/thumb/crtbegin.o
 .text.frame_dummy
                0x0800024c       0x24 /opt/devkitpro/devkitARM/bin/../lib/gcc/arm-none-eabi/13.1.0/thumb/crtbegin.o
 .text.startup  0x08000270       0x48 hello.o
                0x08000270                main
 .text          0x080002b8      0x15c ../../tonclib/lib/libtonc.a(tte_init_se.o)
                0x080002b8                tte_init_se
 .text          0x08000414      0x9e0 ../../tonclib/lib/libtonc.a(tte_main.o)
                0x08000414                dummy_drawg
                0x08000418                dummy_erase
                0x0800041c                tte_set_context
                0x08000438                tte_set_color_attr
                0x08000448                tte_set_color_attrs
                0x08000464                tte_set_color
                0x08000488                tte_set_colors
                0x080004c4                tte_init_base
                0x08000558                utf8_decode_char
                0x08000608                tte_cmd_skip
                0x0800061c                tte_cmd_next
                0x08000658                tte_putc
                0x080006a8                tte_erase_rect
                0x080006c4                tte_erase_screen
                0x080006e8                tte_erase_line
                0x08000710                tte_cmd_default
                0x08000bcc                tte_write
                0x08000cb8                tte_write_ex
                0x08000ce8                tte_get_text_size
                0x08000dd4                tte_set_margins
 .text          0x08000df4       0x8c ../../tonclib/lib/libtonc.a(tonc_bios.o)
                0x08000df4                SoftReset
                0x08000df8                RegisterRamReset
                0x08000dfc                Halt
                0x08000e00                Stop
                0x08000e04                IntrWait
                0x08000e08                VBlankIntrWait
                0x08000e0c                Div
                0x08000e10                DivArm
                0x08000e14                Sqrt
                0x08000e18                ArcTan
                0x08000e1c                ArcTan2
                0x08000e20                CpuSet
                0x08000e24                CpuFastSet
                0x08000e28                BiosCheckSum
                0x08000e2c                BgAffineSet
                0x08000e30                ObjAffineSet
                0x08000e34                BitUnPack
                0x08000e38                LZ77UnCompWram
                0x08000e3c                LZ77UnCompVram
                0x08000e40                HuffUnComp
                0x08000e44                RLUnCompWram
                0x08000e48                RLUnCompVram
                0x08000e4c                Diff8bitUnFilterWram
                0x08000e50                Diff8bitUnFilterVram
                0x08000e54                Diff16bitUnFilter
                0x08000e58                SoundBias
                0x08000e5c                SoundDriverInit
                0x08000e60                SoundDriverMode
                0x08000e64                SoundDriverMain
                0x08000e68                SoundDriverVSync
                0x08000e6c                SoundChannelClear
                0x08000e70                MidiKey2Freq
                0x08000e74                MultiBoot
                0x08000e78                SoundDriverVSyncOff
                0x08000e7c                SoundDriverVSyncOn
 .text          0x08000e80       0x54 ../../tonclib/lib/libtonc.a(tonc_bios_ex.o)
                0x08000e80                VBlankIntrDelay
                0x08000e90                DivSafe
                0x08000ea4                Mod
                0x08000eac                DivAbs
                0x08000eb4                DivArmMod
                0x08000ebc                DivArmAbs
                0x08000ec4                CpuFastFill
 .text          0x08000ed4      0x138 ../../tonclib/lib/libtonc.a(tonc_surface.o)
                0x08000ed4                srf_init
                0x08000f8c                srf_pal_copy
                0x08000fac                srf_get_ptr
 .text          0x0800100c      0x174 ../../tonclib/lib/libtonc.a(se_drawg.o)
                0x0800100c                se_erase
                0x0800103c                se_drawg_w8h8
                0x08001068                se_drawg_w8h16
                0x080010a4                se_drawg
                0x08001114                se_drawg_s
 .text          0x08001180       0x44 ../../tonclib/lib/libtonc.a(tonc_memcpy.o)
                0x08001180                memcpy16
 .text          0x080011c4      0x4d8 ../../tonclib/lib/libtonc.a(tonc_sbmp16.o)
                0x080011c4                sbmp16_get_pixel
                0x080011d4                sbmp16_plot
                0x080011e8                sbmp16_vline
                0x08001220                sbmp16_line
                0x080012fc                sbmp16_hline
                0x08001328                sbmp16_frame
                0x080013b4                sbmp16_rect
                0x08001414                sbmp16_blit
                0x08001550                sbmp16_floodfill_internal
                0x08001674                sbmp16_floodfill
 .text          0x0800169c       0x3c ../../tonclib/lib/libtonc.a(tonc_memset.o)
                0x0800169c                memset16
 .text          0x080016d8      0x150 /opt/devkitpro/devkitARM/bin/../lib/gcc/arm-none-eabi/13.1.0/thumb/libgcc.a(_divsi3.o)
                0x080016d8                __aeabi_idiv
                0x080016d8                __divsi3
                0x08001808                __aeabi_idivmod
 .text          0x08001828        0x4 /opt/devkitpro/devkitARM/bin/../lib/gcc/arm-none-eabi/13.1.0/thumb/libgcc.a(_dvmd_tls.o)
                0x08001828                __aeabi_ldiv0
                0x08001828                __aeabi_idiv0
 .text.memset   0x0800182c       0xb0 /opt/devkitpro/devkitARM/bin/../lib/gcc/arm-none-eabi/13.1.0/../../../../arm-none-eabi/lib/thumb/libc.a(libc_a-memset.o)
                0x0800182c                memset
 .text._strtol_l.part.0
                0x080018dc      0x13c /opt/devkitpro/devkitARM/bin/../lib/gcc/arm-none-eabi/13.1.0/../../../../arm-none-eabi/lib/thumb/libc.a(libc_a-strtol.o)
 .text.strtol   0x08001a18       0x38 /opt/devkitpro/devkitARM/bin/../lib/gcc/arm-none-eabi/13.1.0/../../../../arm-none-eabi/lib/thumb/libc.a(libc_a-strtol.o)
                0x08001a18                strtol
 .text.__libc_init_array
                0x08001a50       0x54 /opt/devkitpro/devkitARM/bin/../lib/gcc/arm-none-eabi/13.1.0/../../../../arm-none-eabi/lib/thumb/libc.a(libc_a-init.o)
                0x08001a50                __libc_init_array
 .text.__errno  0x08001aa4        0xc /opt/devkitpro/devkitARM/bin/../lib/gcc/arm-none-eabi/13.1.0/../../../../arm-none-eabi/lib/thumb/libc.a(libc_a-errno.o)
                0x08001aa4                __errno
 .text.__getreent
                0x08001ab0       0x20 /opt/devkitpro/devkitARM/bin/../lib/gcc/arm-none-eabi/13.1.0/../../../../arm-none-eabi/lib/thumb/libsysbase.a(libsysbase_libsysbase_a-getreent.o)
                0x08001ab0                __getreent
 .text          0x08001ad0      0x11c /opt/devkitpro/devkitARM/bin/../lib/gcc/arm-none-eabi/13.1.0/thumb/libgcc.a(_udivsi3.o)
                0x08001ad0                __udivsi3
                0x08001ad0                __aeabi_uidiv
                0x08001bcc                __aeabi_uidivmod
 *fill*         0x08001bec        0x4 ff
 .text.__stub   0x08001bf0       0x1c linker stubs
 *(.gnu.linkonce.t.*)
 *(.text.*personality*)
 *(.gnu.warning)
 *(.glue_7t)
 .glue_7t       0x08001c10        0x0 linker stubs
 *(.glue_7)
 .glue_7        0x08001c10        0x0 linker stubs
 *(.vfp11_veneer)
 .vfp11_veneer  0x08001c10        0x0 linker stubs
                0x08001c10                        . = ALIGN (0x4)
                0x08001c10                        __text_end = .

.v4_bx          0x08001c10        0x0
 .v4_bx         0x08001c10        0x0 linker stubs

.iplt           0x08001c10        0x0
 .iplt          0x08001c10        0x0 /opt/devkitpro/devkitARM/bin/../lib/gcc/arm-none-eabi/13.1.0/../../../../arm-none-eabi/lib/thumb/gba_crt0.o

.fini           0x08001c10        0xc
 *(.fini)
 .fini          0x08001c10        0x4 /opt/devkitpro/devkitARM/bin/../lib/gcc/arm-none-eabi/13.1.0/thumb/crti.o
                0x08001c10                _fini
 .fini          0x08001c14        0x8 /opt/devkitpro/devkitARM/bin/../lib/gcc/arm-none-eabi/13.1.0/thumb/crtn.o
                0x08001c1c                        . = ALIGN (0x4)

.rodata         0x08001c1c      0x644
 *(.rodata)
 .rodata        0x08001c1c      0x1f0 ../../tonclib/lib/libtonc.a(tte_main.o)
 .rodata        0x08001e0c      0x318 ../../tonclib/lib/libtonc.a(sys8.o)
                0x08001e0c                sys8Font
                0x08001e24                sys8Glyphs
 .rodata        0x08002124       0x1c ../../tonclib/lib/libtonc.a(tonc_surface.o)
 *all.rodata*(*)
 *(.roda)
 *(.rodata.*)
 .rodata.str1.4
                0x08002140       0x19 hello.o
 *fill*         0x08002159        0x3 ff
 .rodata._ctype_
                0x0800215c      0x101 /opt/devkitpro/devkitARM/bin/../lib/gcc/arm-none-eabi/13.1.0/../../../../arm-none-eabi/lib/thumb/libc.a(libc_a-ctype_.o)
                0x0800215c                _ctype_
 *(.gnu.linkonce.r*)
                0x08002260                        . = ALIGN (0x4)
 *fill*         0x0800225d        0x3 ff

.ARM.extab
 *(.ARM.extab* .gnu.linkonce.armextab.*)
                0x08002260                        __exidx_start = .

.ARM.exidx
 *(.ARM.exidx* .gnu.linkonce.armexidx.*)
                0x08002260                        __exidx_end = .

.ctors          0x08002260        0x0
 *crtbegin.o(.ctors)
 *(EXCLUDE_FILE(*crtend.o) .ctors)
 *(SORT_BY_NAME(.ctors.*))
 *(.ctors)
                0x08002260                        . = ALIGN (0x4)

.dtors          0x08002260        0x0
 *crtbegin.o(.dtors)
 *(EXCLUDE_FILE(*crtend.o) .dtors)
 *(SORT_BY_NAME(.dtors.*))
 *(.dtors)
                0x08002260                        . = ALIGN (0x4)

.eh_frame       0x08002260        0x4
 *(.eh_frame)
 .eh_frame      0x08002260        0x0 /opt/devkitpro/devkitARM/bin/../lib/gcc/arm-none-eabi/13.1.0/thumb/crtbegin.o
 .eh_frame      0x08002260        0x4 /opt/devkitpro/devkitARM/bin/../lib/gcc/arm-none-eabi/13.1.0/thumb/crtend.o
                0x08002264                        . = ALIGN (0x4)

.gcc_except_table
                0x08002264        0x0
 *(.gcc_except_table)
                0x08002264                        . = ALIGN (0x4)
                0x08002264                        __iwram_lma = .

.iwram          0x03000000       0x84 load address 0x08002264
                0x03000000                        __iwram_start__ = ABSOLUTE (.)
 *(.iwram .iwram*)
 .iwram         0x03000000       0x38 ../../tonclib/lib/libtonc.a(tonc_memcpy.o)
                0x03000000                memcpy32
 .iwram         0x03000038       0x4c ../../tonclib/lib/libtonc.a(tonc_memset.o)
                0x03000038                memset32
 *iwram.*(.text* .data*)
                0x03000084                        . = ALIGN (0x4)
                0x03000084                        __iwram_end__ = ABSOLUTE (.)
                0x080022e8                        __data_lma = (__iwram_lma + SIZEOF (.iwram))

.bss            0x03000084      0x1d4
                0x03000084                        __bss_start = ABSOLUTE (.)
                0x03000084                        __bss_start__ = ABSOLUTE (.)
 *(.dynbss)
 *(.gnu.linkonce.b*)
 *(.bss*)
 .bss.completed.1
                0x03000084        0x1 /opt/devkitpro/devkitARM/bin/../lib/gcc/arm-none-eabi/13.1.0/thumb/crtbegin.o
 *fill*         0x03000085        0x3 
 .bss.object.0  0x03000088       0x18 /opt/devkitpro/devkitARM/bin/../lib/gcc/arm-none-eabi/13.1.0/thumb/crtbegin.o
 .bss.fake_heap_end
                0x030000a0        0x4 /opt/devkitpro/devkitARM/bin/../lib/gcc/arm-none-eabi/13.1.0/../../../../arm-none-eabi/lib/thumb/libsysbase.a(libsysbase_libsysbase_a-malloc_vars.o)
                0x030000a0                fake_heap_end
 *fill*         0x030000a4        0x4 
 .bss.__sf      0x030000a8      0x168 /opt/devkitpro/devkitARM/bin/../lib/gcc/arm-none-eabi/13.1.0/../../../../arm-none-eabi/lib/thumb/libc.a(libc_a-findfp.o)
                0x030000a8                __sf
 *(COMMON)
 COMMON         0x03000210       0x48 ../../tonclib/lib/libtonc.a(tte_main.o)
                0x03000210                __tte_main_context
                0x03000258                        . = ALIGN (0x4)
                0x03000258                        __bss_end__ = ABSOLUTE (.)

.data           0x03000258      0x128 load address 0x080022e8
                0x03000258                        __data_start__ = ABSOLUTE (.)
 *(.data*)
 .data          0x03000258        0x4 ../../tonclib/lib/libtonc.a(tte_main.o)
                0x03000258                gp_tte_context
 .data._impure_ptr
                0x0300025c        0x4 /opt/devkitpro/devkitARM/bin/../lib/gcc/arm-none-eabi/13.1.0/../../../../arm-none-eabi/lib/thumb/libc.a(libc_a-impure.o)
                0x0300025c                _impure_ptr
 .data._impure_data
                0x03000260      0x120 /opt/devkitpro/devkitARM/bin/../lib/gcc/arm-none-eabi/13.1.0/../../../../arm-none-eabi/lib/thumb/libc.a(libc_a-impure.o)
                0x03000260                _impure_data
 *(.gnu.linkonce.d*)
                0x03000380                        . = ALIGN (0x4)
                0x08002410                        __preinit_lma = (__data_lma + SIZEOF (.data))

.igot.plt       0x03000380        0x0 load address 0x08002410
 .igot.plt      0x03000380        0x0 /opt/devkitpro/devkitARM/bin/../lib/gcc/arm-none-eabi/13.1.0/../../../../arm-none-eabi/lib/thumb/gba_crt0.o

.preinit_array  0x03000380        0x0 load address 0x08002410
                0x03000380                        __preinit_array_start = ABSOLUTE (.)
 *(.preinit_array)
                0x03000380                        __preinit_array_end = ABSOLUTE (.)
                0x08002410                        __init_lma = (__preinit_lma + SIZEOF (.preinit_array))

.init_array     0x03000380        0x4 load address 0x08002410
                0x03000380                        __init_array_start = ABSOLUTE (.)
 *(SORT_BY_NAME(.init_array.*))
 *(.init_array)
 .init_array    0x03000380        0x4 /opt/devkitpro/devkitARM/bin/../lib/gcc/arm-none-eabi/13.1.0/thumb/crtbegin.o
                0x03000384                        __init_array_end = ABSOLUTE (.)
                0x08002414                        __fini_lma = (__init_lma + SIZEOF (.init_array))

.fini_array     0x03000384        0x4 load address 0x08002414
                0x03000384                        __fini_array_start = ABSOLUTE (.)
 *(SORT_BY_NAME(.fini_array.*))
 *(.fini_array)
 .fini_array    0x03000384        0x4 /opt/devkitpro/devkitARM/bin/../lib/gcc/arm-none-eabi/13.1.0/thumb/crtbegin.o
                0x03000388                        __fini_array_end = ABSOLUTE (.)
                0x08002418                        __jcr_lma = (__fini_lma + SIZEOF (.fini_array))

.jcr
 *(.jcr)
                0x03000388                        __data_end__ = ABSOLUTE (.)
                0x08002418                        __iwram_overlay_lma = (__jcr_lma + SIZEOF (.jcr))
                0x03000388                        __iwram_overlay_start = .

.iwram0         0x03000388        0x0 load address 0x08002418
 *(.iwram0)
                0x03000388                        . = ALIGN (0x4)
                0x08002418                        PROVIDE (__load_start_iwram0 = LOADADDR (.iwram0))
                0x08002418                        PROVIDE (__load_stop_iwram0 = (LOADADDR (.iwram0) + SIZEOF (.iwram0)))

.iwram1         0x03000388        0x0
 *(.iwram1)
                0x03000388                        . = ALIGN (0x4)
                [!provide]                        PROVIDE (__load_start_iwram1 = LOADADDR (.iwram1))
                [!provide]                        PROVIDE (__load_stop_iwram1 = (LOADADDR (.iwram1) + SIZEOF (.iwram1)))

.iwram2         0x03000388        0x0
 *(.iwram2)
                0x03000388                        . = ALIGN (0x4)
                [!provide]                        PROVIDE (__load_start_iwram2 = LOADADDR (.iwram2))
                [!provide]                        PROVIDE (__load_stop_iwram2 = (LOADADDR (.iwram2) + SIZEOF (.iwram2)))

.iwram3         0x03000388        0x0
 *(.iwram3)
                0x03000388                        . = ALIGN (0x4)
                [!provide]                        PROVIDE (__load_start_iwram3 = LOADADDR (.iwram3))
                [!provide]                        PROVIDE (__load_stop_iwram3 = (LOADADDR (.iwram3) + SIZEOF (.iwram3)))

.iwram4         0x03000388        0x0
 *(.iwram4)
                0x03000388                        . = ALIGN (0x4)
                [!provide]                        PROVIDE (__load_start_iwram4 = LOADADDR (.iwram4))
                [!provide]                        PROVIDE (__load_stop_iwram4 = (LOADADDR (.iwram4) + SIZEOF (.iwram4)))

.iwram5         0x03000388        0x0
 *(.iwram5)
                0x03000388                        . = ALIGN (0x4)
                [!provide]                        PROVIDE (__load_start_iwram5 = LOADADDR (.iwram5))
                [!provide]                        PROVIDE (__load_stop_iwram5 = (LOADADDR (.iwram5) + SIZEOF (.iwram5)))

.iwram6         0x03000388        0x0
 *(.iwram6)
                0x03000388                        . = ALIGN (0x4)
                [!provide]                        PROVIDE (__load_start_iwram6 = LOADADDR (.iwram6))
                [!provide]                        PROVIDE (__load_stop_iwram6 = (LOADADDR (.iwram6) + SIZEOF (.iwram6)))

.iwram7         0x03000388        0x0
 *(.iwram7)
                0x03000388                        . = ALIGN (0x4)
                [!provide]                        PROVIDE (__load_start_iwram7 = LOADADDR (.iwram7))
                [!provide]                        PROVIDE (__load_stop_iwram7 = (LOADADDR (.iwram7) + SIZEOF (.iwram7)))

.iwram8         0x03000388        0x0
 *(.iwram8)
                0x03000388                        . = ALIGN (0x4)
                [!provide]                        PROVIDE (__load_start_iwram8 = LOADADDR (.iwram8))
                [!provide]                        PROVIDE (__load_stop_iwram8 = (LOADADDR (.iwram8) + SIZEOF (.iwram8)))

.iwram9         0x03000388        0x0
 *(.iwram9)
                0x03000388                        . = ALIGN (0x4)
                [!provide]                        PROVIDE (__load_start_iwram9 = LOADADDR (.iwram9))
                [!provide]                        PROVIDE (__load_stop_iwram9 = (LOADADDR (.iwram9) + SIZEOF (.iwram9)))
                0x03000388                        __iwram_overlay_end = .
                0x08002418                        __ewram_lma = (__iwram_overlay_lma + (__iwram_overlay_end - __iwram_overlay_start))
                0x03000388                        __iheap_start = .
                0x02000000                        __ewram_start = ORIGIN (ewram)

.ewram          0x02000000        0x0 load address 0x08002418
 *(.ewram*)
                0x02000000                        . = ALIGN (0x4)
                0x02000000                        __ewram_end = ABSOLUTE (.)
                0x08002418                        __pad_lma = (__ewram_lma + SIZEOF (.ewram))

.sbss           0x02000000        0x0
                0x02000000                        __sbss_start__ = ABSOLUTE (.)
 *(.sbss*)
                0x02000000                        . = ALIGN (0x4)
                0x02000000                        __sbss_end__ = ABSOLUTE (.)
                0x02000000                        __end__ = ABSOLUTE (.)
                0x02000000                        __eheap_start = ABSOLUTE (.)

.pad            0x02000000        0x8 load address 0x08002418
                0x02000000        0x4 LONG 0x52416b64
                0x02000004        0x4 LONG 0x4d
                0x02000008                        . = ALIGN (0x4)
                0x08002420                        __rom_end__ = (__pad_lma + SIZEOF (.pad))

.rel.dyn        0x02000008        0x0 load address 0x08002420
 .rel.iplt      0x02000008        0x0 /opt/devkitpro/devkitARM/bin/../lib/gcc/arm-none-eabi/13.1.0/../../../../arm-none-eabi/lib/thumb/gba_crt0.o

.stab
 *(.stab)

.stabstr
 *(.stabstr)

.stab.excl
 *(.stab.excl)

.stab.exclstr
 *(.stab.exclstr)

.stab.index
 *(.stab.index)

.stab.indexstr
 *(.stab.indexstr)

.comment        0x00000000       0x45
 *(.comment)
 .comment       0x00000000       0x23 /opt/devkitpro/devkitARM/bin/../lib/gcc/arm-none-eabi/13.1.0/thumb/crtbegin.o
                                 0x24 (size before relaxing)
 .comment       0x00000023       0x24 hello.o
 .comment       0x00000023       0x22 ../../tonclib/lib/libtonc.a(tte_init_se.o)
                                 0x23 (size before relaxing)
 .comment       0x00000045       0x23 ../../tonclib/lib/libtonc.a(tte_main.o)
 .comment       0x00000045       0x23 ../../tonclib/lib/libtonc.a(tonc_surface.o)
 .comment       0x00000045       0x23 ../../tonclib/lib/libtonc.a(se_drawg.o)
 .comment       0x00000045       0x23 ../../tonclib/lib/libtonc.a(tonc_sbmp16.o)
 .comment       0x00000045       0x24 /opt/devkitpro/devkitARM/bin/../lib/gcc/arm-none-eabi/13.1.0/../../../../arm-none-eabi/lib/thumb/libc.a(libc_a-memset.o)
 .comment       0x00000045       0x24 /opt/devkitpro/devkitARM/bin/../lib/gcc/arm-none-eabi/13.1.0/../../../../arm-none-eabi/lib/thumb/libc.a(libc_a-strtol.o)
 .comment       0x00000045       0x24 /opt/devkitpro/devkitARM/bin/../lib/gcc/arm-none-eabi/13.1.0/../../../../arm-none-eabi/lib/thumb/libc.a(libc_a-init.o)
 .comment       0x00000045       0x24 /opt/devkitpro/devkitARM/bin/../lib/gcc/arm-none-eabi/13.1.0/../../../../arm-none-eabi/lib/thumb/libc.a(libc_a-errno.o)
 .comment       0x00000045       0x24 /opt/devkitpro/devkitARM/bin/../lib/gcc/arm-none-eabi/13.1.0/../../../../arm-none-eabi/lib/thumb/libc.a(libc_a-ctype_.o)
 .comment       0x00000045       0x24 /opt/devkitpro/devkitARM/bin/../lib/gcc/arm-none-eabi/13.1.0/../../../../arm-none-eabi/lib/thumb/libsysbase.a(libsysbase_libsysbase_a-getreent.o)
 .comment       0x00000045       0x24 /opt/devkitpro/devkitARM/bin/../lib/gcc/arm-none-eabi/13.1.0/../../../../arm-none-eabi/lib/thumb/libsysbase.a(libsysbase_libsysbase_a-malloc_vars.o)
 .comment       0x00000045       0x24 /opt/devkitpro/devkitARM/bin/../lib/gcc/arm-none-eabi/13.1.0/../../../../arm-none-eabi/lib/thumb/libc.a(libc_a-impure.o)
 .comment       0x00000045       0x24 /opt/devkitpro/devkitARM/bin/../lib/gcc/arm-none-eabi/13.1.0/../../../../arm-none-eabi/lib/thumb/libc.a(libc_a-findfp.o)
 .comment       0x00000045       0x24 /opt/devkitpro/devkitARM/bin/../lib/gcc/arm-none-eabi/13.1.0/thumb/crtend.o

.debug
 *(.debug)

.line
 *(.line)

.debug_srcinfo
 *(.debug_srcinfo)

.debug_sfnames
 *(.debug_sfnames)

.debug_aranges
 *(.debug_aranges)

.debug_pubnames
 *(.debug_pubnames)

.debug_info
 *(.debug_info)

.debug_abbrev
 *(.debug_abbrev)

.debug_line
 *(.debug_line)

.debug_frame
 *(.debug_frame)

.debug_str
 *(.debug_str)

.debug_loc
 *(.debug_loc)

.debug_macinfo
 *(.debug_macinfo)

.debug_weaknames
 *(.debug_weaknames)

.debug_funcnames
 *(.debug_funcnames)

.debug_typenames
 *(.debug_typenames)

.debug_varnames
 *(.debug_varnames)

.stack          0x00080000        0x0
                0x00080000                        _stack = .
 *(.stack)

.note.gnu.arm.ident
 *(.note.gnu.arm.ident)

.ARM.attributes
                0x00000000       0x2e
 *(.ARM.attributes)
 .ARM.attributes
                0x00000000       0x20 /opt/devkitpro/devkitARM/bin/../lib/gcc/arm-none-eabi/13.1.0/../../../../arm-none-eabi/lib/thumb/gba_crt0.o
 .ARM.attributes
                0x00000020       0x1c /opt/devkitpro/devkitARM/bin/../lib/gcc/arm-none-eabi/13.1.0/thumb/crti.o
 .ARM.attributes
                0x0000003c       0x2a /opt/devkitpro/devkitARM/bin/../lib/gcc/arm-none-eabi/13.1.0/thumb/crtbegin.o
 .ARM.attributes
                0x00000066       0x2a hello.o
 .ARM.attributes
                0x00000090       0x32 ../../tonclib/lib/libtonc.a(tte_init_se.o)
 .ARM.attributes
                0x000000c2       0x32 ../../tonclib/lib/libtonc.a(tte_main.o)
 .ARM.attributes
                0x000000f4       0x16 ../../tonclib/lib/libtonc.a(tonc_bios.o)
 .ARM.attributes
                0x0000010a       0x16 ../../tonclib/lib/libtonc.a(tonc_bios_ex.o)
 .ARM.attributes
                0x00000120       0x16 ../../tonclib/lib/libtonc.a(sys8.o)
 .ARM.attributes
                0x00000136       0x32 ../../tonclib/lib/libtonc.a(tonc_surface.o)
 .ARM.attributes
                0x00000168       0x32 ../../tonclib/lib/libtonc.a(se_drawg.o)
 .ARM.attributes
                0x0000019a       0x18 ../../tonclib/lib/libtonc.a(tonc_memcpy.o)
 .ARM.attributes
                0x000001b2       0x32 ../../tonclib/lib/libtonc.a(tonc_sbmp16.o)
 .ARM.attributes
                0x000001e4       0x18 ../../tonclib/lib/libtonc.a(tonc_memset.o)
 .ARM.attributes
                0x000001fc       0x1c /opt/devkitpro/devkitARM/bin/../lib/gcc/arm-none-eabi/13.1.0/thumb/libgcc.a(_divsi3.o)
 .ARM.attributes
                0x00000218       0x1c /opt/devkitpro/devkitARM/bin/../lib/gcc/arm-none-eabi/13.1.0/thumb/libgcc.a(_dvmd_tls.o)
 .ARM.attributes
                0x00000234       0x2a /opt/devkitpro/devkitARM/bin/../lib/gcc/arm-none-eabi/13.1.0/../../../../arm-none-eabi/lib/thumb/libc.a(libc_a-memset.o)
 .ARM.attributes
                0x0000025e       0x2a /opt/devkitpro/devkitARM/bin/../lib/gcc/arm-none-eabi/13.1.0/../../../../arm-none-eabi/lib/thumb/libc.a(libc_a-strtol.o)
 .ARM.attributes
                0x00000288       0x2a /opt/devkitpro/devkitARM/bin/../lib/gcc/arm-none-eabi/13.1.0/../../../../arm-none-eabi/lib/thumb/libc.a(libc_a-init.o)
 .ARM.attributes
                0x000002b2       0x2a /opt/devkitpro/devkitARM/bin/../lib/gcc/arm-none-eabi/13.1.0/../../../../arm-none-eabi/lib/thumb/libc.a(libc_a-errno.o)
 .ARM.attributes
                0x000002dc       0x2a /opt/devkitpro/devkitARM/bin/../lib/gcc/arm-none-eabi/13.1.0/../../../../arm-none-eabi/lib/thumb/libc.a(libc_a-ctype_.o)
 .ARM.attributes
                0x00000306       0x2a /opt/devkitpro/devkitARM/bin/../lib/gcc/arm-none-eabi/13.1.0/../../../../arm-none-eabi/lib/thumb/libsysbase.a(libsysbase_libsysbase_a-getreent.o)
 .ARM.attributes
                0x00000330       0x2a /opt/devkitpro/devkitARM/bin/../lib/gcc/arm-none-eabi/13.1.0/../../../../arm-none-eabi/lib/thumb/libsysbase.a(libsysbase_libsysbase_a-malloc_vars.o)
 .ARM.attributes
                0x0000035a       0x1c /opt/devkitpro/devkitARM/bin/../lib/gcc/arm-none-eabi/13.1.0/thumb/libgcc.a(_udivsi3.o)
 .ARM.attributes
                0x00000376       0x2a /opt/devkitpro/devkitARM/bin/../lib/gcc/arm-none-eabi/13.1.0/../../../../arm-none-eabi/lib/thumb/libc.a(libc_a-impure.o)
 .ARM.attributes
                0x000003a0       0x2a /opt/devkitpro/devkitARM/bin/../lib/gcc/arm-none-eabi/13.1.0/../../../../arm-none-eabi/lib/thumb/libc.a(libc_a-findfp.o)
 .ARM.attributes
                0x000003ca       0x2a /opt/devkitpro/devkitARM/bin/../lib/gcc/arm-none-eabi/13.1.0/../../../../arm-none-eabi/lib/thumb/libc.a(libc_a-stdio.o)
 .ARM.attributes
                0x000003f4       0x2a /opt/devkitpro/devkitARM/bin/../lib/gcc/arm-none-eabi/13.1.0/../../../../arm-none-eabi/lib/thumb/libc.a(libc_a-fclose.o)
 .ARM.attributes
                0x0000041e       0x2a /opt/devkitpro/devkitARM/bin/../lib/gcc/arm-none-eabi/13.1.0/../../../../arm-none-eabi/lib/thumb/libc.a(libc_a-mallocr.o)
 .ARM.attributes
                0x00000448       0x2a /opt/devkitpro/devkitARM/bin/../lib/gcc/arm-none-eabi/13.1.0/../../../../arm-none-eabi/lib/thumb/libc.a(libc_a-mlock.o)
 .ARM.attributes
                0x00000472       0x2a /opt/devkitpro/devkitARM/bin/../lib/gcc/arm-none-eabi/13.1.0/../../../../arm-none-eabi/lib/thumb/libc.a(libc_a-fflush.o)
 .ARM.attributes
                0x0000049c       0x2a /opt/devkitpro/devkitARM/bin/../lib/gcc/arm-none-eabi/13.1.0/../../../../arm-none-eabi/lib/thumb/libc.a(libc_a-fwalk.o)
 .ARM.attributes
                0x000004c6       0x2a /opt/devkitpro/devkitARM/bin/../lib/gcc/arm-none-eabi/13.1.0/../../../../arm-none-eabi/lib/thumb/libc.a(libc_a-freer.o)
 .ARM.attributes
                0x000004f0       0x2a /opt/devkitpro/devkitARM/bin/../lib/gcc/arm-none-eabi/13.1.0/../../../../arm-none-eabi/lib/thumb/libsysbase.a(libsysbase_libsysbase_a-handle_manager.o)
 .ARM.attributes
                0x0000051a       0x2a /opt/devkitpro/devkitARM/bin/../lib/gcc/arm-none-eabi/13.1.0/../../../../arm-none-eabi/lib/thumb/libsysbase.a(libsysbase_libsysbase_a-iosupport.o)
 .ARM.attributes
                0x00000544       0x2a /opt/devkitpro/devkitARM/bin/../lib/gcc/arm-none-eabi/13.1.0/../../../../arm-none-eabi/lib/thumb/libsysbase.a(libsysbase_libsysbase_a-lseek.o)
 .ARM.attributes
                0x0000056e       0x2a /opt/devkitpro/devkitARM/bin/../lib/gcc/arm-none-eabi/13.1.0/../../../../arm-none-eabi/lib/thumb/libsysbase.a(libsysbase_libsysbase_a-read.o)
 .ARM.attributes
                0x00000598       0x2a /opt/devkitpro/devkitARM/bin/../lib/gcc/arm-none-eabi/13.1.0/../../../../arm-none-eabi/lib/thumb/libsysbase.a(libsysbase_libsysbase_a-sbrk.o)
 .ARM.attributes
                0x000005c2       0x2a /opt/devkitpro/devkitARM/bin/../lib/gcc/arm-none-eabi/13.1.0/../../../../arm-none-eabi/lib/thumb/libsysbase.a(libsysbase_libsysbase_a-syscall_support.o)
 .ARM.attributes
                0x000005ec       0x2a /opt/devkitpro/devkitARM/bin/../lib/gcc/arm-none-eabi/13.1.0/../../../../arm-none-eabi/lib/thumb/libsysbase.a(libsysbase_libsysbase_a-write.o)
 .ARM.attributes
                0x00000616       0x2a /opt/devkitpro/devkitARM/bin/../lib/gcc/arm-none-eabi/13.1.0/../../../../arm-none-eabi/lib/thumb/libsysbase.a(libsysbase_libsysbase_a-clocks.o)
 .ARM.attributes
                0x00000640       0x2a /opt/devkitpro/devkitARM/bin/../lib/gcc/arm-none-eabi/13.1.0/thumb/libgcc.a(_muldi3.o)
 .ARM.attributes
                0x0000066a       0x2a /opt/devkitpro/devkitARM/bin/../lib/gcc/arm-none-eabi/13.1.0/../../../../arm-none-eabi/lib/thumb/libc.a(libc_a-strchr.o)
 .ARM.attributes
                0x00000694       0x2a /opt/devkitpro/devkitARM/bin/../lib/gcc/arm-none-eabi/13.1.0/../../../../arm-none-eabi/lib/thumb/libc.a(libc_a-malloc.o)
 .ARM.attributes
                0x000006be       0x2a /opt/devkitpro/devkitARM/bin/../lib/gcc/arm-none-eabi/13.1.0/../../../../arm-none-eabi/lib/thumb/libc.a(libc_a-strlen.o)
 .ARM.attributes
                0x000006e8       0x2a /opt/devkitpro/devkitARM/bin/../lib/gcc/arm-none-eabi/13.1.0/../../../../arm-none-eabi/lib/thumb/libc.a(libc_a-strncmp.o)
 .ARM.attributes
                0x00000712       0x1a /opt/devkitpro/devkitARM/bin/../lib/gcc/arm-none-eabi/13.1.0/../../../../arm-none-eabi/lib/thumb/libc.a(libc_a-strcmp.o)
 .ARM.attributes
                0x0000072c       0x2a /opt/devkitpro/devkitARM/bin/../lib/gcc/arm-none-eabi/13.1.0/thumb/crtend.o
 .ARM.attributes
                0x00000756       0x1c /opt/devkitpro/devkitARM/bin/../lib/gcc/arm-none-eabi/13.1.0/thumb/crtn.o

/DISCARD/
 *(.note.GNU-stack)
LOAD /opt/devkitpro/devkitARM/bin/../lib/gcc/arm-none-eabi/13.1.0/../../../../arm-none-eabi/lib/thumb/gba_crt0.o
LOAD /opt/devkitpro/devkitARM/bin/../lib/gcc/arm-none-eabi/13.1.0/thumb/crti.o
LOAD /opt/devkitpro/devkitARM/bin/../lib/gcc/arm-none-eabi/13.1.0/thumb/crtbegin.o
LOAD hello.o
LOAD ../../tonclib/lib/libtonc.a
START GROUP
LOAD /opt/devkitpro/devkitARM/bin/../lib/gcc/arm-none-eabi/13.1.0/thumb/libgcc.a
LOAD /opt/devkitpro/devkitARM/bin/../lib/gcc/arm-none-eabi/13.1.0/../../../../arm-none-eabi/lib/thumb/libc.a
LOAD /opt/devkitpro/devkitARM/bin/../lib/gcc/arm-none-eabi/13.1.0/../../../../arm-none-eabi/lib/thumb/libsysbase.a
END GROUP
LOAD /opt/devkitpro/devkitARM/bin/../lib/gcc/arm-none-eabi/13.1.0/thumb/crtend.o
LOAD /opt/devkitpro/devkitARM/bin/../lib/gcc/arm-none-eabi/13.1.0/thumb/crtn.o
OUTPUT(hello.elf elf32-littlearm)
LOAD linker stubs
